Archive member included to satisfy reference by file (symbol)

app/libapp.a(main.c.obj)      (--whole-archive)
app/libapp.a(hx711_driver.c.obj)
                              (--whole-archive)
app/libapp.a(hx711_advanced.c.obj)
                              (--whole-archive)
app/libapp.a(hx711_demo.c.obj)
                              (--whole-archive)
zephyr/libzephyr.a(heap.c.obj)
                              (--whole-archive)
zephyr/libzephyr.a(cbprintf_packaged.c.obj)
                              (--whole-archive)
zephyr/libzephyr.a(printk.c.obj)
                              (--whole-archive)
zephyr/libzephyr.a(sem.c.obj)
                              (--whole-archive)
zephyr/libzephyr.a(thread_entry.c.obj)
                              (--whole-archive)
zephyr/libzephyr.a(cbprintf_complete.c.obj)
                              (--whole-archive)
zephyr/libzephyr.a(cbprintf.c.obj)
                              (--whole-archive)
zephyr/libzephyr.a(assert.c.obj)
                              (--whole-archive)
zephyr/libzephyr.a(mpsc_pbuf.c.obj)
                              (--whole-archive)
zephyr/libzephyr.a(dec.c.obj)
                              (--whole-archive)
zephyr/libzephyr.a(hex.c.obj)
                              (--whole-archive)
zephyr/libzephyr.a(rb.c.obj)  (--whole-archive)
zephyr/libzephyr.a(timeutil.c.obj)
                              (--whole-archive)
zephyr/libzephyr.a(bitarray.c.obj)
                              (--whole-archive)
zephyr/libzephyr.a(onoff.c.obj)
                              (--whole-archive)
zephyr/libzephyr.a(notify.c.obj)
                              (--whole-archive)
zephyr/libzephyr.a(configs.c.obj)
                              (--whole-archive)
zephyr/libzephyr.a(log_core.c.obj)
                              (--whole-archive)
zephyr/libzephyr.a(log_mgmt.c.obj)
                              (--whole-archive)
zephyr/libzephyr.a(log_cache.c.obj)
                              (--whole-archive)
zephyr/libzephyr.a(log_msg.c.obj)
                              (--whole-archive)
zephyr/libzephyr.a(log_output.c.obj)
                              (--whole-archive)
zephyr/libzephyr.a(log_backend_rtt.c.obj)
                              (--whole-archive)
zephyr/libzephyr.a(mem_attr.c.obj)
                              (--whole-archive)
zephyr/libzephyr.a(device.c.obj)
                              (--whole-archive)
zephyr/libzephyr.a(device_system_managed.c.obj)
                              (--whole-archive)
zephyr/libzephyr.a(tracing_none.c.obj)
                              (--whole-archive)
zephyr/libzephyr.a(banner.c.obj)
                              (--whole-archive)
zephyr/libzephyr.a(flash_map_partition_manager.c.obj)
                              (--whole-archive)
zephyr/libzephyr.a(nrf_cc3xx_platform_abort_zephyr.c.obj)
                              (--whole-archive)
zephyr/libzephyr.a(nrf_cc3xx_platform_mutex_zephyr.c.obj)
                              (--whole-archive)
zephyr/arch/common/libarch__common.a(sw_isr_common.c.obj)
                              (--whole-archive)
zephyr/arch/arch/arm/core/libarch__arm__core.a(fatal.c.obj)
                              (--whole-archive)
zephyr/arch/arch/arm/core/libarch__arm__core.a(nmi.c.obj)
                              (--whole-archive)
zephyr/arch/arch/arm/core/libarch__arm__core.a(nmi_on_reset.S.obj)
                              (--whole-archive)
zephyr/arch/arch/arm/core/cortex_m/libarch__arm__core__cortex_m.a(exc_exit.c.obj)
                              (--whole-archive)
zephyr/arch/arch/arm/core/cortex_m/libarch__arm__core__cortex_m.a(fault.c.obj)
                              (--whole-archive)
zephyr/arch/arch/arm/core/cortex_m/libarch__arm__core__cortex_m.a(fault_s.S.obj)
                              (--whole-archive)
zephyr/arch/arch/arm/core/cortex_m/libarch__arm__core__cortex_m.a(fpu.c.obj)
                              (--whole-archive)
zephyr/arch/arch/arm/core/cortex_m/libarch__arm__core__cortex_m.a(reset.S.obj)
                              (--whole-archive)
zephyr/arch/arch/arm/core/cortex_m/libarch__arm__core__cortex_m.a(scb.c.obj)
                              (--whole-archive)
zephyr/arch/arch/arm/core/cortex_m/libarch__arm__core__cortex_m.a(thread_abort.c.obj)
                              (--whole-archive)
zephyr/arch/arch/arm/core/cortex_m/libarch__arm__core__cortex_m.a(vector_table.S.obj)
                              (--whole-archive)
zephyr/arch/arch/arm/core/cortex_m/libarch__arm__core__cortex_m.a(swap.c.obj)
                              (--whole-archive)
zephyr/arch/arch/arm/core/cortex_m/libarch__arm__core__cortex_m.a(swap_helper.S.obj)
                              (--whole-archive)
zephyr/arch/arch/arm/core/cortex_m/libarch__arm__core__cortex_m.a(irq_manage.c.obj)
                              (--whole-archive)
zephyr/arch/arch/arm/core/cortex_m/libarch__arm__core__cortex_m.a(prep_c.c.obj)
                              (--whole-archive)
[...]
Memory Configuration

Name             Origin             Length             Attributes
FLASH            0x0000000000000000 0x0000000000100000 xr
RAM              0x0000000020000000 0x0000000000040000 xw
IDT_LIST         0x00000000ffff7fff 0x0000000000008000 xw
*default*        0x0000000000000000 0xffffffffffffffff

Linker script and memory map

LOAD zephyr/CMakeFiles/zephyr_final.dir/misc/empty_file.c.obj
LOAD zephyr/CMakeFiles/zephyr_final.dir/isr_tables.c.obj
LOAD zephyr/CMakeFiles/offsets.dir/./arch/arm/core/offsets/offsets.c.obj
LOAD app/libapp.a
LOAD zephyr/libzephyr.a
LOAD zephyr/arch/common/libarch__common.a
LOAD zephyr/arch/arch/arm/core/libarch__arm__core.a
LOAD zephyr/arch/arch/arm/core/cortex_m/libarch__arm__core__cortex_m.a
LOAD zephyr/arch/arch/arm/core/mpu/libarch__arm__core__mpu.a
LOAD zephyr/lib/libc/newlib/liblib__libc__newlib.a
LOAD zephyr/lib/libc/common/liblib__libc__common.a
LOAD zephyr/soc/soc/nrf52840/libsoc__nordic.a
LOAD zephyr/drivers/clock_control/libdrivers__clock_control.a
LOAD zephyr/drivers/gpio/libdrivers__gpio.a
LOAD zephyr/drivers/sensor/nordic/temp/libdrivers__sensor__nordic__temp.a
LOAD zephyr/drivers/timer/libdrivers__timer.a
LOAD modules/nrf/drivers/hw_cc3xx/lib..__nrf__drivers__hw_cc3xx.a
LOAD modules/hal_nordic/nrfx/libmodules__hal_nordic__nrfx.a
LOAD modules/segger/libmodules__segger.a
LOAD zephyr/kernel/libkernel.a
LOAD zephyr/arch/common/libisr_tables.a
LOAD C:/ncs/v2.9.0/nrfxlib/crypto/nrf_cc310_platform/lib/cortex-m4/hard-float/no-interrupts/libnrf_cc310_platform_0.9.19.a
LOAD C:/ncs/toolchains/0b393f9e1b/opt/zephyr-sdk/arm-zephyr-eabi/arm-zephyr-eabi/lib/thumb/v7e-m+fp/hard\libc_nano.a
LOAD C:/ncs/toolchains/0b393f9e1b/opt/zephyr-sdk/arm-zephyr-eabi/arm-zephyr-eabi/lib/thumb/v7e-m+fp/hard\libm_nano.a
LOAD C:/ncs/toolchains/0b393f9e1b/opt/zephyr-sdk/arm-zephyr-eabi/arm-zephyr-eabi/lib/thumb/v7e-m+fp/hard\libc_nano.a
LOAD c:/ncs/toolchains/0b393f9e1b/opt/zephyr-sdk/arm-zephyr-eabi/bin/../lib/gcc/arm-zephyr-eabi/12.2.0/thumb/v7e-m+fp/hard\libgcc.a
LOAD C:/ncs/toolchains/0b393f9e1b/opt/zephyr-sdk/arm-zephyr-eabi/arm-zephyr-eabi/lib/thumb/v7e-m+fp/hard\libc_nano.a
                0x0000000000000020                _region_min_align = 0x20

.rel.plt        0x0000000000000000        0x0
 *(SORT_BY_ALIGNMENT(.rel.plt))
                [!provide]                        PROVIDE (__rel_iplt_start = .)
 *(SORT_BY_ALIGNMENT(.rel.iplt))
 .rel.iplt      0x0000000000000000        0x0 zephyr/CMakeFiles/zephyr_final.dir/isr_tables.c.obj
                [!provide]                        PROVIDE (__rel_iplt_end = .)

.rela.plt       0x0000000000000000        0x0
 *(SORT_BY_ALIGNMENT(.rela.plt))
                [!provide]                        PROVIDE (__rela_iplt_start = .)
 *(SORT_BY_ALIGNMENT(.rela.iplt))
                [!provide]                        PROVIDE (__rela_iplt_end = .)

.rel.dyn
 *(SORT_BY_ALIGNMENT(.rel.*))

.rela.dyn
 *(SORT_BY_ALIGNMENT(.rela.*))

/DISCARD/
 *(SORT_BY_ALIGNMENT(.plt))

/DISCARD/
 *(SORT_BY_ALIGNMENT(.iplt))
                0x0000000000000000                __rom_region_start = 0x0

rom_start       0x0000000000000000      0x100
                0x0000000000000000                __rom_start_address = .
 FILL mask 0x00
                0x0000000000000000                . = (. + (0x0 - (. - __rom_start_address)))
                0x0000000000000000                . = ALIGN (0x4)
                0x0000000000000000                . = ALIGN (0x80)
                0x0000000000000000                . = ALIGN (0x100)
                0x0000000000000000                _vector_start = .
 *(SORT_BY_ALIGNMENT(.exc_vector_table))
 *(SORT_BY_ALIGNMENT(.exc_vector_table.*))
 .exc_vector_table._vector_table_section
                0x0000000000000000       0x40 zephyr/arch/arch/arm/core/cortex_m/libarch__arm__core__cortex_m.a(vector_table.S.obj)
                0x0000000000000000                _vector_table
 *(SORT_BY_ALIGNMENT(.vectors))
                0x0000000000000100                _vector_end = .
                0x0000000000000040                . = ALIGN (0x4)
 *(SORT_BY_ALIGNMENT(.gnu.linkonce.irq_vector_table*))
 .gnu.linkonce.irq_vector_table
                0x0000000000000040       0xc0 zephyr/CMakeFiles/zephyr_final.dir/isr_tables.c.obj
                0x0000000000000040                _irq_vector_table
                0x0000000000000100                _vector_end = .

text            0x0000000000000100     0xca84
                0x0000000000000100                __text_region_start = .
 *(SORT_BY_ALIGNMENT(.text))
 .text          0x0000000000000100       0xa0 C:/ncs/toolchains/0b393f9e1b/opt/zephyr-sdk/arm-zephyr-eabi/arm-zephyr-eabi/lib/thumb/v7e-m+fp/hard\libc_nano.a(lib_a-memchr.o)
                0x0000000000000100                memchr
 .text          0x00000000000001a0      0x378 c:/ncs/toolchains/0b393f9e1b/opt/zephyr-sdk/arm-zephyr-eabi/bin/../lib/gcc/arm-zephyr-eabi/12.2.0/thumb/v7e-m+fp/hard\libgcc.a(_arm_addsubdf3.o)
                0x00000000000001a0                __aeabi_drsub
                0x00000000000001a8                __aeabi_dsub
                0x00000000000001a8                __subdf3
                0x00000000000001ac                __aeabi_dadd
                0x00000000000001ac                __adddf3
                0x0000000000000424                __floatunsidf
                0x0000000000000424                __aeabi_ui2d
                0x0000000000000444                __floatsidf
                0x0000000000000444                __aeabi_i2d
                0x0000000000000468                __aeabi_f2d
                0x0000000000000468                __extendsfdf2
                0x00000000000004ac                __floatundidf
                0x00000000000004ac                __aeabi_ul2d
                0x00000000000004bc                __floatdidf
                0x00000000000004bc                __aeabi_l2d
 .text          0x0000000000000518      0x424 c:/ncs/toolchains/0b393f9e1b/opt/zephyr-sdk/arm-zephyr-eabi/bin/../lib/gcc/arm-zephyr-eabi/12.2.0/thumb/v7e-m+fp/hard\libgcc.a(_arm_muldivdf3.o)
                0x0000000000000518                __aeabi_dmul
                0x0000000000000518                __muldf3
                0x000000000000076c                __divdf3
                0x000000000000076c                __aeabi_ddiv
 .text          0x000000000000093c      0x110 c:/ncs/toolchains/0b393f9e1b/opt/zephyr-sdk/arm-zephyr-eabi/bin/../lib/gcc/arm-zephyr-eabi/12.2.0/thumb/v7e-m+fp/hard\libgcc.a(_arm_cmpdf2.o)
                0x000000000000093c                __gtdf2
                0x000000000000093c                __gedf2
                0x0000000000000944                __ltdf2
                0x0000000000000944                __ledf2
                0x000000000000094c                __nedf2
                0x000000000000094c                __eqdf2
                0x000000000000094c                __cmpdf2
                0x00000000000009c8                __aeabi_cdrcmple
                0x00000000000009d8                __aeabi_cdcmpeq
                0x00000000000009d8                __aeabi_cdcmple
                0x00000000000009e8                __aeabi_dcmpeq
                0x00000000000009fc                __aeabi_dcmplt
                0x0000000000000a10                __aeabi_dcmple
                0x0000000000000a24                __aeabi_dcmpge
                0x0000000000000a38                __aeabi_dcmpgt
 .text          0x0000000000000a4c       0x2c c:/ncs/toolchains/0b393f9e1b/opt/zephyr-sdk/arm-zephyr-eabi/bin/../lib/gcc/arm-zephyr-eabi/12.2.0/thumb/v7e-m+fp/hard\libgcc.a(_arm_unorddf2.o)
                0x0000000000000a4c                __unorddf2
                0x0000000000000a4c                __aeabi_dcmpun
 .text          0x0000000000000a78       0x50 c:/ncs/toolchains/0b393f9e1b/opt/zephyr-sdk/arm-zephyr-eabi/bin/../lib/gcc/arm-zephyr-eabi/12.2.0/thumb/v7e-m+fp/hard\libgcc.a(_arm_fixdfsi.o)
                0x0000000000000a78                __aeabi_d2iz
                0x0000000000000a78                __fixdfsi
 .text          0x0000000000000ac8       0x30 c:/ncs/toolchains/0b393f9e1b/opt/zephyr-sdk/arm-zephyr-eabi/bin/../lib/gcc/arm-zephyr-eabi/12.2.0/thumb/v7e-m+fp/hard\libgcc.a(_aeabi_uldivmod.o)
                0x0000000000000ac8                __aeabi_uldivmod
 .text          0x0000000000000af8        0x4 c:/ncs/toolchains/0b393f9e1b/opt/zephyr-sdk/arm-zephyr-eabi/bin/../lib/gcc/arm-zephyr-eabi/12.2.0/thumb/v7e-m+fp/hard\libgcc.a(_dvmd_tls.o)
                0x0000000000000af8                __aeabi_idiv0
                0x0000000000000af8                __aeabi_ldiv0
 .text          0x0000000000000afc       0x10 C:/ncs/toolchains/0b393f9e1b/opt/zephyr-sdk/arm-zephyr-eabi/arm-zephyr-eabi/lib/thumb/v7e-m+fp/hard\libc_nano.a(lib_a-strlen.o)
                0x0000000000000afc                strlen
 .text          0x0000000000000b0c      0x2a0 c:/ncs/toolchains/0b393f9e1b/opt/zephyr-sdk/arm-zephyr-eabi/bin/../lib/gcc/arm-zephyr-eabi/12.2.0/thumb/v7e-m+fp/hard\libgcc.a(_udivmoddi4.o)
                0x0000000000000b0c                __udivmoddi4
 *(SORT_BY_ALIGNMENT(.text.*))
 *fill*         0x0000000000000dac        0x4 
 .text.run_comprehensive_calibration
                0x0000000000000db0      0x510 app/libapp.a(main.c.obj)
                0x0000000000000db0                run_comprehensive_calibration
 .text.z_cbvprintf_impl
                0x00000000000012c0      0xd1c zephyr/libzephyr.a(cbprintf_complete.c.obj)
                0x00000000000012c0                z_cbvprintf_impl
 *fill*         0x0000000000001fdc        0x4 
 .text._dtoa_r  0x0000000000001fe0      0xc58 C:/ncs/toolchains/0b393f9e1b/opt/zephyr-sdk/arm-zephyr-eabi/arm-zephyr-eabi/lib/thumb/v7e-m+fp/hard\libc_nano.a(lib_a-dtoa.o)
                0x0000000000001fe0                _dtoa_r
 .text.print_sensor_calibration_status.part.0
                0x0000000000002c38      0x130 app/libapp.a(main.c.obj)
 .text.gpio_pin_get.constprop.0
                0x0000000000002d68       0x30 app/libapp.a(main.c.obj)
 .text.gpio_pin_set.constprop.0.isra.0
                0x0000000000002d98       0x2c app/libapp.a(main.c.obj)
 .text.test_hardware_connections.part.0
                0x0000000000002dc4      0x1a8 app/libapp.a(main.c.obj)
 .text.test_hardware_connections
                0x0000000000002f6c       0x3c app/libapp.a(main.c.obj)
                0x0000000000002f6c                test_hardware_connections
 .text.test_individual_sensors
                0x0000000000002fa8      0x1d0 app/libapp.a(main.c.obj)
                0x0000000000002fa8                test_individual_sensors
 .text.print_weight_measurements
                0x0000000000003178      0x184 app/libapp.a(main.c.obj)
                0x0000000000003178                print_weight_measurements
 .text.main     0x00000000000032fc      0x274 app/libapp.a(main.c.obj)
                0x00000000000032fc                main
 .text.hx711_init
                0x0000000000003570       0x70 app/libapp.a(hx711_driver.c.obj)
                0x0000000000003570                hx711_init
 .text.hx711_set_rate
                0x00000000000035e0       0x14 app/libapp.a(hx711_driver.c.obj)
                0x00000000000035e0                hx711_set_rate
 .text.read_raw_float
                0x00000000000035f4       0x24 app/libapp.a(hx711_advanced.c.obj)
 .text.hx711_read_average
                0x0000000000003618       0x48 app/libapp.a(hx711_advanced.c.obj)
                0x0000000000003618                hx711_read_average
 .text.hx711_read_medavg
                0x0000000000003660       0x84 app/libapp.a(hx711_advanced.c.obj)
                0x0000000000003660                hx711_read_medavg
 .text.hx711_read_runavg
                0x00000000000036e4       0x74 app/libapp.a(hx711_advanced.c.obj)
                0x00000000000036e4                hx711_read_runavg
 .text.hx711_tare
                0x0000000000003758       0x2c app/libapp.a(hx711_advanced.c.obj)
                0x0000000000003758                hx711_tare
 .text.hx711_reset_advanced
                0x0000000000003784       0x30 app/libapp.a(hx711_advanced.c.obj)
                0x0000000000003784                hx711_reset_advanced
 .text.demo_initialize_sensors
                0x00000000000037b4       0xb0 app/libapp.a(hx711_demo.c.obj)
                0x00000000000037b4                demo_initialize_sensors
 .text.demo_basic_reading
                0x0000000000003864      0x12c app/libapp.a(hx711_demo.c.obj)
                0x0000000000003864                demo_basic_reading
 .text.demo_reading_modes
                0x0000000000003990      0x114 app/libapp.a(hx711_demo.c.obj)
                0x0000000000003990                demo_reading_modes
 .text.demo_calibration_process
                0x0000000000003aa4      0x164 app/libapp.a(hx711_demo.c.obj)
                0x0000000000003aa4                demo_calibration_process
 .text.demo_advanced_features
                0x0000000000003c08      0x13c app/libapp.a(hx711_demo.c.obj)
                0x0000000000003c08                demo_advanced_features
 .text.demo_continuous_monitoring
                0x0000000000003d44      0x114 app/libapp.a(hx711_demo.c.obj)
                0x0000000000003d44                demo_continuous_monitoring
 .text.print_sensor_status
                0x0000000000003e58       0xc0 app/libapp.a(hx711_demo.c.obj)
                0x0000000000003e58                print_sensor_status
 .text.demo_tare_functionality
                0x0000000000003f18      0x114 app/libapp.a(hx711_demo.c.obj)
                0x0000000000003f18                demo_tare_functionality
 .text.run_hx711_advanced_demo
                0x000000000000402c       0x90 app/libapp.a(hx711_demo.c.obj)
                0x000000000000402c                run_hx711_advanced_demo
 .text.cbvprintf_package
                0x00000000000040bc      0x3a4 zephyr/libzephyr.a(cbprintf_packaged.c.obj)
                0x00000000000040bc                cbvprintf_package
 .text.cbprintf_package_convert
                0x0000000000004460      0x3c0 zephyr/libzephyr.a(cbprintf_packaged.c.obj)
                0x0000000000004460                cbprintf_package_convert
 .text.vsnprintk
                0x0000000000004820       0x2c zephyr/libzephyr.a(printk.c.obj)
                0x0000000000004820                vsnprintk
 .text.extract_decimal
                0x000000000000484c       0x2c zephyr/libzephyr.a(cbprintf_complete.c.obj)
 .text.encode_uint
                0x0000000000004878       0x9c zephyr/libzephyr.a(cbprintf_complete.c.obj)
 .text.process_event
                0x0000000000004914      0x21c zephyr/libzephyr.a(onoff.c.obj)
 .text.activate_foreach_backend
                0x0000000000004b30       0x64 zephyr/libzephyr.a(log_core.c.obj)
 .text.enable_logger
                0x0000000000004b94       0x5c zephyr/libzephyr.a(log_core.c.obj)
 .text.log_process_thread_timer_expiry_fn
                0x0000000000004bf0        0xc zephyr/libzephyr.a(log_core.c.obj)
 .text.z_log_init
                0x0000000000004bfc       0x90 zephyr/libzephyr.a(log_core.c.obj)
 .text.log_format_func_t_get
                0x0000000000004c8c        0xc zephyr/libzephyr.a(log_core.c.obj)
                0x0000000000004c8c                log_format_func_t_get
 .text.log_set_timestamp_func
                0x0000000000004c98       0x20 zephyr/libzephyr.a(log_core.c.obj)
                0x0000000000004c98                log_set_timestamp_func
 .text.z_log_notify_backend_enabled
                0x0000000000004cb8       0x1c zephyr/libzephyr.a(log_core.c.obj)
                0x0000000000004cb8                z_log_notify_backend_enabled
 .text.z_log_dropped
                0x0000000000004cd4       0x44 zephyr/libzephyr.a(log_core.c.obj)
                0x0000000000004cd4                z_log_dropped
 .text.z_log_dropped_read_and_clear
                0x0000000000004d18       0x20 zephyr/libzephyr.a(log_core.c.obj)
                0x0000000000004d18                z_log_dropped_read_and_clear
 .text.dropped_notify
                0x0000000000004d38       0x30 zephyr/libzephyr.a(log_core.c.obj)
                0x0000000000004d38                dropped_notify
 .text.z_log_msg_init
                0x0000000000004d68       0x20 zephyr/libzephyr.a(log_core.c.obj)
                0x0000000000004d68                z_log_msg_init
 .text.log_core_init
                0x0000000000004d88       0x34 zephyr/libzephyr.a(log_core.c.obj)
                0x0000000000004d88                log_core_init
 .text.z_log_msg_alloc
                0x0000000000004dbc       0x10 zephyr/libzephyr.a(log_core.c.obj)
                0x0000000000004dbc                z_log_msg_alloc
 .text.z_log_msg_local_claim
                0x0000000000004dcc        0xc zephyr/libzephyr.a(log_core.c.obj)
                0x0000000000004dcc                z_log_msg_local_claim
 .text.z_log_msg_free
                0x0000000000004dd8       0x10 zephyr/libzephyr.a(log_core.c.obj)
                0x0000000000004dd8                z_log_msg_free
 .text.z_log_msg_pending
                0x0000000000004de8        0xc zephyr/libzephyr.a(log_core.c.obj)
                0x0000000000004de8                z_log_msg_pending
 .text.z_impl_log_process
                0x0000000000004df4       0xbc zephyr/libzephyr.a(log_core.c.obj)
                0x0000000000004df4                z_impl_log_process
 .text.z_impl_log_panic
                0x0000000000004eb0       0x44 zephyr/libzephyr.a(log_core.c.obj)
                0x0000000000004eb0                z_impl_log_panic
 .text.log_process_thread_func
                0x0000000000004ef4       0x9c zephyr/libzephyr.a(log_core.c.obj)
 .text.z_log_msg_post_finalize
                0x0000000000004f90       0x78 zephyr/libzephyr.a(log_core.c.obj)
 .text.z_log_msg_commit
                0x0000000000005008       0x24 zephyr/libzephyr.a(log_core.c.obj)
                0x0000000000005008                z_log_msg_commit
 .text.log_source_name_get
                0x000000000000502c       0x1c zephyr/libzephyr.a(log_mgmt.c.obj)
                0x000000000000502c                log_source_name_get
 .text.log_backend_enable
                0x0000000000005048       0x28 zephyr/libzephyr.a(log_mgmt.c.obj)
                0x0000000000005048                log_backend_enable
 .text.z_impl_z_log_msg_static_create
                0x0000000000005070      0x108 zephyr/libzephyr.a(log_msg.c.obj)
                0x0000000000005070                z_impl_z_log_msg_static_create
 .text.z_log_msg_runtime_vcreate
                0x0000000000005178       0xa0 zephyr/libzephyr.a(log_msg.c.obj)
                0x0000000000005178                z_log_msg_runtime_vcreate
 .text.log_msg_get_source_id
                0x0000000000005218       0x18 zephyr/libzephyr.a(log_msg.c.obj)
                0x0000000000005218                log_msg_get_source_id
 .text.print_formatted
                0x0000000000005230       0x24 zephyr/libzephyr.a(log_output.c.obj)
 .text.newline_print
                0x0000000000005254       0x1c zephyr/libzephyr.a(log_output.c.obj)
 .text.log_output_process
                0x0000000000005270      0x2dc zephyr/libzephyr.a(log_output.c.obj)
                0x0000000000005270                log_output_process
 .text.log_output_dropped_process
                0x000000000000554c       0x58 zephyr/libzephyr.a(log_output.c.obj)
                0x000000000000554c                log_output_dropped_process
 .text.log_output_timestamp_freq_set
                0x00000000000055a4       0x2c zephyr/libzephyr.a(log_output.c.obj)
                0x00000000000055a4                log_output_timestamp_freq_set
 .text.log_backend_rtt_init
                0x00000000000055d0        0xc zephyr/libzephyr.a(log_backend_rtt.c.obj)
 .text.format_set
                0x00000000000055dc        0xc zephyr/libzephyr.a(log_backend_rtt.c.obj)
 .text.dropped  0x00000000000055e8        0xc zephyr/libzephyr.a(log_backend_rtt.c.obj)
 .text.process  0x00000000000055f4       0x24 zephyr/libzephyr.a(log_backend_rtt.c.obj)
 .text.panic    0x0000000000005618       0x34 zephyr/libzephyr.a(log_backend_rtt.c.obj)
 .text.on_failed_write
                0x000000000000564c       0x28 zephyr/libzephyr.a(log_backend_rtt.c.obj)
 .text.data_out_block_mode
                0x0000000000005674       0x84 zephyr/libzephyr.a(log_backend_rtt.c.obj)
 .text.mem_attr_get_regions
                0x00000000000056f8        0xc zephyr/libzephyr.a(mem_attr.c.obj)
                0x00000000000056f8                mem_attr_get_regions
 .text.boot_banner
                0x0000000000005704       0x1c zephyr/libzephyr.a(banner.c.obj)
                0x0000000000005704                boot_banner
 .text.nrf_cc3xx_platform_abort_init
                0x0000000000005720        0xc zephyr/libzephyr.a(nrf_cc3xx_platform_abort_zephyr.c.obj)
                0x0000000000005720                nrf_cc3xx_platform_abort_init
 .text.mutex_free_platform
                0x000000000000572c       0x54 zephyr/libzephyr.a(nrf_cc3xx_platform_mutex_zephyr.c.obj)
 .text.mutex_lock_platform
                0x0000000000005780       0x60 zephyr/libzephyr.a(nrf_cc3xx_platform_mutex_zephyr.c.obj)
 .text.mutex_unlock_platform
                0x00000000000057e0       0x58 zephyr/libzephyr.a(nrf_cc3xx_platform_mutex_zephyr.c.obj)
 .text.mutex_init_platform
                0x0000000000005838       0x94 zephyr/libzephyr.a(nrf_cc3xx_platform_mutex_zephyr.c.obj)
 .text.nrf_cc3xx_platform_mutex_init
                0x00000000000058cc       0x2c zephyr/libzephyr.a(nrf_cc3xx_platform_mutex_zephyr.c.obj)
                0x00000000000058cc                nrf_cc3xx_platform_mutex_init
 .text.z_arm_fatal_error
                0x00000000000058f8      0x120 zephyr/arch/arch/arm/core/libarch__arm__core.a(fatal.c.obj)
                0x00000000000058f8                z_arm_fatal_error
 .text.z_SysNmiOnReset
                0x0000000000005a18        0x8 zephyr/arch/arch/arm/core/libarch__arm__core.a(nmi_on_reset.S.obj)
                0x0000000000005a18                z_SysNmiOnReset
 .text._HandlerModeExit
                0x0000000000005a20       0x28 zephyr/arch/arch/arm/core/cortex_m/libarch__arm__core__cortex_m.a(exc_exit.c.obj)
                0x0000000000005a20                z_arm_int_exit
                0x0000000000005a20                z_arm_exc_exit
 .text.bus_fault.constprop.0
                0x0000000000005a48       0xd0 zephyr/arch/arch/arm/core/cortex_m/libarch__arm__core__cortex_m.a(fault.c.obj)
 .text.usage_fault.constprop.0
                0x0000000000005b18       0xa8 zephyr/arch/arch/arm/core/cortex_m/libarch__arm__core__cortex_m.a(fault.c.obj)
 .text.mem_manage_fault
                0x0000000000005bc0      0x104 zephyr/arch/arch/arm/core/cortex_m/libarch__arm__core__cortex_m.a(fault.c.obj)
 .text.z_arm_fault
                0x0000000000005cc4      0x1c8 zephyr/arch/arch/arm/core/cortex_m/libarch__arm__core__cortex_m.a(fault.c.obj)
                0x0000000000005cc4                z_arm_fault
 .text.z_arm_fault_init
                0x0000000000005e8c       0x18 zephyr/arch/arch/arm/core/cortex_m/libarch__arm__core__cortex_m.a(fault.c.obj)
                0x0000000000005e8c                z_arm_fault_init
 .text.__fault  0x0000000000005ea4       0x14 zephyr/arch/arch/arm/core/cortex_m/libarch__arm__core__cortex_m.a(fault_s.S.obj)
                0x0000000000005ea4                z_arm_usage_fault
                0x0000000000005ea4                z_arm_mpu_fault
                0x0000000000005ea4                z_arm_exc_spurious
                0x0000000000005ea4                z_arm_debug_monitor
                0x0000000000005ea4                z_arm_hard_fault
                0x0000000000005ea4                z_arm_bus_fault
 .text._reset_section
                0x0000000000005eb8       0x54 zephyr/arch/arch/arm/core/cortex_m/libarch__arm__core__cortex_m.a(reset.S.obj)
                0x0000000000005eb8                __start
                0x0000000000005eb8                z_arm_reset
 .text.z_arm_clear_arm_mpu_config
                0x0000000000005f0c       0x24 zephyr/arch/arch/arm/core/cortex_m/libarch__arm__core__cortex_m.a(scb.c.obj)
                0x0000000000005f0c                z_arm_clear_arm_mpu_config
 .text.z_arm_init_arch_hw_at_boot
                0x0000000000005f30       0x64 zephyr/arch/arch/arm/core/cortex_m/libarch__arm__core__cortex_m.a(scb.c.obj)
                0x0000000000005f30                z_arm_init_arch_hw_at_boot
 .text.z_impl_k_thread_abort
                0x0000000000005f94       0x2c zephyr/arch/arch/arm/core/cortex_m/libarch__arm__core__cortex_m.a(thread_abort.c.obj)
                0x0000000000005f94                z_impl_k_thread_abort
 .text.arch_swap
                0x0000000000005fc0       0x30 zephyr/arch/arch/arm/core/cortex_m/libarch__arm__core__cortex_m.a(swap.c.obj)
                0x0000000000005fc0                arch_swap
 .text.z_arm_pendsv_c
                0x0000000000005ff0       0x50 zephyr/arch/arch/arm/core/cortex_m/libarch__arm__core__cortex_m.a(swap.c.obj)
                0x0000000000005ff0                z_arm_pendsv_c
 .text.z_arm_pendsv
                0x0000000000006040       0x6c zephyr/arch/arch/arm/core/cortex_m/libarch__arm__core__cortex_m.a(swap_helper.S.obj)
                0x0000000000006040                z_arm_pendsv
 .text.z_arm_svc
                0x00000000000060ac       0x20 zephyr/arch/arch/arm/core/cortex_m/libarch__arm__core__cortex_m.a(swap_helper.S.obj)
                0x00000000000060ac                z_arm_svc
 .text.arch_irq_enable
                0x00000000000060cc       0x1c zephyr/arch/arch/arm/core/cortex_m/libarch__arm__core__cortex_m.a(irq_manage.c.obj)
                0x00000000000060cc                arch_irq_enable
 .text.arch_irq_is_enabled
                0x00000000000060e8       0x1c zephyr/arch/arch/arm/core/cortex_m/libarch__arm__core__cortex_m.a(irq_manage.c.obj)
                0x00000000000060e8                arch_irq_is_enabled
 .text.z_arm_irq_priority_set
                0x0000000000006104       0x30 zephyr/arch/arch/arm/core/cortex_m/libarch__arm__core__cortex_m.a(irq_manage.c.obj)
                0x0000000000006104                z_arm_irq_priority_set
 .text.z_prep_c
                0x0000000000006134       0x5c zephyr/arch/arch/arm/core/cortex_m/libarch__arm__core__cortex_m.a(prep_c.c.obj)
                0x0000000000006134                z_prep_c
 .text.arch_new_thread
                0x0000000000006190       0x60 zephyr/arch/arch/arm/core/cortex_m/libarch__arm__core__cortex_m.a(thread.c.obj)
                0x0000000000006190                arch_new_thread
 .text.z_arm_mpu_stack_guard_and_fpu_adjust
                0x00000000000061f0       0x70 zephyr/arch/arch/arm/core/cortex_m/libarch__arm__core__cortex_m.a(thread.c.obj)
                0x00000000000061f0                z_arm_mpu_stack_guard_and_fpu_adjust
 .text.z_check_thread_stack_fail
                0x0000000000006260       0x38 zephyr/arch/arch/arm/core/cortex_m/libarch__arm__core__cortex_m.a(thread.c.obj)
                0x0000000000006260                z_check_thread_stack_fail
 .text.arch_float_disable
                0x0000000000006298       0x48 zephyr/arch/arch/arm/core/cortex_m/libarch__arm__core__cortex_m.a(thread.c.obj)
                0x0000000000006298                arch_float_disable
 .text.arch_switch_to_main_thread
                0x00000000000062e0       0x54 zephyr/arch/arch/arm/core/cortex_m/libarch__arm__core__cortex_m.a(thread.c.obj)
                0x00000000000062e0                arch_switch_to_main_thread
 .text.z_arm_cpu_idle_init
                0x0000000000006334        0xc zephyr/arch/arch/arm/core/cortex_m/libarch__arm__core__cortex_m.a(cpu_idle.c.obj)
                0x0000000000006334                z_arm_cpu_idle_init
 .text.z_arm_interrupt_init
                0x0000000000006340       0x18 zephyr/arch/arch/arm/core/cortex_m/libarch__arm__core__cortex_m.a(irq_init.c.obj)
                0x0000000000006340                z_arm_interrupt_init
 .text._isr_wrapper
                0x0000000000006358       0x24 zephyr/arch/arch/arm/core/cortex_m/libarch__arm__core__cortex_m.a(isr_wrapper.c.obj)
                0x0000000000006358                _isr_wrapper
 .text.z_arm_configure_static_mpu_regions
                0x000000000000637c       0x18 zephyr/arch/arch/arm/core/mpu/libarch__arm__core__mpu.a(arm_core_mpu.c.obj)
                0x000000000000637c                z_arm_configure_static_mpu_regions
 .text.z_arm_configure_dynamic_mpu_regions
                0x0000000000006394       0x2c zephyr/arch/arch/arm/core/mpu/libarch__arm__core__mpu.a(arm_core_mpu.c.obj)
                0x0000000000006394                z_arm_configure_dynamic_mpu_regions
 .text.region_allocate_and_init
                0x00000000000063c0       0x54 zephyr/arch/arch/arm/core/mpu/libarch__arm__core__mpu.a(arm_mpu.c.obj)
 .text.mpu_configure_regions
                0x0000000000006414       0x68 zephyr/arch/arch/arm/core/mpu/libarch__arm__core__mpu.a(arm_mpu.c.obj)
 .text.arm_core_mpu_enable
                0x000000000000647c       0x18 zephyr/arch/arch/arm/core/mpu/libarch__arm__core__mpu.a(arm_mpu.c.obj)
                0x000000000000647c                arm_core_mpu_enable
 .text.arm_core_mpu_disable
                0x0000000000006494       0x14 zephyr/arch/arch/arm/core/mpu/libarch__arm__core__mpu.a(arm_mpu.c.obj)
                0x0000000000006494                arm_core_mpu_disable
 .text.arm_core_mpu_configure_static_mpu_regions
                0x00000000000064a8       0x14 zephyr/arch/arch/arm/core/mpu/libarch__arm__core__mpu.a(arm_mpu.c.obj)
                0x00000000000064a8                arm_core_mpu_configure_static_mpu_regions
 .text.arm_core_mpu_configure_dynamic_mpu_regions
                0x00000000000064bc       0x38 zephyr/arch/arch/arm/core/mpu/libarch__arm__core__mpu.a(arm_mpu.c.obj)
                0x00000000000064bc                arm_core_mpu_configure_dynamic_mpu_regions
 .text.z_arm_mpu_init
                0x00000000000064f4      0x17c zephyr/arch/arch/arm/core/mpu/libarch__arm__core__mpu.a(arm_mpu.c.obj)
                0x00000000000064f4                z_arm_mpu_init
 .text.z_impl_zephyr_read_stdin
                0x0000000000006670       0x28 zephyr/lib/libc/newlib/liblib__libc__newlib.a(libc-hooks.c.obj)
                0x0000000000006670                z_impl_zephyr_read_stdin
 .text.z_impl_zephyr_write_stdout
                0x0000000000006698       0x30 zephyr/lib/libc/newlib/liblib__libc__newlib.a(libc-hooks.c.obj)
                0x0000000000006698                z_impl_zephyr_write_stdout
 .text._sbrk    0x00000000000066c8       0x28 zephyr/lib/libc/newlib/liblib__libc__newlib.a(libc-hooks.c.obj)
                0x00000000000066c8                sbrk
                0x00000000000066c8                _sbrk
 .text.abort    0x00000000000066f0       0x1c zephyr/lib/libc/common/liblib__libc__common.a(abort.c.obj)
                0x00000000000066f0                abort
 .text.nordicsemi_nrf52_init
                0x000000000000670c       0x44 zephyr/soc/soc/nrf52840/libsoc__nordic.a(soc.c.obj)
 .text.arch_busy_wait
                0x0000000000006750       0x14 zephyr/soc/soc/nrf52840/libsoc__nordic.a(soc.c.obj)
                0x0000000000006750                arch_busy_wait
 .text.onoff_stop
                0x0000000000006764       0x30 zephyr/drivers/clock_control/libdrivers__clock_control.a(clock_control_nrf.c.obj)
 .text.onoff_start
                0x0000000000006794       0x44 zephyr/drivers/clock_control/libdrivers__clock_control.a(clock_control_nrf.c.obj)
 .text.generic_hfclk_stop
                0x00000000000067d8       0x34 zephyr/drivers/clock_control/libdrivers__clock_control.a(clock_control_nrf.c.obj)
 .text.clk_init
                0x000000000000680c       0x58 zephyr/drivers/clock_control/libdrivers__clock_control.a(clock_control_nrf.c.obj)
 .text.api_blocking_start
                0x0000000000006864       0x34 zephyr/drivers/clock_control/libdrivers__clock_control.a(clock_control_nrf.c.obj)
 .text.clkstarted_handle.constprop.0
                0x0000000000006898       0x4c zephyr/drivers/clock_control/libdrivers__clock_control.a(clock_control_nrf.c.obj)
 .text.generic_hfclk_start
                0x00000000000068e4       0x7c zephyr/drivers/clock_control/libdrivers__clock_control.a(clock_control_nrf.c.obj)
 .text.clock_event_handler
                0x0000000000006960       0x1c zephyr/drivers/clock_control/libdrivers__clock_control.a(clock_control_nrf.c.obj)
 .text.z_nrf_clock_control_get_onoff
                0x000000000000697c       0x10 zephyr/drivers/clock_control/libdrivers__clock_control.a(clock_control_nrf.c.obj)
                0x000000000000697c                z_nrf_clock_control_get_onoff
 .text.z_nrf_clock_control_lf_on
                0x000000000000698c       0xfc zephyr/drivers/clock_control/libdrivers__clock_control.a(clock_control_nrf.c.obj)
                0x000000000000698c                z_nrf_clock_control_lf_on
 .text.gpio_nrfx_pin_interrupt_configure
                0x0000000000006a88      0x100 zephyr/drivers/gpio/libdrivers__gpio.a(gpio_nrfx.c.obj)
 .text.gpio_nrfx_init
                0x0000000000006b88       0x48 zephyr/drivers/gpio/libdrivers__gpio.a(gpio_nrfx.c.obj)
 .text.nrfx_gpio_handler
                0x0000000000006bd0       0x4c zephyr/drivers/gpio/libdrivers__gpio.a(gpio_nrfx.c.obj)
 .text.gpio_nrfx_pin_configure
                0x0000000000006c1c      0x18c zephyr/drivers/gpio/libdrivers__gpio.a(gpio_nrfx.c.obj)
 .text.hfclk_on_callback
                0x0000000000006da8        0xc zephyr/drivers/sensor/nordic/temp/libdrivers__sensor__nordic__temp.a(temp_nrf5.c.obj)
 .text.temp_nrf5_channel_get
                0x0000000000006db4       0x2c zephyr/drivers/sensor/nordic/temp/libdrivers__sensor__nordic__temp.a(temp_nrf5.c.obj)
 .text.temp_nrf5_isr
                0x0000000000006de0       0x18 zephyr/drivers/sensor/nordic/temp/libdrivers__sensor__nordic__temp.a(temp_nrf5.c.obj)
 .text.temp_nrf5_sample_fetch
                0x0000000000006df8       0x78 zephyr/drivers/sensor/nordic/temp/libdrivers__sensor__nordic__temp.a(temp_nrf5.c.obj)
 .text.temp_nrf5_init
                0x0000000000006e70       0x40 zephyr/drivers/sensor/nordic/temp/libdrivers__sensor__nordic__temp.a(temp_nrf5.c.obj)
 .text.compare_int_lock
                0x0000000000006eb0       0x48 zephyr/drivers/timer/libdrivers__timer.a(nrf_rtc_timer.c.obj)
 .text.sys_clock_timeout_handler
                0x0000000000006ef8       0x48 zephyr/drivers/timer/libdrivers__timer.a(nrf_rtc_timer.c.obj)
 .text.compare_int_unlock
                0x0000000000006f40       0x5c zephyr/drivers/timer/libdrivers__timer.a(nrf_rtc_timer.c.obj)
 .text.z_nrf_rtc_timer_read
                0x0000000000006f9c       0x44 zephyr/drivers/timer/libdrivers__timer.a(nrf_rtc_timer.c.obj)
                0x0000000000006f9c                z_nrf_rtc_timer_read
 .text.compare_set
                0x0000000000006fe0      0x130 zephyr/drivers/timer/libdrivers__timer.a(nrf_rtc_timer.c.obj)
 .text.sys_clock_driver_init
                0x0000000000007110       0x90 zephyr/drivers/timer/libdrivers__timer.a(nrf_rtc_timer.c.obj)
 .text.rtc_nrf_isr
                0x00000000000071a0       0xd4 zephyr/drivers/timer/libdrivers__timer.a(nrf_rtc_timer.c.obj)
                0x00000000000071a0                rtc_nrf_isr
 .text.sys_clock_set_timeout
                0x0000000000007274       0x5c zephyr/drivers/timer/libdrivers__timer.a(nrf_rtc_timer.c.obj)
                0x0000000000007274                sys_clock_set_timeout
 .text.sys_clock_elapsed
                0x00000000000072d0       0x14 zephyr/drivers/timer/libdrivers__timer.a(nrf_rtc_timer.c.obj)
                0x00000000000072d0                sys_clock_elapsed
 .text.nrf52_errata_98
                0x00000000000072e4       0x24 modules/hal_nordic/nrfx/libmodules__hal_nordic__nrfx.a(system_nrf52840.c.obj)
 .text.nvmc_wait
                0x0000000000007308       0x10 modules/hal_nordic/nrfx/libmodules__hal_nordic__nrfx.a(system_nrf52840.c.obj)
                0x0000000000007308                nvmc_wait
 .text.SystemInit
                0x0000000000007318      0x1d8 modules/hal_nordic/nrfx/libmodules__hal_nordic__nrfx.a(system_nrf52840.c.obj)
                0x0000000000007318                SystemInit
 .text.nrfx_flag32_alloc
                0x00000000000074f0       0x48 modules/hal_nordic/nrfx/libmodules__hal_nordic__nrfx.a(nrfx_flag32_allocator.c.obj)
                0x00000000000074f0                nrfx_flag32_alloc
 .text.nrfx_flag32_free
                0x0000000000007538       0x40 modules/hal_nordic/nrfx/libmodules__hal_nordic__nrfx.a(nrfx_flag32_allocator.c.obj)
                0x0000000000007538                nrfx_flag32_free
 .text.clock_stop
                0x0000000000007578       0xc4 modules/hal_nordic/nrfx/libmodules__hal_nordic__nrfx.a(nrfx_clock.c.obj)
 .text.nrfx_clock_init
                0x000000000000763c       0x20 modules/hal_nordic/nrfx/libmodules__hal_nordic__nrfx.a(nrfx_clock.c.obj)
                0x000000000000763c                nrfx_clock_init
 .text.nrfx_clock_enable
                0x000000000000765c       0x24 modules/hal_nordic/nrfx/libmodules__hal_nordic__nrfx.a(nrfx_clock.c.obj)
                0x000000000000765c                nrfx_clock_enable
 .text.nrfx_clock_start
                0x0000000000007680       0xa8 modules/hal_nordic/nrfx/libmodules__hal_nordic__nrfx.a(nrfx_clock.c.obj)
                0x0000000000007680                nrfx_clock_start
 .text.nrfx_power_clock_irq_handler
                0x0000000000007728       0x68 modules/hal_nordic/nrfx/libmodules__hal_nordic__nrfx.a(nrfx_clock.c.obj)
                0x0000000000007728                nrfx_power_clock_irq_handler
 .text.nrf_gpio_pin_port_decode
                0x0000000000007790       0x20 modules/hal_nordic/nrfx/libmodules__hal_nordic__nrfx.a(nrfx_gpiote.c.obj)
 .text.get_pin_idx
                0x00000000000077b0       0x14 modules/hal_nordic/nrfx/libmodules__hal_nordic__nrfx.a(nrfx_gpiote.c.obj)
 .text.call_handler.constprop.0
                0x00000000000077c4       0x40 modules/hal_nordic/nrfx/libmodules__hal_nordic__nrfx.a(nrfx_gpiote.c.obj)
 .text.pin_te_get.constprop.0
                0x0000000000007804       0x18 modules/hal_nordic/nrfx/libmodules__hal_nordic__nrfx.a(nrfx_gpiote.c.obj)
 .text.pin_is_output.constprop.0
                0x000000000000781c       0x18 modules/hal_nordic/nrfx/libmodules__hal_nordic__nrfx.a(nrfx_gpiote.c.obj)
 .text.pin_in_use_by_te.constprop.0
                0x0000000000007834       0x18 modules/hal_nordic/nrfx/libmodules__hal_nordic__nrfx.a(nrfx_gpiote.c.obj)
 .text.latch_pending_read_and_check
                0x000000000000784c       0x40 modules/hal_nordic/nrfx/libmodules__hal_nordic__nrfx.a(nrfx_gpiote.c.obj)
 .text.release_handler.isra.0
                0x000000000000788c       0x58 modules/hal_nordic/nrfx/libmodules__hal_nordic__nrfx.a(nrfx_gpiote.c.obj)
 .text.__nrfy_internal_gpiote_events_process.constprop.0
                0x00000000000078e4       0x5c modules/hal_nordic/nrfx/libmodules__hal_nordic__nrfx.a(nrfx_gpiote.c.obj)
 .text.pin_uninit
                0x0000000000007940       0x80 modules/hal_nordic/nrfx/libmodules__hal_nordic__nrfx.a(nrfx_gpiote.c.obj)
 .text.nrfx_gpiote_input_configure
                0x00000000000079c0      0x174 modules/hal_nordic/nrfx/libmodules__hal_nordic__nrfx.a(nrfx_gpiote.c.obj)
                0x00000000000079c0                nrfx_gpiote_input_configure
 .text.nrfx_gpiote_output_configure
                0x0000000000007b34       0xfc modules/hal_nordic/nrfx/libmodules__hal_nordic__nrfx.a(nrfx_gpiote.c.obj)
                0x0000000000007b34                nrfx_gpiote_output_configure
 .text.nrfx_gpiote_global_callback_set
                0x0000000000007c30        0xc modules/hal_nordic/nrfx/libmodules__hal_nordic__nrfx.a(nrfx_gpiote.c.obj)
                0x0000000000007c30                nrfx_gpiote_global_callback_set
 .text.nrfx_gpiote_channel_get
                0x0000000000007c3c       0x34 modules/hal_nordic/nrfx/libmodules__hal_nordic__nrfx.a(nrfx_gpiote.c.obj)
                0x0000000000007c3c                nrfx_gpiote_channel_get
 .text.nrfx_gpiote_init
                0x0000000000007c70       0x68 modules/hal_nordic/nrfx/libmodules__hal_nordic__nrfx.a(nrfx_gpiote.c.obj)
                0x0000000000007c70                nrfx_gpiote_init
 .text.nrfx_gpiote_init_check
                0x0000000000007cd8       0x14 modules/hal_nordic/nrfx/libmodules__hal_nordic__nrfx.a(nrfx_gpiote.c.obj)
                0x0000000000007cd8                nrfx_gpiote_init_check
 .text.nrfx_gpiote_channel_free
                0x0000000000007cec        0xc modules/hal_nordic/nrfx/libmodules__hal_nordic__nrfx.a(nrfx_gpiote.c.obj)
                0x0000000000007cec                nrfx_gpiote_channel_free
 .text.nrfx_gpiote_channel_alloc
                0x0000000000007cf8        0xc modules/hal_nordic/nrfx/libmodules__hal_nordic__nrfx.a(nrfx_gpiote.c.obj)
                0x0000000000007cf8                nrfx_gpiote_channel_alloc
 .text.nrfx_gpiote_trigger_enable
                0x0000000000007d04       0xb0 modules/hal_nordic/nrfx/libmodules__hal_nordic__nrfx.a(nrfx_gpiote.c.obj)
                0x0000000000007d04                nrfx_gpiote_trigger_enable
 .text.nrfx_gpiote_0_irq_handler
                0x0000000000007db4      0x1bc modules/hal_nordic/nrfx/libmodules__hal_nordic__nrfx.a(nrfx_gpiote.c.obj)
                0x0000000000007db4                nrfx_gpiote_0_irq_handler
 .text._DoInit  0x0000000000007f70       0x60 modules/segger/libmodules__segger.a(SEGGER_RTT.c.obj)
 .text.SEGGER_RTT_WriteSkipNoLock
                0x0000000000007fd0       0x88 modules/segger/libmodules__segger.a(SEGGER_RTT.c.obj)
                0x0000000000007fd0                SEGGER_RTT_WriteSkipNoLock
 .text.SEGGER_RTT_HasDataUp
                0x0000000000008058       0x14 modules/segger/libmodules__segger.a(SEGGER_RTT.c.obj)
                0x0000000000008058                SEGGER_RTT_HasDataUp
 .text.zephyr_rtt_mutex_lock
                0x000000000000806c       0x14 modules/segger/libmodules__segger.a(SEGGER_RTT_zephyr.c.obj)
                0x000000000000806c                zephyr_rtt_mutex_lock
 .text.zephyr_rtt_mutex_unlock
                0x0000000000008080        0xc modules/segger/libmodules__segger.a(SEGGER_RTT_zephyr.c.obj)
                0x0000000000008080                zephyr_rtt_mutex_unlock
 .text.k_sys_fatal_error_handler
                0x000000000000808c       0x20 zephyr/kernel/libkernel.a(fatal.c.obj)
                0x000000000000808c                k_sys_fatal_error_handler
 .text.z_fatal_error
                0x00000000000080ac       0xe8 zephyr/kernel/libkernel.a(fatal.c.obj)
                0x00000000000080ac                z_fatal_error
 .text.z_sys_init_run_level
                0x0000000000008194       0x2c zephyr/kernel/libkernel.a(init.c.obj)
 .text.bg_thread_main
                0x00000000000081c0       0xc4 zephyr/kernel/libkernel.a(init.c.obj)
 .text.z_bss_zero
                0x0000000000008284       0x18 zephyr/kernel/libkernel.a(init.c.obj)
                0x0000000000008284                z_bss_zero
 .text.z_init_cpu
                0x000000000000829c       0x70 zephyr/kernel/libkernel.a(init.c.obj)
                0x000000000000829c                z_init_cpu
 .text.z_cstart
                0x000000000000830c       0xe4 zephyr/kernel/libkernel.a(init.c.obj)
                0x000000000000830c                z_cstart
 .text.init_mem_slab_obj_core_list
                0x00000000000083f0       0x24 zephyr/kernel/libkernel.a(mem_slab.c.obj)
 .text.k_mem_slab_alloc
                0x0000000000008414       0x5c zephyr/kernel/libkernel.a(mem_slab.c.obj)
                0x0000000000008414                k_mem_slab_alloc
 .text.z_impl_k_mutex_lock
                0x0000000000008470       0xf0 zephyr/kernel/libkernel.a(mutex.c.obj)
                0x0000000000008470                z_impl_k_mutex_lock
 .text.z_impl_k_mutex_unlock
                0x0000000000008560       0x78 zephyr/kernel/libkernel.a(mutex.c.obj)
                0x0000000000008560                z_impl_k_mutex_unlock
 .text.z_impl_k_sem_give
                0x00000000000085d8       0x48 zephyr/kernel/libkernel.a(sem.c.obj)
                0x00000000000085d8                z_impl_k_sem_give
 .text.z_impl_k_sem_take
                0x0000000000008620       0x4c zephyr/kernel/libkernel.a(sem.c.obj)
                0x0000000000008620                z_impl_k_sem_take
 .text.z_setup_new_thread
                0x000000000000866c       0x7c zephyr/kernel/libkernel.a(thread.c.obj)
                0x000000000000866c                z_setup_new_thread
 .text.z_impl_k_thread_create
                0x00000000000086e8       0x58 zephyr/kernel/libkernel.a(thread.c.obj)
                0x00000000000086e8                z_impl_k_thread_create
 .text.update_cache
                0x0000000000008740       0x3c zephyr/kernel/libkernel.a(sched.c.obj)
 .text.unready_thread
                0x000000000000877c       0x30 zephyr/kernel/libkernel.a(sched.c.obj)
 .text.ready_thread
                0x00000000000087ac       0x68 zephyr/kernel/libkernel.a(sched.c.obj)
 .text.z_thread_halt
                0x0000000000008814       0xf4 zephyr/kernel/libkernel.a(sched.c.obj)
 .text.move_thread_to_end_of_prio_q
                0x0000000000008908       0x74 zephyr/kernel/libkernel.a(sched.c.obj)
                0x0000000000008908                move_thread_to_end_of_prio_q
 .text.z_pend_curr
                0x000000000000897c       0x58 zephyr/kernel/libkernel.a(sched.c.obj)
                0x000000000000897c                z_pend_curr
 .text.z_thread_prio_set
                0x00000000000089d4       0x88 zephyr/kernel/libkernel.a(sched.c.obj)
                0x00000000000089d4                z_thread_prio_set
 .text.z_reschedule
                0x0000000000008a5c       0x24 zephyr/kernel/libkernel.a(sched.c.obj)
                0x0000000000008a5c                z_reschedule
 .text.z_sched_start
                0x0000000000008a80       0x3c zephyr/kernel/libkernel.a(sched.c.obj)
                0x0000000000008a80                z_sched_start
 .text.z_reschedule_irqlock
                0x0000000000008abc       0x28 zephyr/kernel/libkernel.a(sched.c.obj)
                0x0000000000008abc                z_reschedule_irqlock
 .text.k_sched_lock
                0x0000000000008ae4       0x28 zephyr/kernel/libkernel.a(sched.c.obj)
                0x0000000000008ae4                k_sched_lock
 .text.k_sched_unlock
                0x0000000000008b0c       0x40 zephyr/kernel/libkernel.a(sched.c.obj)
                0x0000000000008b0c                k_sched_unlock
 .text.z_sched_init
                0x0000000000008b4c       0x10 zephyr/kernel/libkernel.a(sched.c.obj)
                0x0000000000008b4c                z_sched_init
 .text.z_impl_k_yield
                0x0000000000008b5c       0x7c zephyr/kernel/libkernel.a(sched.c.obj)
                0x0000000000008b5c                z_impl_k_yield
 .text.z_tick_sleep
                0x0000000000008bd8       0x88 zephyr/kernel/libkernel.a(sched.c.obj)
 .text.z_impl_k_sleep
                0x0000000000008c60       0x3c zephyr/kernel/libkernel.a(sched.c.obj)
                0x0000000000008c60                z_impl_k_sleep
 .text.z_impl_k_sched_current_thread_query
                0x0000000000008c9c        0xc zephyr/kernel/libkernel.a(sched.c.obj)
                0x0000000000008c9c                z_impl_k_sched_current_thread_query
 .text.slice_timeout
                0x0000000000008ca8       0x20 zephyr/kernel/libkernel.a(timeslicing.c.obj)
 .text.thread_is_sliceable
                0x0000000000008cc8       0x3c zephyr/kernel/libkernel.a(timeslicing.c.obj)
                0x0000000000008cc8                thread_is_sliceable
 .text.z_reset_time_slice
                0x0000000000008d04       0x50 zephyr/kernel/libkernel.a(timeslicing.c.obj)
                0x0000000000008d04                z_reset_time_slice
 .text.z_time_slice
                0x0000000000008d54       0x60 zephyr/kernel/libkernel.a(timeslicing.c.obj)
                0x0000000000008d54                z_time_slice
 .text.z_data_copy
                0x0000000000008db4       0x34 zephyr/kernel/libkernel.a(xip.c.obj)
                0x0000000000008db4                z_data_copy
 .text.elapsed  0x0000000000008de8       0x14 zephyr/kernel/libkernel.a(timeout.c.obj)
 .text.remove_timeout
                0x0000000000008dfc       0x38 zephyr/kernel/libkernel.a(timeout.c.obj)
 .text.next_timeout
                0x0000000000008e34       0x40 zephyr/kernel/libkernel.a(timeout.c.obj)
 .text.z_add_timeout
                0x0000000000008e74       0xf4 zephyr/kernel/libkernel.a(timeout.c.obj)
                0x0000000000008e74                z_add_timeout
 .text.sys_clock_announce
                0x0000000000008f68       0xd0 zephyr/kernel/libkernel.a(timeout.c.obj)
                0x0000000000008f68                sys_clock_announce
 .text.sys_clock_tick_get
                0x0000000000009038       0x30 zephyr/kernel/libkernel.a(timeout.c.obj)
                0x0000000000009038                sys_clock_tick_get
 .text.z_timer_expiration_handler
                0x0000000000009068       0xe0 zephyr/kernel/libkernel.a(timer.c.obj)
                0x0000000000009068                z_timer_expiration_handler
 .text.z_impl_k_timer_start
                0x0000000000009148       0x74 zephyr/kernel/libkernel.a(timer.c.obj)
                0x0000000000009148                z_impl_k_timer_start
 .text.k_thread_system_pool_assign
                0x00000000000091bc        0xc zephyr/kernel/libkernel.a(mempool.c.obj)
                0x00000000000091bc                k_thread_system_pool_assign
 .text.statics_init
                0x00000000000091c8       0x24 zephyr/kernel/libkernel.a(kheap.c.obj)
 .text.nrf_cc3xx_platform_init_no_rng
                0x00000000000091ec       0x38 C:/ncs/v2.9.0/nrfxlib/crypto/nrf_cc310_platform/lib/cortex-m4/hard-float/no-interrupts/libnrf_cc310_platform_0.9.19.a(nrf_cc3xx_platform.c.obj)
                0x00000000000091ec                nrf_cc3xx_platform_init_no_rng
 .text.nrf_cc3xx_platform_abort
                0x0000000000009224       0x24 C:/ncs/v2.9.0/nrfxlib/crypto/nrf_cc310_platform/lib/cortex-m4/hard-float/no-interrupts/libnrf_cc310_platform_0.9.19.a(nrf_cc3xx_platform_abort.c.obj)
 .text.CC_PalAbort
                0x0000000000009248       0x38 C:/ncs/v2.9.0/nrfxlib/crypto/nrf_cc310_platform/lib/cortex-m4/hard-float/no-interrupts/libnrf_cc310_platform_0.9.19.a(nrf_cc3xx_platform_abort.c.obj)
                0x0000000000009248                CC_PalAbort
 .text.nrf_cc3xx_platform_set_abort
                0x0000000000009280       0x10 C:/ncs/v2.9.0/nrfxlib/crypto/nrf_cc310_platform/lib/cortex-m4/hard-float/no-interrupts/libnrf_cc310_platform_0.9.19.a(nrf_cc3xx_platform_abort.c.obj)
                0x0000000000009280                nrf_cc3xx_platform_set_abort
 .text.mutex_free
                0x0000000000009290       0x34 C:/ncs/v2.9.0/nrfxlib/crypto/nrf_cc310_platform/lib/cortex-m4/hard-float/no-interrupts/libnrf_cc310_platform_0.9.19.a(nrf_cc3xx_platform_mutex.c.obj)
 .text.mutex_lock
                0x00000000000092c4       0x48 C:/ncs/v2.9.0/nrfxlib/crypto/nrf_cc310_platform/lib/cortex-m4/hard-float/no-interrupts/libnrf_cc310_platform_0.9.19.a(nrf_cc3xx_platform_mutex.c.obj)
 .text.mutex_unlock
                0x000000000000930c       0x38 C:/ncs/v2.9.0/nrfxlib/crypto/nrf_cc310_platform/lib/cortex-m4/hard-float/no-interrupts/libnrf_cc310_platform_0.9.19.a(nrf_cc3xx_platform_mutex.c.obj)
 .text.mutex_init
                0x0000000000009344       0x20 C:/ncs/v2.9.0/nrfxlib/crypto/nrf_cc310_platform/lib/cortex-m4/hard-float/no-interrupts/libnrf_cc310_platform_0.9.19.a(nrf_cc3xx_platform_mutex.c.obj)
 .text.nrf_cc3xx_platform_set_mutexes
                0x0000000000009364       0x6c C:/ncs/v2.9.0/nrfxlib/crypto/nrf_cc310_platform/lib/cortex-m4/hard-float/no-interrupts/libnrf_cc310_platform_0.9.19.a(nrf_cc3xx_platform_mutex.c.obj)
                0x0000000000009364                nrf_cc3xx_platform_set_mutexes
 .text.CC_LibInitNoRng
                0x00000000000093d0       0x64 C:/ncs/v2.9.0/nrfxlib/crypto/nrf_cc310_platform/lib/cortex-m4/hard-float/no-interrupts/libnrf_cc310_platform_0.9.19.a(cc_lib.c.obj)
                0x00000000000093d0                CC_LibInitNoRng
 .text.CC_HalInit
                0x0000000000009434        0x4 C:/ncs/v2.9.0/nrfxlib/crypto/nrf_cc310_platform/lib/cortex-m4/hard-float/no-interrupts/libnrf_cc310_platform_0.9.19.a(cc_hal.c.obj)
                0x0000000000009434                CC_HalInit
 .text.CC_HalTerminate
                0x0000000000009438        0x4 C:/ncs/v2.9.0/nrfxlib/crypto/nrf_cc310_platform/lib/cortex-m4/hard-float/no-interrupts/libnrf_cc310_platform_0.9.19.a(cc_hal.c.obj)
                0x0000000000009438                CC_HalTerminate
 .text.CC_HalMaskInterrupt
                0x000000000000943c        0xc C:/ncs/v2.9.0/nrfxlib/crypto/nrf_cc310_platform/lib/cortex-m4/hard-float/no-interrupts/libnrf_cc310_platform_0.9.19.a(cc_hal.c.obj)
                0x000000000000943c                CC_HalMaskInterrupt
 .text.CC_PalInit
                0x0000000000009448       0x5c C:/ncs/v2.9.0/nrfxlib/crypto/nrf_cc310_platform/lib/cortex-m4/hard-float/no-interrupts/libnrf_cc310_platform_0.9.19.a(cc_pal.c.obj)
                0x0000000000009448                CC_PalInit
 .text.CC_PalTerminate
                0x00000000000094a4       0x34 C:/ncs/v2.9.0/nrfxlib/crypto/nrf_cc310_platform/lib/cortex-m4/hard-float/no-interrupts/libnrf_cc310_platform_0.9.19.a(cc_pal.c.obj)
                0x00000000000094a4                CC_PalTerminate
 .text.CC_PalDmaInit
                0x00000000000094d8        0x4 C:/ncs/v2.9.0/nrfxlib/crypto/nrf_cc310_platform/lib/cortex-m4/hard-float/no-interrupts/libnrf_cc310_platform_0.9.19.a(cc_pal_dma.c.obj)
                0x00000000000094d8                CC_PalDmaInit
 .text.CC_PalDmaTerminate
                0x00000000000094dc        0x4 C:/ncs/v2.9.0/nrfxlib/crypto/nrf_cc310_platform/lib/cortex-m4/hard-float/no-interrupts/libnrf_cc310_platform_0.9.19.a(cc_pal_dma.c.obj)
                0x00000000000094dc                CC_PalDmaTerminate
 .text.CC_PalMutexCreate
                0x00000000000094e0       0x14 C:/ncs/v2.9.0/nrfxlib/crypto/nrf_cc310_platform/lib/cortex-m4/hard-float/no-interrupts/libnrf_cc310_platform_0.9.19.a(cc_pal_mutex.c.obj)
                0x00000000000094e0                CC_PalMutexCreate
 .text.CC_PalMutexDestroy
                0x00000000000094f4       0x14 C:/ncs/v2.9.0/nrfxlib/crypto/nrf_cc310_platform/lib/cortex-m4/hard-float/no-interrupts/libnrf_cc310_platform_0.9.19.a(cc_pal_mutex.c.obj)
                0x00000000000094f4                CC_PalMutexDestroy
 .text.CC_PalPowerSaveModeInit
                0x0000000000009508       0x3c C:/ncs/v2.9.0/nrfxlib/crypto/nrf_cc310_platform/lib/cortex-m4/hard-float/no-interrupts/libnrf_cc310_platform_0.9.19.a(cc_pal_pm.c.obj)
                0x0000000000009508                CC_PalPowerSaveModeInit
 .text.CC_PalPowerSaveModeSelect
                0x0000000000009544       0x84 C:/ncs/v2.9.0/nrfxlib/crypto/nrf_cc310_platform/lib/cortex-m4/hard-float/no-interrupts/libnrf_cc310_platform_0.9.19.a(cc_pal_pm.c.obj)
                0x0000000000009544                CC_PalPowerSaveModeSelect
 .text.malloc   0x00000000000095c8       0x10 C:/ncs/toolchains/0b393f9e1b/opt/zephyr-sdk/arm-zephyr-eabi/arm-zephyr-eabi/lib/thumb/v7e-m+fp/hard\libc_nano.a(lib_a-malloc.o)
                0x00000000000095c8                malloc
 .text._free_r  0x00000000000095d8       0x94 C:/ncs/toolchains/0b393f9e1b/opt/zephyr-sdk/arm-zephyr-eabi/arm-zephyr-eabi/lib/thumb/v7e-m+fp/hard\libc_nano.a(lib_a-nano-freer.o)
                0x00000000000095d8                _free_r
 .text._malloc_r
                0x000000000000966c       0xb4 C:/ncs/toolchains/0b393f9e1b/opt/zephyr-sdk/arm-zephyr-eabi/arm-zephyr-eabi/lib/thumb/v7e-m+fp/hard\libc_nano.a(lib_a-nano-mallocr.o)
                0x000000000000966c                _malloc_r
 .text._printf_float
                0x0000000000009720      0x464 C:/ncs/toolchains/0b393f9e1b/opt/zephyr-sdk/arm-zephyr-eabi/arm-zephyr-eabi/lib/thumb/v7e-m+fp/hard\libc_nano.a(lib_a-nano-vfprintf_float.o)
                0x0000000000009720                _printf_float
 .text._printf_i
                0x0000000000009b84      0x25c C:/ncs/toolchains/0b393f9e1b/opt/zephyr-sdk/arm-zephyr-eabi/arm-zephyr-eabi/lib/thumb/v7e-m+fp/hard\libc_nano.a(lib_a-nano-vfprintf_i.o)
                0x0000000000009b84                _printf_i
 .text._sbrk_r  0x0000000000009de0       0x20 C:/ncs/toolchains/0b393f9e1b/opt/zephyr-sdk/arm-zephyr-eabi/arm-zephyr-eabi/lib/thumb/v7e-m+fp/hard\libc_nano.a(lib_a-sbrkr.o)
                0x0000000000009de0                _sbrk_r
 .text._localeconv_r
                0x0000000000009e00        0x8 C:/ncs/toolchains/0b393f9e1b/opt/zephyr-sdk/arm-zephyr-eabi/arm-zephyr-eabi/lib/thumb/v7e-m+fp/hard\libc_nano.a(lib_a-localeconv.o)
                0x0000000000009e00                _localeconv_r
 .text.__malloc_lock
                0x0000000000009e08        0xc C:/ncs/toolchains/0b393f9e1b/opt/zephyr-sdk/arm-zephyr-eabi/arm-zephyr-eabi/lib/thumb/v7e-m+fp/hard\libc_nano.a(lib_a-mlock.o)
                0x0000000000009e08                __malloc_lock
 .text.__malloc_unlock
                0x0000000000009e14        0xc C:/ncs/toolchains/0b393f9e1b/opt/zephyr-sdk/arm-zephyr-eabi/arm-zephyr-eabi/lib/thumb/v7e-m+fp/hard\libc_nano.a(lib_a-mlock.o)
                0x0000000000009e14                __malloc_unlock
 .text._Balloc  0x0000000000009e20       0x80 C:/ncs/toolchains/0b393f9e1b/opt/zephyr-sdk/arm-zephyr-eabi/arm-zephyr-eabi/lib/thumb/v7e-m+fp/hard\libc_nano.a(lib_a-mprec.o)
                0x0000000000009e20                _Balloc
 .text._Bfree   0x0000000000009ea0       0x44 C:/ncs/toolchains/0b393f9e1b/opt/zephyr-sdk/arm-zephyr-eabi/arm-zephyr-eabi/lib/thumb/v7e-m+fp/hard\libc_nano.a(lib_a-mprec.o)
                0x0000000000009ea0                _Bfree
 .text.__multadd
                0x0000000000009ee4       0x8c C:/ncs/toolchains/0b393f9e1b/opt/zephyr-sdk/arm-zephyr-eabi/arm-zephyr-eabi/lib/thumb/v7e-m+fp/hard\libc_nano.a(lib_a-mprec.o)
                0x0000000000009ee4                __multadd
 .text.__i2b    0x0000000000009f70       0x2c C:/ncs/toolchains/0b393f9e1b/opt/zephyr-sdk/arm-zephyr-eabi/arm-zephyr-eabi/lib/thumb/v7e-m+fp/hard\libc_nano.a(lib_a-mprec.o)
                0x0000000000009f70                __i2b
 .text.__multiply
                0x0000000000009f9c      0x154 C:/ncs/toolchains/0b393f9e1b/opt/zephyr-sdk/arm-zephyr-eabi/arm-zephyr-eabi/lib/thumb/v7e-m+fp/hard\libc_nano.a(lib_a-mprec.o)
                0x0000000000009f9c                __multiply
 .text.__pow5mult
                0x000000000000a0f0       0xb4 C:/ncs/toolchains/0b393f9e1b/opt/zephyr-sdk/arm-zephyr-eabi/arm-zephyr-eabi/lib/thumb/v7e-m+fp/hard\libc_nano.a(lib_a-mprec.o)
                0x000000000000a0f0                __pow5mult
 .text.__lshift
                0x000000000000a1a4       0xd8 C:/ncs/toolchains/0b393f9e1b/opt/zephyr-sdk/arm-zephyr-eabi/arm-zephyr-eabi/lib/thumb/v7e-m+fp/hard\libc_nano.a(lib_a-mprec.o)
                0x000000000000a1a4                __lshift
 .text.__mdiff  0x000000000000a27c      0x128 C:/ncs/toolchains/0b393f9e1b/opt/zephyr-sdk/arm-zephyr-eabi/arm-zephyr-eabi/lib/thumb/v7e-m+fp/hard\libc_nano.a(lib_a-mprec.o)
                0x000000000000a27c                __mdiff
 .text.__d2b    0x000000000000a3a4       0xb0 C:/ncs/toolchains/0b393f9e1b/opt/zephyr-sdk/arm-zephyr-eabi/arm-zephyr-eabi/lib/thumb/v7e-m+fp/hard\libc_nano.a(lib_a-mprec.o)
                0x000000000000a3a4                __d2b
 .text.__assert_func
                0x000000000000a454       0x3c C:/ncs/toolchains/0b393f9e1b/opt/zephyr-sdk/arm-zephyr-eabi/arm-zephyr-eabi/lib/thumb/v7e-m+fp/hard\libc_nano.a(lib_a-assert.o)
                0x000000000000a454                __assert_func
 .text.fprintf  0x000000000000a490       0x24 C:/ncs/toolchains/0b393f9e1b/opt/zephyr-sdk/arm-zephyr-eabi/arm-zephyr-eabi/lib/thumb/v7e-m+fp/hard\libc_nano.a(lib_a-fprintf.o)
                0x000000000000a490                fiprintf
                0x000000000000a490                fprintf
 .text._vfprintf_r
                0x000000000000a4b4      0x258 C:/ncs/toolchains/0b393f9e1b/opt/zephyr-sdk/arm-zephyr-eabi/arm-zephyr-eabi/lib/thumb/v7e-m+fp/hard\libc_nano.a(lib_a-nano-vfprintf.o)
                0x000000000000a4b4                _vfprintf_r
                0x000000000000a4b4                _vfiprintf_r
 .text.__swbuf_r
                0x000000000000a70c       0xa4 C:/ncs/toolchains/0b393f9e1b/opt/zephyr-sdk/arm-zephyr-eabi/arm-zephyr-eabi/lib/thumb/v7e-m+fp/hard\libc_nano.a(lib_a-wbuf.o)
                0x000000000000a70c                __swbuf_r
 .text.__swsetup_r
                0x000000000000a7b0       0xd8 C:/ncs/toolchains/0b393f9e1b/opt/zephyr-sdk/arm-zephyr-eabi/arm-zephyr-eabi/lib/thumb/v7e-m+fp/hard\libc_nano.a(lib_a-wsetup.o)
                0x000000000000a7b0                __swsetup_r
 .text._fflush_r
                0x000000000000a888       0x78 C:/ncs/toolchains/0b393f9e1b/opt/zephyr-sdk/arm-zephyr-eabi/arm-zephyr-eabi/lib/thumb/v7e-m+fp/hard\libc_nano.a(lib_a-fflush.o)
                0x000000000000a888                _fflush_r
 .text.std      0x000000000000a900       0x48 C:/ncs/toolchains/0b393f9e1b/opt/zephyr-sdk/arm-zephyr-eabi/arm-zephyr-eabi/lib/thumb/v7e-m+fp/hard\libc_nano.a(lib_a-findfp.o)
 .text._cleanup_r
                0x000000000000a948        0xc C:/ncs/toolchains/0b393f9e1b/opt/zephyr-sdk/arm-zephyr-eabi/arm-zephyr-eabi/lib/thumb/v7e-m+fp/hard\libc_nano.a(lib_a-findfp.o)
                0x000000000000a948                _cleanup_r
 .text.__sfp_lock_acquire
                0x000000000000a954        0xc C:/ncs/toolchains/0b393f9e1b/opt/zephyr-sdk/arm-zephyr-eabi/arm-zephyr-eabi/lib/thumb/v7e-m+fp/hard\libc_nano.a(lib_a-findfp.o)
                0x000000000000a954                __sfp_lock_acquire
 .text.__sfp_lock_release
                0x000000000000a960        0xc C:/ncs/toolchains/0b393f9e1b/opt/zephyr-sdk/arm-zephyr-eabi/arm-zephyr-eabi/lib/thumb/v7e-m+fp/hard\libc_nano.a(lib_a-findfp.o)
                0x000000000000a960                __sfp_lock_release
 .text.__sinit_lock_acquire
                0x000000000000a96c        0xc C:/ncs/toolchains/0b393f9e1b/opt/zephyr-sdk/arm-zephyr-eabi/arm-zephyr-eabi/lib/thumb/v7e-m+fp/hard\libc_nano.a(lib_a-findfp.o)
                0x000000000000a96c                __sinit_lock_acquire
 .text.__sinit_lock_release
                0x000000000000a978        0xc C:/ncs/toolchains/0b393f9e1b/opt/zephyr-sdk/arm-zephyr-eabi/arm-zephyr-eabi/lib/thumb/v7e-m+fp/hard\libc_nano.a(lib_a-findfp.o)
                0x000000000000a978                __sinit_lock_release
 .text.__sinit  0x000000000000a984       0x70 C:/ncs/toolchains/0b393f9e1b/opt/zephyr-sdk/arm-zephyr-eabi/arm-zephyr-eabi/lib/thumb/v7e-m+fp/hard\libc_nano.a(lib_a-findfp.o)
                0x000000000000a984                __sinit
 .text.__sfp    0x000000000000a9f4       0x8c C:/ncs/toolchains/0b393f9e1b/opt/zephyr-sdk/arm-zephyr-eabi/arm-zephyr-eabi/lib/thumb/v7e-m+fp/hard\libc_nano.a(lib_a-findfp.o)
                0x000000000000a9f4                __sfp
 .text.__smakebuf_r
                0x000000000000aa80       0x80 C:/ncs/toolchains/0b393f9e1b/opt/zephyr-sdk/arm-zephyr-eabi/arm-zephyr-eabi/lib/thumb/v7e-m+fp/hard\libc_nano.a(lib_a-makebuf.o)
                0x000000000000aa80                __smakebuf_r
 .text._write_r
                0x000000000000ab00       0x24 C:/ncs/toolchains/0b393f9e1b/opt/zephyr-sdk/arm-zephyr-eabi/arm-zephyr-eabi/lib/thumb/v7e-m+fp/hard\libc_nano.a(lib_a-writer.o)
                0x000000000000ab00                _write_r
 .text._close_r
                0x000000000000ab24       0x20 C:/ncs/toolchains/0b393f9e1b/opt/zephyr-sdk/arm-zephyr-eabi/arm-zephyr-eabi/lib/thumb/v7e-m+fp/hard\libc_nano.a(lib_a-closer.o)
                0x000000000000ab24                _close_r
 .text._fstat_r
                0x000000000000ab44       0x24 C:/ncs/toolchains/0b393f9e1b/opt/zephyr-sdk/arm-zephyr-eabi/arm-zephyr-eabi/lib/thumb/v7e-m+fp/hard\libc_nano.a(lib_a-fstatr.o)
                0x000000000000ab44                _fstat_r
 .text._isatty_r
                0x000000000000ab68       0x20 C:/ncs/toolchains/0b393f9e1b/opt/zephyr-sdk/arm-zephyr-eabi/arm-zephyr-eabi/lib/thumb/v7e-m+fp/hard\libc_nano.a(lib_a-isattyr.o)
                0x000000000000ab68                _isatty_r
 .text._lseek_r
                0x000000000000ab88       0x24 C:/ncs/toolchains/0b393f9e1b/opt/zephyr-sdk/arm-zephyr-eabi/arm-zephyr-eabi/lib/thumb/v7e-m+fp/hard\libc_nano.a(lib_a-lseekr.o)
                0x000000000000ab88                _lseek_r
 .text._read_r  0x000000000000abac       0x24 C:/ncs/toolchains/0b393f9e1b/opt/zephyr-sdk/arm-zephyr-eabi/arm-zephyr-eabi/lib/thumb/v7e-m+fp/hard\libc_nano.a(lib_a-readr.o)
                0x000000000000abac                _read_r
 .text._OffsetAbsSyms
                0x000000000000abd0        0x2 zephyr/CMakeFiles/offsets.dir/./arch/arm/core/offsets/offsets.c.obj
                0x000000000000abd0                _OffsetAbsSyms
 .text.z_log_msg_simple_create_0
                0x000000000000abd2        0x4 app/libapp.a(main.c.obj)
 .text.z_log_msg_simple_create_1
                0x000000000000abd6        0x4 app/libapp.a(main.c.obj)
 .text.z_log_msg_static_create.constprop.0
                0x000000000000abda        0x6 app/libapp.a(main.c.obj)
 .text.gpio_pin_configure.isra.0
                0x000000000000abe0       0x18 app/libapp.a(main.c.obj)
 .text.k_sleep.isra.0
                0x000000000000abf8        0x4 app/libapp.a(main.c.obj)
 .text.k_msleep.isra.0
                0x000000000000abfc       0x20 app/libapp.a(main.c.obj)
 .text.z_impl_gpio_pin_configure
                0x000000000000ac1c       0x34 app/libapp.a(hx711_driver.c.obj)
 .text.gpio_pin_get
                0x000000000000ac50       0x28 app/libapp.a(hx711_driver.c.obj)
 .text.gpio_pin_set
                0x000000000000ac78       0x20 app/libapp.a(hx711_driver.c.obj)
 .text.hx711_wait_for_data
                0x000000000000ac98       0x74 app/libapp.a(hx711_driver.c.obj)
                0x000000000000ac98                hx711_wait_for_data
 .text.hx711_read_raw
                0x000000000000ad0c       0xbe app/libapp.a(hx711_driver.c.obj)
                0x000000000000ad0c                hx711_read_raw
 .text.insert_sort
                0x000000000000adca       0x48 app/libapp.a(hx711_advanced.c.obj)
 .text.k_uptime_get
                0x000000000000ae12       0x1c app/libapp.a(hx711_advanced.c.obj)
 .text.k_msleep.constprop.0.isra.0
                0x000000000000ae2e        0x8 app/libapp.a(hx711_advanced.c.obj)
 .text.hx711_advanced_init
                0x000000000000ae36       0x48 app/libapp.a(hx711_advanced.c.obj)
                0x000000000000ae36                hx711_advanced_init
 .text.hx711_read_median
                0x000000000000ae7e       0x88 app/libapp.a(hx711_advanced.c.obj)
                0x000000000000ae7e                hx711_read_median
 .text.hx711_set_raw_mode
                0x000000000000af06        0x8 app/libapp.a(hx711_advanced.c.obj)
                0x000000000000af06                hx711_set_raw_mode
 .text.hx711_set_average_mode
                0x000000000000af0e        0x8 app/libapp.a(hx711_advanced.c.obj)
                0x000000000000af0e                hx711_set_average_mode
 .text.hx711_set_median_mode
                0x000000000000af16        0x8 app/libapp.a(hx711_advanced.c.obj)
                0x000000000000af16                hx711_set_median_mode
 .text.hx711_set_medavg_mode
                0x000000000000af1e        0x8 app/libapp.a(hx711_advanced.c.obj)
                0x000000000000af1e                hx711_set_medavg_mode
 .text.hx711_set_runavg_mode
                0x000000000000af26        0x8 app/libapp.a(hx711_advanced.c.obj)
                0x000000000000af26                hx711_set_runavg_mode
 .text.hx711_get_mode
                0x000000000000af2e        0x6 app/libapp.a(hx711_advanced.c.obj)
                0x000000000000af2e                hx711_get_mode
 .text.hx711_get_value
                0x000000000000af34       0x44 app/libapp.a(hx711_advanced.c.obj)
                0x000000000000af34                hx711_get_value
 .text.hx711_get_units
                0x000000000000af78       0x12 app/libapp.a(hx711_advanced.c.obj)
                0x000000000000af78                hx711_get_units
 .text.hx711_set_gain
                0x000000000000af8a       0x22 app/libapp.a(hx711_advanced.c.obj)
                0x000000000000af8a                hx711_set_gain
 .text.hx711_get_gain
                0x000000000000afac        0x6 app/libapp.a(hx711_advanced.c.obj)
                0x000000000000afac                hx711_get_gain
 .text.hx711_get_tare
                0x000000000000afb2        0x6 app/libapp.a(hx711_advanced.c.obj)
                0x000000000000afb2                hx711_get_tare
 .text.hx711_tare_set
                0x000000000000afb8        0x6 app/libapp.a(hx711_advanced.c.obj)
                0x000000000000afb8                hx711_tare_set
 .text.hx711_set_scale
                0x000000000000afbe       0x14 app/libapp.a(hx711_advanced.c.obj)
                0x000000000000afbe                hx711_set_scale
 .text.hx711_get_scale
                0x000000000000afd2        0x6 app/libapp.a(hx711_advanced.c.obj)
                0x000000000000afd2                hx711_get_scale
 .text.hx711_set_offset
                0x000000000000afd8        0x4 app/libapp.a(hx711_advanced.c.obj)
                0x000000000000afd8                hx711_set_offset
 .text.hx711_get_offset
                0x000000000000afdc        0x4 app/libapp.a(hx711_advanced.c.obj)
                0x000000000000afdc                hx711_get_offset
 .text.hx711_last_time_read
                0x000000000000afe0        0x4 app/libapp.a(hx711_advanced.c.obj)
                0x000000000000afe0                hx711_last_time_read
 .text.hx711_get_price
                0x000000000000afe4       0x12 app/libapp.a(hx711_advanced.c.obj)
                0x000000000000afe4                hx711_get_price
 .text.hx711_set_unit_price
                0x000000000000aff6        0x6 app/libapp.a(hx711_advanced.c.obj)
                0x000000000000aff6                hx711_set_unit_price
 .text.hx711_get_unit_price
                0x000000000000affc        0x6 app/libapp.a(hx711_advanced.c.obj)
                0x000000000000affc                hx711_get_unit_price
 .text.k_msleep.isra.0
                0x000000000000b002       0x20 app/libapp.a(hx711_demo.c.obj)
 .text.chunk_field
                0x000000000000b022       0x16 zephyr/libzephyr.a(heap.c.obj)
 .text.chunk_set
                0x000000000000b038       0x16 zephyr/libzephyr.a(heap.c.obj)
 .text.chunk_size
                0x000000000000b04e        0xc zephyr/libzephyr.a(heap.c.obj)
 .text.set_chunk_used
                0x000000000000b05a       0x30 zephyr/libzephyr.a(heap.c.obj)
 .text.set_chunk_size
                0x000000000000b08a        0x8 zephyr/libzephyr.a(heap.c.obj)
 .text.bucket_idx.isra.0
                0x000000000000b092       0x1c zephyr/libzephyr.a(heap.c.obj)
 .text.free_list_add
                0x000000000000b0ae       0x84 zephyr/libzephyr.a(heap.c.obj)
 .text.sys_heap_init
                0x000000000000b132       0xb0 zephyr/libzephyr.a(heap.c.obj)
                0x000000000000b132                sys_heap_init
 .text.cbpprintf_external
                0x000000000000b1e2       0x62 zephyr/libzephyr.a(cbprintf_packaged.c.obj)
                0x000000000000b1e2                cbpprintf_external
 .text.is_ptr   0x000000000000b244       0x4a zephyr/libzephyr.a(cbprintf_packaged.c.obj)
                0x000000000000b244                is_ptr
 .text.str_out  0x000000000000b28e       0x24 zephyr/libzephyr.a(printk.c.obj)
 .text.printk   0x000000000000b2b2       0x1a zephyr/libzephyr.a(printk.c.obj)
                0x000000000000b2b2                printk
 .text.snprintk
                0x000000000000b2cc       0x1a zephyr/libzephyr.a(printk.c.obj)
                0x000000000000b2cc                snprintk
 .text.z_thread_entry
                0x000000000000b2e6       0x14 zephyr/libzephyr.a(thread_entry.c.obj)
                0x000000000000b2e6                z_thread_entry
 .text._ldiv5   0x000000000000b2fa       0x30 zephyr/libzephyr.a(cbprintf_complete.c.obj)
 .text._get_digit
                0x000000000000b32a       0x2e zephyr/libzephyr.a(cbprintf_complete.c.obj)
 .text.outs     0x000000000000b358       0x2e zephyr/libzephyr.a(cbprintf_complete.c.obj)
 .text.free_space
                0x000000000000b386       0x26 zephyr/libzephyr.a(mpsc_pbuf.c.obj)
 .text.get_usage
                0x000000000000b3ac       0x22 zephyr/libzephyr.a(mpsc_pbuf.c.obj)
 .text.idx_inc  0x000000000000b3ce       0x1c zephyr/libzephyr.a(mpsc_pbuf.c.obj)
 .text.rd_idx_inc
                0x000000000000b3ea       0x18 zephyr/libzephyr.a(mpsc_pbuf.c.obj)
 .text.add_skip_item
                0x000000000000b402       0x3a zephyr/libzephyr.a(mpsc_pbuf.c.obj)
 .text.drop_item_locked
                0x000000000000b43c       0xee zephyr/libzephyr.a(mpsc_pbuf.c.obj)
 .text.post_drop_action
                0x000000000000b52a       0x36 zephyr/libzephyr.a(mpsc_pbuf.c.obj)
 .text.max_utilization_update
                0x000000000000b560       0x1a zephyr/libzephyr.a(mpsc_pbuf.c.obj)
 .text.mpsc_pbuf_init
                0x000000000000b57a       0x42 zephyr/libzephyr.a(mpsc_pbuf.c.obj)
                0x000000000000b57a                mpsc_pbuf_init
 .text.mpsc_pbuf_alloc
                0x000000000000b5bc       0xf8 zephyr/libzephyr.a(mpsc_pbuf.c.obj)
                0x000000000000b5bc                mpsc_pbuf_alloc
 .text.mpsc_pbuf_commit
                0x000000000000b6b4       0x3e zephyr/libzephyr.a(mpsc_pbuf.c.obj)
                0x000000000000b6b4                mpsc_pbuf_commit
 .text.mpsc_pbuf_claim
                0x000000000000b6f2       0xa8 zephyr/libzephyr.a(mpsc_pbuf.c.obj)
                0x000000000000b6f2                mpsc_pbuf_claim
 .text.mpsc_pbuf_free
                0x000000000000b79a       0x76 zephyr/libzephyr.a(mpsc_pbuf.c.obj)
                0x000000000000b79a                mpsc_pbuf_free
 .text.mpsc_pbuf_is_pending
                0x000000000000b810       0x32 zephyr/libzephyr.a(mpsc_pbuf.c.obj)
                0x000000000000b810                mpsc_pbuf_is_pending
 .text.process_recheck
                0x000000000000b842       0x38 zephyr/libzephyr.a(onoff.c.obj)
 .text.validate_args
                0x000000000000b87a       0x20 zephyr/libzephyr.a(onoff.c.obj)
 .text.notify_one
                0x000000000000b89a       0x2c zephyr/libzephyr.a(onoff.c.obj)
 .text.transition_complete
                0x000000000000b8c6       0x1c zephyr/libzephyr.a(onoff.c.obj)
 .text.onoff_manager_init
                0x000000000000b8e2       0x26 zephyr/libzephyr.a(onoff.c.obj)
                0x000000000000b8e2                onoff_manager_init
 .text.onoff_request
                0x000000000000b908       0xae zephyr/libzephyr.a(onoff.c.obj)
                0x000000000000b908                onoff_request
 .text.onoff_release
                0x000000000000b9b6       0x48 zephyr/libzephyr.a(onoff.c.obj)
                0x000000000000b9b6                onoff_release
 .text.sys_notify_validate
                0x000000000000b9fe       0x22 zephyr/libzephyr.a(notify.c.obj)
                0x000000000000b9fe                sys_notify_validate
 .text.sys_notify_finalize
                0x000000000000ba20       0x1a zephyr/libzephyr.a(notify.c.obj)
                0x000000000000ba20                sys_notify_finalize
 .text._ConfigAbsSyms
                0x000000000000ba3a        0x2 zephyr/libzephyr.a(configs.c.obj)
                0x000000000000ba3a                _ConfigAbsSyms
 .text.log_msg_generic_get_wlen
                0x000000000000ba3c       0x20 zephyr/libzephyr.a(log_core.c.obj)
 .text.dummy_timestamp
                0x000000000000ba5c        0x4 zephyr/libzephyr.a(log_core.c.obj)
 .text.default_get_timestamp
                0x000000000000ba60        0x4 zephyr/libzephyr.a(log_core.c.obj)
 .text.atomic_inc
                0x000000000000ba64       0x1a zephyr/libzephyr.a(log_core.c.obj)
 .text.z_log_vprintk
                0x000000000000ba7e       0x1c zephyr/libzephyr.a(log_core.c.obj)
                0x000000000000ba7e                z_log_vprintk
 .text.z_log_notify_drop
                0x000000000000ba9a        0x6 zephyr/libzephyr.a(log_core.c.obj)
 .text.z_log_get_tag
                0x000000000000baa0        0x4 zephyr/libzephyr.a(log_core.c.obj)
                0x000000000000baa0                z_log_get_tag
 .text.z_cbprintf_cpy
                0x000000000000baa4       0x2c zephyr/libzephyr.a(log_msg.c.obj)
 .text.z_log_msg_finalize
                0x000000000000bad0       0x32 zephyr/libzephyr.a(log_msg.c.obj)
                0x000000000000bad0                z_log_msg_finalize
 .text.z_log_msg_simple_create
                0x000000000000bb02       0x6e zephyr/libzephyr.a(log_msg.c.obj)
 .text.z_impl_z_log_msg_simple_create_0
                0x000000000000bb70       0x12 zephyr/libzephyr.a(log_msg.c.obj)
                0x000000000000bb70                z_impl_z_log_msg_simple_create_0
 .text.z_impl_z_log_msg_simple_create_1
                0x000000000000bb82       0x14 zephyr/libzephyr.a(log_msg.c.obj)
                0x000000000000bb82                z_impl_z_log_msg_simple_create_1
 .text.log_output_write
                0x000000000000bb96       0x1c zephyr/libzephyr.a(log_output.c.obj)
 .text.log_output_flush
                0x000000000000bbb2       0x1a zephyr/libzephyr.a(log_output.c.obj)
 .text.cbvprintf
                0x000000000000bbcc        0xe zephyr/libzephyr.a(log_output.c.obj)
 .text.out_func
                0x000000000000bbda       0x36 zephyr/libzephyr.a(log_output.c.obj)
 .text.cr_out_func
                0x000000000000bc10       0x1c zephyr/libzephyr.a(log_output.c.obj)
 .text.log_output_msg_process
                0x000000000000bc2c       0x6a zephyr/libzephyr.a(log_output.c.obj)
                0x000000000000bc2c                log_output_msg_process
 .text.abort_function
                0x000000000000bc96        0x2 zephyr/libzephyr.a(nrf_cc3xx_platform_abort_zephyr.c.obj)
 .text.z_do_kernel_oops
                0x000000000000bc98        0x8 zephyr/arch/arch/arm/core/libarch__arm__core.a(fatal.c.obj)
                0x000000000000bc98                z_do_kernel_oops
 .text.z_arm_nmi
                0x000000000000bca0        0xe zephyr/arch/arch/arm/core/libarch__arm__core.a(nmi.c.obj)
                0x000000000000bca0                z_arm_nmi
 .text.z_log_msg_simple_create_0.constprop.0
                0x000000000000bcae        0x8 zephyr/arch/arch/arm/core/cortex_m/libarch__arm__core__cortex_m.a(fault.c.obj)
 .text.z_irq_spurious
                0x000000000000bcb6        0x8 zephyr/arch/arch/arm/core/cortex_m/libarch__arm__core__cortex_m.a(irq_manage.c.obj)
                0x000000000000bcb6                z_irq_spurious
 .text.arch_irq_unlock_outlined
                0x000000000000bcbe        0xe zephyr/arch/arch/arm/core/cortex_m/libarch__arm__core__cortex_m.a(thread.c.obj)
                0x000000000000bcbe                arch_irq_unlock_outlined
 .text.arch_cpu_idle
                0x000000000000bccc       0x1a zephyr/arch/arch/arm/core/cortex_m/libarch__arm__core__cortex_m.a(cpu_idle.c.obj)
                0x000000000000bccc                arch_cpu_idle
 .text.arch_cpu_atomic_idle
                0x000000000000bce6       0x1e zephyr/arch/arch/arm/core/cortex_m/libarch__arm__core__cortex_m.a(cpu_idle.c.obj)
                0x000000000000bce6                arch_cpu_atomic_idle
 .text.size_to_mpu_rasr_size
                0x000000000000bd04       0x20 zephyr/arch/arch/arm/core/mpu/libarch__arm__core__mpu.a(arm_mpu.c.obj)
 .text._stdin_hook_default
                0x000000000000bd24        0x4 zephyr/lib/libc/newlib/liblib__libc__newlib.a(libc-hooks.c.obj)
 .text._stdout_hook_default
                0x000000000000bd28        0x6 zephyr/lib/libc/newlib/liblib__libc__newlib.a(libc-hooks.c.obj)
 .text.malloc_prepare
                0x000000000000bd2e        0x4 zephyr/lib/libc/newlib/liblib__libc__newlib.a(libc-hooks.c.obj)
 .text._read    0x000000000000bd32        0x8 zephyr/lib/libc/newlib/liblib__libc__newlib.a(libc-hooks.c.obj)
                0x000000000000bd32                _read
                0x000000000000bd32                read
 .text._write   0x000000000000bd3a        0x8 zephyr/lib/libc/newlib/liblib__libc__newlib.a(libc-hooks.c.obj)
                0x000000000000bd3a                _write
                0x000000000000bd3a                write
 .text._close   0x000000000000bd42        0x6 zephyr/lib/libc/newlib/liblib__libc__newlib.a(libc-hooks.c.obj)
                0x000000000000bd42                _close
                0x000000000000bd42                close
 .text._lseek   0x000000000000bd48        0x4 zephyr/lib/libc/newlib/liblib__libc__newlib.a(libc-hooks.c.obj)
                0x000000000000bd48                _lseek
                0x000000000000bd48                lseek
 .text._isatty  0x000000000000bd4c        0xa zephyr/lib/libc/newlib/liblib__libc__newlib.a(libc-hooks.c.obj)
                0x000000000000bd4c                _isatty
                0x000000000000bd4c                isatty
 .text._fstat   0x000000000000bd56        0xa zephyr/lib/libc/newlib/liblib__libc__newlib.a(libc-hooks.c.obj)
                0x000000000000bd56                fstat
                0x000000000000bd56                _fstat
 .text.__retarget_lock_init_recursive
                0x000000000000bd60       0x14 zephyr/lib/libc/newlib/liblib__libc__newlib.a(libc-hooks.c.obj)
                0x000000000000bd60                __retarget_lock_init_recursive
 .text.__retarget_lock_acquire_recursive
                0x000000000000bd74        0xc zephyr/lib/libc/newlib/liblib__libc__newlib.a(libc-hooks.c.obj)
                0x000000000000bd74                __retarget_lock_acquire_recursive
 .text.__retarget_lock_release_recursive
                0x000000000000bd80        0x4 zephyr/lib/libc/newlib/liblib__libc__newlib.a(libc-hooks.c.obj)
                0x000000000000bd80                __retarget_lock_release_recursive
 .text.get_status
                0x000000000000bd84       0x12 zephyr/drivers/clock_control/libdrivers__clock_control.a(clock_control_nrf.c.obj)
 .text.stop     0x000000000000bd96       0x50 zephyr/drivers/clock_control/libdrivers__clock_control.a(clock_control_nrf.c.obj)
 .text.api_stop
                0x000000000000bde6        0x6 zephyr/drivers/clock_control/libdrivers__clock_control.a(clock_control_nrf.c.obj)
 .text.async_start
                0x000000000000bdec       0x5a zephyr/drivers/clock_control/libdrivers__clock_control.a(clock_control_nrf.c.obj)
 .text.api_start
                0x000000000000be46        0xe zephyr/drivers/clock_control/libdrivers__clock_control.a(clock_control_nrf.c.obj)
 .text.onoff_started_callback
                0x000000000000be54       0x14 zephyr/drivers/clock_control/libdrivers__clock_control.a(clock_control_nrf.c.obj)
 .text.lfclk_start
                0x000000000000be68        0x6 zephyr/drivers/clock_control/libdrivers__clock_control.a(clock_control_nrf.c.obj)
 .text.lfclk_stop
                0x000000000000be6e        0x6 zephyr/drivers/clock_control/libdrivers__clock_control.a(clock_control_nrf.c.obj)
 .text.blocking_start_callback
                0x000000000000be74        0x6 zephyr/drivers/clock_control/libdrivers__clock_control.a(clock_control_nrf.c.obj)
 .text.gpio_nrfx_port_get_raw
                0x000000000000be7a        0xe zephyr/drivers/gpio/libdrivers__gpio.a(gpio_nrfx.c.obj)
 .text.gpio_nrfx_port_set_masked_raw
                0x000000000000be88       0x18 zephyr/drivers/gpio/libdrivers__gpio.a(gpio_nrfx.c.obj)
 .text.gpio_nrfx_port_set_bits_raw
                0x000000000000bea0        0xc zephyr/drivers/gpio/libdrivers__gpio.a(gpio_nrfx.c.obj)
 .text.gpio_nrfx_port_clear_bits_raw
                0x000000000000beac        0xc zephyr/drivers/gpio/libdrivers__gpio.a(gpio_nrfx.c.obj)
 .text.gpio_nrfx_port_toggle_bits
                0x000000000000beb8       0x1a zephyr/drivers/gpio/libdrivers__gpio.a(gpio_nrfx.c.obj)
 .text.gpio_nrfx_manage_callback
                0x000000000000bed2       0x52 zephyr/drivers/gpio/libdrivers__gpio.a(gpio_nrfx.c.obj)
 .text.event_clear
                0x000000000000bf24       0x18 zephyr/drivers/timer/libdrivers__timer.a(nrf_rtc_timer.c.obj)
 .text.sys_clock_cycle_get_32
                0x000000000000bf3c        0x8 zephyr/drivers/timer/libdrivers__timer.a(nrf_rtc_timer.c.obj)
                0x000000000000bf3c                sys_clock_cycle_get_32
 .text.hw_cc3xx_init_internal
                0x000000000000bf44        0x4 modules/nrf/drivers/hw_cc3xx/lib..__nrf__drivers__hw_cc3xx.a(hw_cc3xx.c.obj)
 .text.hw_cc3xx_init
                0x000000000000bf48       0x12 modules/nrf/drivers/hw_cc3xx/lib..__nrf__drivers__hw_cc3xx.a(hw_cc3xx.c.obj)
 .text.nrfx_isr
                0x000000000000bf5a        0x2 modules/hal_nordic/nrfx/libmodules__hal_nordic__nrfx.a(nrfx_glue.c.obj)
                0x000000000000bf5a                nrfx_isr
 .text.nrfx_busy_wait
                0x000000000000bf5c        0x4 modules/hal_nordic/nrfx/libmodules__hal_nordic__nrfx.a(nrfx_glue.c.obj)
                0x000000000000bf5c                nrfx_busy_wait
 .text.nrfx_clock_stop
                0x000000000000bf60        0x4 modules/hal_nordic/nrfx/libmodules__hal_nordic__nrfx.a(nrfx_clock.c.obj)
                0x000000000000bf60                nrfx_clock_stop
 .text.nrf_gpio_reconfigure
                0x000000000000bf64       0x92 modules/hal_nordic/nrfx/libmodules__hal_nordic__nrfx.a(nrfx_gpiote.c.obj)
 .text.nrf_gpio_cfg_sense_set
                0x000000000000bff6       0x1e modules/hal_nordic/nrfx/libmodules__hal_nordic__nrfx.a(nrfx_gpiote.c.obj)
 .text.pin_trigger_disable
                0x000000000000c014       0x48 modules/hal_nordic/nrfx/libmodules__hal_nordic__nrfx.a(nrfx_gpiote.c.obj)
 .text.nrfx_gpiote_pin_uninit
                0x000000000000c05c        0x4 modules/hal_nordic/nrfx/libmodules__hal_nordic__nrfx.a(nrfx_gpiote.c.obj)
                0x000000000000c05c                nrfx_gpiote_pin_uninit
 .text.nrfx_gpiote_trigger_disable
                0x000000000000c060        0x4 modules/hal_nordic/nrfx/libmodules__hal_nordic__nrfx.a(nrfx_gpiote.c.obj)
                0x000000000000c060                nrfx_gpiote_trigger_disable
 .text.SEGGER_RTT_Init
                0x000000000000c064        0x4 modules/segger/libmodules__segger.a(SEGGER_RTT.c.obj)
                0x000000000000c064                SEGGER_RTT_Init
 .text.rtt_init
                0x000000000000c068        0xa modules/segger/libmodules__segger.a(SEGGER_RTT_zephyr.c.obj)
 .text.z_impl_k_busy_wait
                0x000000000000c072        0x8 zephyr/kernel/libkernel.a(busy_wait.c.obj)
                0x000000000000c072                z_impl_k_busy_wait
 .text.z_device_state_init
                0x000000000000c07a        0x2 zephyr/kernel/libkernel.a(device.c.obj)
                0x000000000000c07a                z_device_state_init
 .text.z_impl_device_is_ready
                0x000000000000c07c       0x16 zephyr/kernel/libkernel.a(device.c.obj)
                0x000000000000c07c                z_impl_device_is_ready
 .text.arch_system_halt
                0x000000000000c092       0x10 zephyr/kernel/libkernel.a(fatal.c.obj)
                0x000000000000c092                arch_system_halt
 .text.do_device_init
                0x000000000000c0a2       0x30 zephyr/kernel/libkernel.a(init.c.obj)
 .text.z_early_memset
                0x000000000000c0d2        0x4 zephyr/kernel/libkernel.a(init.c.obj)
                0x000000000000c0d2                z_early_memset
 .text.z_early_memcpy
                0x000000000000c0d6        0x4 zephyr/kernel/libkernel.a(init.c.obj)
                0x000000000000c0d6                z_early_memcpy
 .text.z_init_static
                0x000000000000c0da        0x2 zephyr/kernel/libkernel.a(init_static.c.obj)
                0x000000000000c0da                z_init_static
 .text.create_free_list
                0x000000000000c0dc       0x34 zephyr/kernel/libkernel.a(mem_slab.c.obj)
 .text.k_mem_slab_init
                0x000000000000c110       0x1c zephyr/kernel/libkernel.a(mem_slab.c.obj)
                0x000000000000c110                k_mem_slab_init
 .text.k_mem_slab_free
                0x000000000000c12c       0x4a zephyr/kernel/libkernel.a(mem_slab.c.obj)
                0x000000000000c12c                k_mem_slab_free
 .text.idle     0x000000000000c176       0x16 zephyr/kernel/libkernel.a(idle.c.obj)
                0x000000000000c176                idle
 .text.adjust_owner_prio.isra.0
                0x000000000000c18c       0x10 zephyr/kernel/libkernel.a(mutex.c.obj)
 .text.z_impl_k_mutex_init
                0x000000000000c19c        0xe zephyr/kernel/libkernel.a(mutex.c.obj)
                0x000000000000c19c                z_impl_k_mutex_init
 .text.z_impl_k_sem_init
                0x000000000000c1aa       0x18 zephyr/kernel/libkernel.a(sem.c.obj)
                0x000000000000c1aa                z_impl_k_sem_init
 .text.k_is_in_isr
                0x000000000000c1c2        0xc zephyr/kernel/libkernel.a(thread.c.obj)
                0x000000000000c1c2                k_is_in_isr
 .text.z_impl_k_thread_name_set
                0x000000000000c1ce        0x6 zephyr/kernel/libkernel.a(thread.c.obj)
                0x000000000000c1ce                z_impl_k_thread_name_set
 .text.k_thread_name_get
                0x000000000000c1d4        0x4 zephyr/kernel/libkernel.a(thread.c.obj)
                0x000000000000c1d4                k_thread_name_get
 .text.z_impl_k_thread_start
                0x000000000000c1d8        0x4 zephyr/kernel/libkernel.a(thread.c.obj)
                0x000000000000c1d8                z_impl_k_thread_start
 .text.sys_dlist_remove
                0x000000000000c1dc       0x10 zephyr/kernel/libkernel.a(sched.c.obj)
 .text.unpend_thread_no_timeout
                0x000000000000c1ec       0x14 zephyr/kernel/libkernel.a(sched.c.obj)
 .text.add_to_waitq_locked
                0x000000000000c200       0x50 zephyr/kernel/libkernel.a(sched.c.obj)
 .text.z_ready_thread
                0x000000000000c250       0x1e zephyr/kernel/libkernel.a(sched.c.obj)
                0x000000000000c250                z_ready_thread
 .text.z_impl_k_thread_suspend
                0x000000000000c26e       0x34 zephyr/kernel/libkernel.a(sched.c.obj)
                0x000000000000c26e                z_impl_k_thread_suspend
 .text.z_unpend_thread_no_timeout
                0x000000000000c2a2       0x22 zephyr/kernel/libkernel.a(sched.c.obj)
                0x000000000000c2a2                z_unpend_thread_no_timeout
 .text.z_sched_wake_thread
                0x000000000000c2c4       0x42 zephyr/kernel/libkernel.a(sched.c.obj)
                0x000000000000c2c4                z_sched_wake_thread
 .text.z_thread_timeout
                0x000000000000c306        0x8 zephyr/kernel/libkernel.a(sched.c.obj)
                0x000000000000c306                z_thread_timeout
 .text.z_unpend1_no_timeout
                0x000000000000c30e       0x2c zephyr/kernel/libkernel.a(sched.c.obj)
                0x000000000000c30e                z_unpend1_no_timeout
 .text.z_unpend_first_thread
                0x000000000000c33a       0x36 zephyr/kernel/libkernel.a(sched.c.obj)
                0x000000000000c33a                z_unpend_first_thread
 .text.z_thread_abort
                0x000000000000c370       0x44 zephyr/kernel/libkernel.a(sched.c.obj)
                0x000000000000c370                z_thread_abort
 .text.z_abort_timeout
                0x000000000000c3b4       0x2a zephyr/kernel/libkernel.a(timeout.c.obj)
                0x000000000000c3b4                z_abort_timeout
 .text.sys_clock_tick_get_32
                0x000000000000c3de        0x8 zephyr/kernel/libkernel.a(timeout.c.obj)
                0x000000000000c3de                sys_clock_tick_get_32
 .text.z_impl_k_uptime_ticks
                0x000000000000c3e6        0x4 zephyr/kernel/libkernel.a(timeout.c.obj)
                0x000000000000c3e6                z_impl_k_uptime_ticks
 .text.k_timer_init
                0x000000000000c3ea       0x18 zephyr/kernel/libkernel.a(timer.c.obj)
                0x000000000000c3ea                k_timer_init
 .text.z_impl_k_timer_stop
                0x000000000000c402       0x38 zephyr/kernel/libkernel.a(timer.c.obj)
                0x000000000000c402                z_impl_k_timer_stop
 .text.k_heap_init
                0x000000000000c43a       0x12 zephyr/kernel/libkernel.a(kheap.c.obj)
                0x000000000000c43a                k_heap_init
 .text.memcpy   0x000000000000c44c       0x1c C:/ncs/toolchains/0b393f9e1b/opt/zephyr-sdk/arm-zephyr-eabi/arm-zephyr-eabi/lib/thumb/v7e-m+fp/hard\libc_nano.a(lib_a-memcpy-stub.o)
                0x000000000000c44c                memcpy
 .text.memset   0x000000000000c468       0x10 C:/ncs/toolchains/0b393f9e1b/opt/zephyr-sdk/arm-zephyr-eabi/arm-zephyr-eabi/lib/thumb/v7e-m+fp/hard\libc_nano.a(lib_a-memset.o)
                0x000000000000c468                memset
 .text.__cvt    0x000000000000c478       0xd2 C:/ncs/toolchains/0b393f9e1b/opt/zephyr-sdk/arm-zephyr-eabi/arm-zephyr-eabi/lib/thumb/v7e-m+fp/hard\libc_nano.a(lib_a-nano-vfprintf_float.o)
                0x000000000000c478                __cvt
 .text.__exponent
                0x000000000000c54a       0x74 C:/ncs/toolchains/0b393f9e1b/opt/zephyr-sdk/arm-zephyr-eabi/arm-zephyr-eabi/lib/thumb/v7e-m+fp/hard\libc_nano.a(lib_a-nano-vfprintf_float.o)
                0x000000000000c54a                __exponent
 .text._printf_common
                0x000000000000c5be       0xda C:/ncs/toolchains/0b393f9e1b/opt/zephyr-sdk/arm-zephyr-eabi/arm-zephyr-eabi/lib/thumb/v7e-m+fp/hard\libc_nano.a(lib_a-nano-vfprintf_i.o)
                0x000000000000c5be                _printf_common