Archive member included to satisfy reference by file (symbol)

app/libapp.a(main.c.obj)      (--whole-archive)
app/libapp.a(hx711_driver.c.obj)
                              (--whole-archive)
zephyr/libzephyr.a(heap.c.obj)
                              (--whole-archive)
zephyr/libzephyr.a(cbprintf_packaged.c.obj)
                              (--whole-archive)
zephyr/libzephyr.a(printk.c.obj)
                              (--whole-archive)
zephyr/libzephyr.a(sem.c.obj)
                              (--whole-archive)
zephyr/libzephyr.a(thread_entry.c.obj)
                              (--whole-archive)
zephyr/libzephyr.a(cbprintf_complete.c.obj)
                              (--whole-archive)
zephyr/libzephyr.a(cbprintf.c.obj)
                              (--whole-archive)
zephyr/libzephyr.a(assert.c.obj)
                              (--whole-archive)
zephyr/libzephyr.a(mpsc_pbuf.c.obj)
                              (--whole-archive)
zephyr/libzephyr.a(dec.c.obj)
                              (--whole-archive)
zephyr/libzephyr.a(hex.c.obj)
                              (--whole-archive)
zephyr/libzephyr.a(rb.c.obj)  (--whole-archive)
zephyr/libzephyr.a(timeutil.c.obj)
                              (--whole-archive)
zephyr/libzephyr.a(bitarray.c.obj)
                              (--whole-archive)
zephyr/libzephyr.a(onoff.c.obj)
                              (--whole-archive)
zephyr/libzephyr.a(notify.c.obj)
                              (--whole-archive)
zephyr/libzephyr.a(configs.c.obj)
                              (--whole-archive)
zephyr/libzephyr.a(log_core.c.obj)
                              (--whole-archive)
zephyr/libzephyr.a(log_mgmt.c.obj)
                              (--whole-archive)
zephyr/libzephyr.a(log_cache.c.obj)
                              (--whole-archive)
zephyr/libzephyr.a(log_msg.c.obj)
                              (--whole-archive)
zephyr/libzephyr.a(log_output.c.obj)
                              (--whole-archive)
zephyr/libzephyr.a(log_backend_rtt.c.obj)
                              (--whole-archive)
zephyr/libzephyr.a(mem_attr.c.obj)
                              (--whole-archive)
zephyr/libzephyr.a(device.c.obj)
                              (--whole-archive)
zephyr/libzephyr.a(device_system_managed.c.obj)
                              (--whole-archive)
zephyr/libzephyr.a(tracing_none.c.obj)
                              (--whole-archive)
zephyr/libzephyr.a(banner.c.obj)
                              (--whole-archive)
zephyr/libzephyr.a(flash_map_partition_manager.c.obj)
                              (--whole-archive)
zephyr/libzephyr.a(nrf_cc3xx_platform_abort_zephyr.c.obj)
                              (--whole-archive)
zephyr/libzephyr.a(nrf_cc3xx_platform_mutex_zephyr.c.obj)
                              (--whole-archive)
zephyr/arch/common/libarch__common.a(sw_isr_common.c.obj)
                              (--whole-archive)
zephyr/arch/arch/arm/core/libarch__arm__core.a(fatal.c.obj)
                              (--whole-archive)
zephyr/arch/arch/arm/core/libarch__arm__core.a(nmi.c.obj)
                              (--whole-archive)
zephyr/arch/arch/arm/core/libarch__arm__core.a(nmi_on_reset.S.obj)
                              (--whole-archive)
zephyr/arch/arch/arm/core/cortex_m/libarch__arm__core__cortex_m.a(exc_exit.c.obj)
                              (--whole-archive)
zephyr/arch/arch/arm/core/cortex_m/libarch__arm__core__cortex_m.a(fault.c.obj)
                              (--whole-archive)
zephyr/arch/arch/arm/core/cortex_m/libarch__arm__core__cortex_m.a(fault_s.S.obj)
                              (--whole-archive)
zephyr/arch/arch/arm/core/cortex_m/libarch__arm__core__cortex_m.a(fpu.c.obj)
                              (--whole-archive)
zephyr/arch/arch/arm/core/cortex_m/libarch__arm__core__cortex_m.a(reset.S.obj)
                              (--whole-archive)
zephyr/arch/arch/arm/core/cortex_m/libarch__arm__core__cortex_m.a(scb.c.obj)
                              (--whole-archive)
zephyr/arch/arch/arm/core/cortex_m/libarch__arm__core__cortex_m.a(thread_abort.c.obj)
                              (--whole-archive)
zephyr/arch/arch/arm/core/cortex_m/libarch__arm__core__cortex_m.a(vector_table.S.obj)
                              (--whole-archive)
zephyr/arch/arch/arm/core/cortex_m/libarch__arm__core__cortex_m.a(swap.c.obj)
                              (--whole-archive)
zephyr/arch/arch/arm/core/cortex_m/libarch__arm__core__cortex_m.a(swap_helper.S.obj)
                              (--whole-archive)
zephyr/arch/arch/arm/core/cortex_m/libarch__arm__core__cortex_m.a(irq_manage.c.obj)
                              (--whole-archive)
zephyr/arch/arch/arm/core/cortex_m/libarch__arm__core__cortex_m.a(prep_c.c.obj)
                              (--whole-archive)
zephyr/arch/arch/arm/core/cortex_m/libarch__arm__core__cortex_m.a(thread.c.obj)
                              (--whole-archive)
[...]
Memory Configuration

Name             Origin             Length             Attributes
FLASH            0x0000000000000000 0x0000000000100000 xr
RAM              0x0000000020000000 0x0000000000040000 xw
IDT_LIST         0x00000000ffff7fff 0x0000000000008000 xw
*default*        0x0000000000000000 0xffffffffffffffff

Linker script and memory map

LOAD zephyr/CMakeFiles/zephyr_pre0.dir/misc/empty_file.c.obj
LOAD zephyr/CMakeFiles/offsets.dir/./arch/arm/core/offsets/offsets.c.obj
LOAD app/libapp.a
LOAD zephyr/libzephyr.a
LOAD zephyr/arch/common/libarch__common.a
LOAD zephyr/arch/arch/arm/core/libarch__arm__core.a
LOAD zephyr/arch/arch/arm/core/cortex_m/libarch__arm__core__cortex_m.a
LOAD zephyr/arch/arch/arm/core/mpu/libarch__arm__core__mpu.a
LOAD zephyr/lib/libc/newlib/liblib__libc__newlib.a
LOAD zephyr/lib/libc/common/liblib__libc__common.a
LOAD zephyr/soc/soc/nrf52840/libsoc__nordic.a
LOAD zephyr/drivers/clock_control/libdrivers__clock_control.a
LOAD zephyr/drivers/gpio/libdrivers__gpio.a
LOAD zephyr/drivers/sensor/nordic/temp/libdrivers__sensor__nordic__temp.a
LOAD zephyr/drivers/timer/libdrivers__timer.a
LOAD modules/nrf/drivers/hw_cc3xx/lib..__nrf__drivers__hw_cc3xx.a
LOAD modules/hal_nordic/nrfx/libmodules__hal_nordic__nrfx.a
LOAD modules/segger/libmodules__segger.a
LOAD zephyr/kernel/libkernel.a
LOAD zephyr/arch/common/libisr_tables.a
LOAD C:/ncs/v2.9.0/nrfxlib/crypto/nrf_cc310_platform/lib/cortex-m4/soft-float/no-interrupts/libnrf_cc310_platform_0.9.19.a
LOAD C:/ncs/toolchains/0b393f9e1b/opt/zephyr-sdk/arm-zephyr-eabi/arm-zephyr-eabi/lib/thumb/v7e-m/nofp\libc_nano.a
LOAD C:/ncs/toolchains/0b393f9e1b/opt/zephyr-sdk/arm-zephyr-eabi/arm-zephyr-eabi/lib/thumb/v7e-m/nofp\libm_nano.a
LOAD C:/ncs/toolchains/0b393f9e1b/opt/zephyr-sdk/arm-zephyr-eabi/arm-zephyr-eabi/lib/thumb/v7e-m/nofp\libc_nano.a
LOAD c:/ncs/toolchains/0b393f9e1b/opt/zephyr-sdk/arm-zephyr-eabi/bin/../lib/gcc/arm-zephyr-eabi/12.2.0/thumb/v7e-m/nofp\libgcc.a
LOAD C:/ncs/toolchains/0b393f9e1b/opt/zephyr-sdk/arm-zephyr-eabi/arm-zephyr-eabi/lib/thumb/v7e-m/nofp\libc_nano.a
                0x0000000000000020                _region_min_align = 0x20

.rel.plt        0x0000000000000000        0x0
 *(SORT_BY_ALIGNMENT(.rel.plt))
                [!provide]                        PROVIDE (__rel_iplt_start = .)
 *(SORT_BY_ALIGNMENT(.rel.iplt))
 .rel.iplt      0x0000000000000000        0x0 app/libapp.a(main.c.obj)
                [!provide]                        PROVIDE (__rel_iplt_end = .)

.rela.plt       0x0000000000000000        0x0
 *(SORT_BY_ALIGNMENT(.rela.plt))
                [!provide]                        PROVIDE (__rela_iplt_start = .)
 *(SORT_BY_ALIGNMENT(.rela.iplt))
                [!provide]                        PROVIDE (__rela_iplt_end = .)

.rel.dyn
 *(SORT_BY_ALIGNMENT(.rel.*))

.rela.dyn
 *(SORT_BY_ALIGNMENT(.rela.*))

/DISCARD/
 *(SORT_BY_ALIGNMENT(.plt))

/DISCARD/
 *(SORT_BY_ALIGNMENT(.iplt))
                0x0000000000000000                __rom_region_start = 0x0

rom_start       0x0000000000000000      0x100
                0x0000000000000000                __rom_start_address = .
 FILL mask 0x00
                0x0000000000000000                . = (. + (0x0 - (. - __rom_start_address)))
                0x0000000000000000                . = ALIGN (0x4)
                0x0000000000000000                . = ALIGN (0x80)
                0x0000000000000000                . = ALIGN (0x100)
                0x0000000000000000                _vector_start = .
 *(SORT_BY_ALIGNMENT(.exc_vector_table))
 *(SORT_BY_ALIGNMENT(.exc_vector_table.*))
 .exc_vector_table._vector_table_section
                0x0000000000000000       0x40 zephyr/arch/arch/arm/core/cortex_m/libarch__arm__core__cortex_m.a(vector_table.S.obj)
                0x0000000000000000                _vector_table
 *(SORT_BY_ALIGNMENT(.vectors))
                0x0000000000000100                _vector_end = .
                0x0000000000000040                . = ALIGN (0x4)
 *(SORT_BY_ALIGNMENT(.gnu.linkonce.irq_vector_table*))
 .gnu.linkonce.irq_vector_table
                0x0000000000000040       0xc0 zephyr/arch/common/libisr_tables.a(isr_tables.c.obj)
                0x0000000000000040                _irq_vector_table
                0x0000000000000100                _vector_end = .

text            0x0000000000000100     0xb6c8
                0x0000000000000100                __text_region_start = .
 *(SORT_BY_ALIGNMENT(.text))
 .text          0x0000000000000100       0xa0 C:/ncs/toolchains/0b393f9e1b/opt/zephyr-sdk/arm-zephyr-eabi/arm-zephyr-eabi/lib/thumb/v7e-m/nofp\libc_nano.a(lib_a-memchr.o)
                0x0000000000000100                memchr
 .text          0x00000000000001a0      0x378 c:/ncs/toolchains/0b393f9e1b/opt/zephyr-sdk/arm-zephyr-eabi/bin/../lib/gcc/arm-zephyr-eabi/12.2.0/thumb/v7e-m/nofp\libgcc.a(_arm_addsubdf3.o)
                0x00000000000001a0                __aeabi_drsub
                0x00000000000001a8                __aeabi_dsub
                0x00000000000001a8                __subdf3
                0x00000000000001ac                __aeabi_dadd
                0x00000000000001ac                __adddf3
                0x0000000000000424                __floatunsidf
                0x0000000000000424                __aeabi_ui2d
                0x0000000000000444                __floatsidf
                0x0000000000000444                __aeabi_i2d
                0x0000000000000468                __aeabi_f2d
                0x0000000000000468                __extendsfdf2
                0x00000000000004ac                __floatundidf
                0x00000000000004ac                __aeabi_ul2d
                0x00000000000004bc                __floatdidf
                0x00000000000004bc                __aeabi_l2d
 .text          0x0000000000000518      0x424 c:/ncs/toolchains/0b393f9e1b/opt/zephyr-sdk/arm-zephyr-eabi/bin/../lib/gcc/arm-zephyr-eabi/12.2.0/thumb/v7e-m/nofp\libgcc.a(_arm_muldivdf3.o)
                0x0000000000000518                __aeabi_dmul
                0x0000000000000518                __muldf3
                0x000000000000076c                __divdf3
                0x000000000000076c                __aeabi_ddiv
 .text          0x000000000000093c      0x110 c:/ncs/toolchains/0b393f9e1b/opt/zephyr-sdk/arm-zephyr-eabi/bin/../lib/gcc/arm-zephyr-eabi/12.2.0/thumb/v7e-m/nofp\libgcc.a(_arm_cmpdf2.o)
                0x000000000000093c                __gtdf2
                0x000000000000093c                __gedf2
                0x0000000000000944                __ltdf2
                0x0000000000000944                __ledf2
                0x000000000000094c                __nedf2
                0x000000000000094c                __eqdf2
                0x000000000000094c                __cmpdf2
                0x00000000000009c8                __aeabi_cdrcmple
                0x00000000000009d8                __aeabi_cdcmpeq
                0x00000000000009d8                __aeabi_cdcmple
                0x00000000000009e8                __aeabi_dcmpeq
                0x00000000000009fc                __aeabi_dcmplt
                0x0000000000000a10                __aeabi_dcmple
                0x0000000000000a24                __aeabi_dcmpge
                0x0000000000000a38                __aeabi_dcmpgt
 .text          0x0000000000000a4c       0x2c c:/ncs/toolchains/0b393f9e1b/opt/zephyr-sdk/arm-zephyr-eabi/bin/../lib/gcc/arm-zephyr-eabi/12.2.0/thumb/v7e-m/nofp\libgcc.a(_arm_unorddf2.o)
                0x0000000000000a4c                __unorddf2
                0x0000000000000a4c                __aeabi_dcmpun
 .text          0x0000000000000a78       0x50 c:/ncs/toolchains/0b393f9e1b/opt/zephyr-sdk/arm-zephyr-eabi/bin/../lib/gcc/arm-zephyr-eabi/12.2.0/thumb/v7e-m/nofp\libgcc.a(_arm_fixdfsi.o)
                0x0000000000000a78                __aeabi_d2iz
                0x0000000000000a78                __fixdfsi
 .text          0x0000000000000ac8      0x21c c:/ncs/toolchains/0b393f9e1b/opt/zephyr-sdk/arm-zephyr-eabi/bin/../lib/gcc/arm-zephyr-eabi/12.2.0/thumb/v7e-m/nofp\libgcc.a(_arm_addsubsf3.o)
                0x0000000000000ac8                __aeabi_frsub
                0x0000000000000ad0                __subsf3
                0x0000000000000ad0                __aeabi_fsub
                0x0000000000000ad4                __aeabi_fadd
                0x0000000000000ad4                __addsf3
                0x0000000000000c34                __aeabi_ui2f
                0x0000000000000c34                __floatunsisf
                0x0000000000000c3c                __aeabi_i2f
                0x0000000000000c3c                __floatsisf
                0x0000000000000c58                __aeabi_ul2f
                0x0000000000000c58                __floatundisf
                0x0000000000000c68                __aeabi_l2f
                0x0000000000000c68                __floatdisf
 .text          0x0000000000000ce4      0x2a0 c:/ncs/toolchains/0b393f9e1b/opt/zephyr-sdk/arm-zephyr-eabi/bin/../lib/gcc/arm-zephyr-eabi/12.2.0/thumb/v7e-m/nofp\libgcc.a(_arm_muldivsf3.o)
                0x0000000000000ce4                __mulsf3
                0x0000000000000ce4                __aeabi_fmul
                0x0000000000000e4c                __aeabi_fdiv
                0x0000000000000e4c                __divsf3
 .text          0x0000000000000f84       0x30 c:/ncs/toolchains/0b393f9e1b/opt/zephyr-sdk/arm-zephyr-eabi/bin/../lib/gcc/arm-zephyr-eabi/12.2.0/thumb/v7e-m/nofp\libgcc.a(_aeabi_uldivmod.o)
                0x0000000000000f84                __aeabi_uldivmod
 .text          0x0000000000000fb4        0x4 c:/ncs/toolchains/0b393f9e1b/opt/zephyr-sdk/arm-zephyr-eabi/bin/../lib/gcc/arm-zephyr-eabi/12.2.0/thumb/v7e-m/nofp\libgcc.a(_dvmd_tls.o)
                0x0000000000000fb4                __aeabi_idiv0
                0x0000000000000fb4                __aeabi_ldiv0
 .text          0x0000000000000fb8       0x10 C:/ncs/toolchains/0b393f9e1b/opt/zephyr-sdk/arm-zephyr-eabi/arm-zephyr-eabi/lib/thumb/v7e-m/nofp\libc_nano.a(lib_a-strlen.o)
                0x0000000000000fb8                strlen
 .text          0x0000000000000fc8      0x2a0 c:/ncs/toolchains/0b393f9e1b/opt/zephyr-sdk/arm-zephyr-eabi/bin/../lib/gcc/arm-zephyr-eabi/12.2.0/thumb/v7e-m/nofp\libgcc.a(_udivmoddi4.o)
                0x0000000000000fc8                __udivmoddi4
 *(SORT_BY_ALIGNMENT(.text.*))
 .text._dtoa_r  0x0000000000001268      0xc5c C:/ncs/toolchains/0b393f9e1b/opt/zephyr-sdk/arm-zephyr-eabi/arm-zephyr-eabi/lib/thumb/v7e-m/nofp\libc_nano.a(lib_a-dtoa.o)
                0x0000000000001268                _dtoa_r
 .text.gpio_pin_get.constprop.0
                0x0000000000001ec4       0x30 app/libapp.a(main.c.obj)
 .text.gpio_pin_set.constprop.0.isra.0
                0x0000000000001ef4       0x2c app/libapp.a(main.c.obj)
 .text.tare_sensor.constprop.0
                0x0000000000001f20       0x60 app/libapp.a(main.c.obj)
 .text.calibrate_sensor.constprop.0
                0x0000000000001f80       0xdc app/libapp.a(main.c.obj)
 .text.measure_all
                0x000000000000205c      0x194 app/libapp.a(main.c.obj)
 .text.test_hardware_connections
                0x00000000000021f0      0x170 app/libapp.a(main.c.obj)
                0x00000000000021f0                test_hardware_connections
 .text.main     0x0000000000002360      0x254 app/libapp.a(main.c.obj)
                0x0000000000002360                main
 .text.hx711_init
                0x00000000000025b4       0x70 app/libapp.a(hx711_driver.c.obj)
                0x00000000000025b4                hx711_init
 .text.hx711_set_rate
                0x0000000000002624       0x14 app/libapp.a(hx711_driver.c.obj)
                0x0000000000002624                hx711_set_rate
 .text.hx711_sleep
                0x0000000000002638       0x30 app/libapp.a(hx711_driver.c.obj)
                0x0000000000002638                hx711_sleep
 .text.hx711_wake_up
                0x0000000000002668       0x34 app/libapp.a(hx711_driver.c.obj)
                0x0000000000002668                hx711_wake_up
 .text.cbvprintf_package
                0x000000000000269c      0x3a4 zephyr/libzephyr.a(cbprintf_packaged.c.obj)
                0x000000000000269c                cbvprintf_package
 .text.cbprintf_package_convert
                0x0000000000002a40      0x3c0 zephyr/libzephyr.a(cbprintf_packaged.c.obj)
                0x0000000000002a40                cbprintf_package_convert
 .text.vsnprintk
                0x0000000000002e00       0x2c zephyr/libzephyr.a(printk.c.obj)
                0x0000000000002e00                vsnprintk
 .text.extract_decimal
                0x0000000000002e2c       0x2c zephyr/libzephyr.a(cbprintf_complete.c.obj)
 .text.encode_uint
                0x0000000000002e58       0x9c zephyr/libzephyr.a(cbprintf_complete.c.obj)
 .text.z_cbvprintf_impl
                0x0000000000002ef4      0x76c zephyr/libzephyr.a(cbprintf_complete.c.obj)
                0x0000000000002ef4                z_cbvprintf_impl
 .text.process_event
                0x0000000000003660      0x21c zephyr/libzephyr.a(onoff.c.obj)
 .text.activate_foreach_backend
                0x000000000000387c       0x64 zephyr/libzephyr.a(log_core.c.obj)
 .text.enable_logger
                0x00000000000038e0       0x5c zephyr/libzephyr.a(log_core.c.obj)
 .text.log_process_thread_timer_expiry_fn
                0x000000000000393c        0xc zephyr/libzephyr.a(log_core.c.obj)
 .text.z_log_init
                0x0000000000003948       0x90 zephyr/libzephyr.a(log_core.c.obj)
 .text.log_format_func_t_get
                0x00000000000039d8        0xc zephyr/libzephyr.a(log_core.c.obj)
                0x00000000000039d8                log_format_func_t_get
 .text.log_set_timestamp_func
                0x00000000000039e4       0x20 zephyr/libzephyr.a(log_core.c.obj)
                0x00000000000039e4                log_set_timestamp_func
 .text.z_log_notify_backend_enabled
                0x0000000000003a04       0x1c zephyr/libzephyr.a(log_core.c.obj)
                0x0000000000003a04                z_log_notify_backend_enabled
 .text.z_log_dropped
                0x0000000000003a20       0x44 zephyr/libzephyr.a(log_core.c.obj)
                0x0000000000003a20                z_log_dropped
 .text.z_log_dropped_read_and_clear
                0x0000000000003a64       0x20 zephyr/libzephyr.a(log_core.c.obj)
                0x0000000000003a64                z_log_dropped_read_and_clear
 .text.dropped_notify
                0x0000000000003a84       0x30 zephyr/libzephyr.a(log_core.c.obj)
                0x0000000000003a84                dropped_notify
 .text.z_log_msg_init
                0x0000000000003ab4       0x20 zephyr/libzephyr.a(log_core.c.obj)
                0x0000000000003ab4                z_log_msg_init
 .text.log_core_init
                0x0000000000003ad4       0x34 zephyr/libzephyr.a(log_core.c.obj)
                0x0000000000003ad4                log_core_init
 .text.z_log_msg_alloc
                0x0000000000003b08       0x10 zephyr/libzephyr.a(log_core.c.obj)
                0x0000000000003b08                z_log_msg_alloc
 .text.z_log_msg_local_claim
                0x0000000000003b18        0xc zephyr/libzephyr.a(log_core.c.obj)
                0x0000000000003b18                z_log_msg_local_claim
 .text.z_log_msg_free
                0x0000000000003b24       0x10 zephyr/libzephyr.a(log_core.c.obj)
                0x0000000000003b24                z_log_msg_free
 .text.z_log_msg_pending
                0x0000000000003b34        0xc zephyr/libzephyr.a(log_core.c.obj)
                0x0000000000003b34                z_log_msg_pending
 .text.z_impl_log_process
                0x0000000000003b40       0xbc zephyr/libzephyr.a(log_core.c.obj)
                0x0000000000003b40                z_impl_log_process
 .text.z_impl_log_panic
                0x0000000000003bfc       0x44 zephyr/libzephyr.a(log_core.c.obj)
                0x0000000000003bfc                z_impl_log_panic
 .text.log_process_thread_func
                0x0000000000003c40       0x9c zephyr/libzephyr.a(log_core.c.obj)
 .text.z_log_msg_post_finalize
                0x0000000000003cdc       0x78 zephyr/libzephyr.a(log_core.c.obj)
 .text.z_log_msg_commit
                0x0000000000003d54       0x24 zephyr/libzephyr.a(log_core.c.obj)
                0x0000000000003d54                z_log_msg_commit
 .text.log_source_name_get
                0x0000000000003d78       0x1c zephyr/libzephyr.a(log_mgmt.c.obj)
                0x0000000000003d78                log_source_name_get
 .text.log_backend_enable
                0x0000000000003d94       0x28 zephyr/libzephyr.a(log_mgmt.c.obj)
                0x0000000000003d94                log_backend_enable
 .text.z_impl_z_log_msg_static_create
                0x0000000000003dbc      0x108 zephyr/libzephyr.a(log_msg.c.obj)
                0x0000000000003dbc                z_impl_z_log_msg_static_create
 .text.z_log_msg_runtime_vcreate
                0x0000000000003ec4       0xa0 zephyr/libzephyr.a(log_msg.c.obj)
                0x0000000000003ec4                z_log_msg_runtime_vcreate
 .text.log_msg_get_source_id
                0x0000000000003f64       0x18 zephyr/libzephyr.a(log_msg.c.obj)
                0x0000000000003f64                log_msg_get_source_id
 .text.print_formatted
                0x0000000000003f7c       0x24 zephyr/libzephyr.a(log_output.c.obj)
 .text.newline_print
                0x0000000000003fa0       0x1c zephyr/libzephyr.a(log_output.c.obj)
 .text.log_output_process
                0x0000000000003fbc      0x2dc zephyr/libzephyr.a(log_output.c.obj)
                0x0000000000003fbc                log_output_process
 .text.log_output_dropped_process
                0x0000000000004298       0x58 zephyr/libzephyr.a(log_output.c.obj)
                0x0000000000004298                log_output_dropped_process
 .text.log_output_timestamp_freq_set
                0x00000000000042f0       0x2c zephyr/libzephyr.a(log_output.c.obj)
                0x00000000000042f0                log_output_timestamp_freq_set
 .text.log_backend_rtt_init
                0x000000000000431c        0xc zephyr/libzephyr.a(log_backend_rtt.c.obj)
 .text.format_set
                0x0000000000004328        0xc zephyr/libzephyr.a(log_backend_rtt.c.obj)
 .text.dropped  0x0000000000004334        0xc zephyr/libzephyr.a(log_backend_rtt.c.obj)
 .text.process  0x0000000000004340       0x24 zephyr/libzephyr.a(log_backend_rtt.c.obj)
 .text.panic    0x0000000000004364       0x34 zephyr/libzephyr.a(log_backend_rtt.c.obj)
 .text.on_failed_write
                0x0000000000004398       0x28 zephyr/libzephyr.a(log_backend_rtt.c.obj)
 .text.data_out_block_mode
                0x00000000000043c0       0x84 zephyr/libzephyr.a(log_backend_rtt.c.obj)
 .text.mem_attr_get_regions
                0x0000000000004444        0xc zephyr/libzephyr.a(mem_attr.c.obj)
                0x0000000000004444                mem_attr_get_regions
 .text.boot_banner
                0x0000000000004450       0x1c zephyr/libzephyr.a(banner.c.obj)
                0x0000000000004450                boot_banner
 .text.nrf_cc3xx_platform_abort_init
                0x000000000000446c        0xc zephyr/libzephyr.a(nrf_cc3xx_platform_abort_zephyr.c.obj)
                0x000000000000446c                nrf_cc3xx_platform_abort_init
 .text.mutex_free_platform
                0x0000000000004478       0x54 zephyr/libzephyr.a(nrf_cc3xx_platform_mutex_zephyr.c.obj)
 .text.mutex_lock_platform
                0x00000000000044cc       0x60 zephyr/libzephyr.a(nrf_cc3xx_platform_mutex_zephyr.c.obj)
 .text.mutex_unlock_platform
                0x000000000000452c       0x58 zephyr/libzephyr.a(nrf_cc3xx_platform_mutex_zephyr.c.obj)
 .text.mutex_init_platform
                0x0000000000004584       0x94 zephyr/libzephyr.a(nrf_cc3xx_platform_mutex_zephyr.c.obj)
 .text.nrf_cc3xx_platform_mutex_init
                0x0000000000004618       0x2c zephyr/libzephyr.a(nrf_cc3xx_platform_mutex_zephyr.c.obj)
                0x0000000000004618                nrf_cc3xx_platform_mutex_init
 .text.z_arm_fatal_error
                0x0000000000004644       0xb8 zephyr/arch/arch/arm/core/libarch__arm__core.a(fatal.c.obj)
                0x0000000000004644                z_arm_fatal_error
 .text.z_SysNmiOnReset
                0x00000000000046fc        0x8 zephyr/arch/arch/arm/core/libarch__arm__core.a(nmi_on_reset.S.obj)
                0x00000000000046fc                z_SysNmiOnReset
 .text._HandlerModeExit
                0x0000000000004704       0x28 zephyr/arch/arch/arm/core/cortex_m/libarch__arm__core__cortex_m.a(exc_exit.c.obj)
                0x0000000000004704                z_arm_int_exit
                0x0000000000004704                z_arm_exc_exit
 .text.bus_fault.constprop.0
                0x000000000000472c       0xd0 zephyr/arch/arch/arm/core/cortex_m/libarch__arm__core__cortex_m.a(fault.c.obj)
 .text.usage_fault.constprop.0
                0x00000000000047fc       0xa8 zephyr/arch/arch/arm/core/cortex_m/libarch__arm__core__cortex_m.a(fault.c.obj)
 .text.mem_manage_fault
                0x00000000000048a4      0x104 zephyr/arch/arch/arm/core/cortex_m/libarch__arm__core__cortex_m.a(fault.c.obj)
 .text.z_arm_fault
                0x00000000000049a8      0x1d4 zephyr/arch/arch/arm/core/cortex_m/libarch__arm__core__cortex_m.a(fault.c.obj)
                0x00000000000049a8                z_arm_fault
 .text.z_arm_fault_init
                0x0000000000004b7c       0x18 zephyr/arch/arch/arm/core/cortex_m/libarch__arm__core__cortex_m.a(fault.c.obj)
                0x0000000000004b7c                z_arm_fault_init
 .text.__fault  0x0000000000004b94       0x14 zephyr/arch/arch/arm/core/cortex_m/libarch__arm__core__cortex_m.a(fault_s.S.obj)
                0x0000000000004b94                z_arm_usage_fault
                0x0000000000004b94                z_arm_mpu_fault
                0x0000000000004b94                z_arm_exc_spurious
                0x0000000000004b94                z_arm_debug_monitor
                0x0000000000004b94                z_arm_hard_fault
                0x0000000000004b94                z_arm_bus_fault
 .text._reset_section
                0x0000000000004ba8       0x54 zephyr/arch/arch/arm/core/cortex_m/libarch__arm__core__cortex_m.a(reset.S.obj)
                0x0000000000004ba8                __start
                0x0000000000004ba8                z_arm_reset
 .text.z_arm_clear_arm_mpu_config
                0x0000000000004bfc       0x24 zephyr/arch/arch/arm/core/cortex_m/libarch__arm__core__cortex_m.a(scb.c.obj)
                0x0000000000004bfc                z_arm_clear_arm_mpu_config
 .text.z_arm_init_arch_hw_at_boot
                0x0000000000004c20       0x64 zephyr/arch/arch/arm/core/cortex_m/libarch__arm__core__cortex_m.a(scb.c.obj)
                0x0000000000004c20                z_arm_init_arch_hw_at_boot
 .text.z_impl_k_thread_abort
                0x0000000000004c84       0x2c zephyr/arch/arch/arm/core/cortex_m/libarch__arm__core__cortex_m.a(thread_abort.c.obj)
                0x0000000000004c84                z_impl_k_thread_abort
 .text.arch_swap
                0x0000000000004cb0       0x30 zephyr/arch/arch/arm/core/cortex_m/libarch__arm__core__cortex_m.a(swap.c.obj)
                0x0000000000004cb0                arch_swap
 .text.z_arm_pendsv_c
                0x0000000000004ce0       0x40 zephyr/arch/arch/arm/core/cortex_m/libarch__arm__core__cortex_m.a(swap.c.obj)
                0x0000000000004ce0                z_arm_pendsv_c
 .text.z_arm_pendsv
                0x0000000000004d20       0x34 zephyr/arch/arch/arm/core/cortex_m/libarch__arm__core__cortex_m.a(swap_helper.S.obj)
                0x0000000000004d20                z_arm_pendsv
 .text.z_arm_svc
                0x0000000000004d54       0x20 zephyr/arch/arch/arm/core/cortex_m/libarch__arm__core__cortex_m.a(swap_helper.S.obj)
                0x0000000000004d54                z_arm_svc
 .text.arch_irq_enable
                0x0000000000004d74       0x1c zephyr/arch/arch/arm/core/cortex_m/libarch__arm__core__cortex_m.a(irq_manage.c.obj)
                0x0000000000004d74                arch_irq_enable
 .text.arch_irq_is_enabled
                0x0000000000004d90       0x1c zephyr/arch/arch/arm/core/cortex_m/libarch__arm__core__cortex_m.a(irq_manage.c.obj)
                0x0000000000004d90                arch_irq_is_enabled
 .text.z_arm_irq_priority_set
                0x0000000000004dac       0x30 zephyr/arch/arch/arm/core/cortex_m/libarch__arm__core__cortex_m.a(irq_manage.c.obj)
                0x0000000000004dac                z_arm_irq_priority_set
 .text.z_prep_c
                0x0000000000004ddc       0x38 zephyr/arch/arch/arm/core/cortex_m/libarch__arm__core__cortex_m.a(prep_c.c.obj)
                0x0000000000004ddc                z_prep_c
 .text.arch_new_thread
                0x0000000000004e14       0x38 zephyr/arch/arch/arm/core/cortex_m/libarch__arm__core__cortex_m.a(thread.c.obj)
                0x0000000000004e14                arch_new_thread
 .text.z_check_thread_stack_fail
                0x0000000000004e4c       0x2c zephyr/arch/arch/arm/core/cortex_m/libarch__arm__core__cortex_m.a(thread.c.obj)
                0x0000000000004e4c                z_check_thread_stack_fail
 .text.arch_switch_to_main_thread
                0x0000000000004e78       0x3c zephyr/arch/arch/arm/core/cortex_m/libarch__arm__core__cortex_m.a(thread.c.obj)
                0x0000000000004e78                arch_switch_to_main_thread
 .text.z_arm_cpu_idle_init
                0x0000000000004eb4        0xc zephyr/arch/arch/arm/core/cortex_m/libarch__arm__core__cortex_m.a(cpu_idle.c.obj)
                0x0000000000004eb4                z_arm_cpu_idle_init
 .text.z_arm_interrupt_init
                0x0000000000004ec0       0x18 zephyr/arch/arch/arm/core/cortex_m/libarch__arm__core__cortex_m.a(irq_init.c.obj)
                0x0000000000004ec0                z_arm_interrupt_init
 .text._isr_wrapper
                0x0000000000004ed8       0x24 zephyr/arch/arch/arm/core/cortex_m/libarch__arm__core__cortex_m.a(isr_wrapper.c.obj)
                0x0000000000004ed8                _isr_wrapper
 .text.z_arm_configure_static_mpu_regions
                0x0000000000004efc       0x18 zephyr/arch/arch/arm/core/mpu/libarch__arm__core__mpu.a(arm_core_mpu.c.obj)
                0x0000000000004efc                z_arm_configure_static_mpu_regions
 .text.z_arm_configure_dynamic_mpu_regions
                0x0000000000004f14       0x20 zephyr/arch/arch/arm/core/mpu/libarch__arm__core__mpu.a(arm_core_mpu.c.obj)
                0x0000000000004f14                z_arm_configure_dynamic_mpu_regions
 .text.region_allocate_and_init
                0x0000000000004f34       0x54 zephyr/arch/arch/arm/core/mpu/libarch__arm__core__mpu.a(arm_mpu.c.obj)
 .text.mpu_configure_regions
                0x0000000000004f88       0x68 zephyr/arch/arch/arm/core/mpu/libarch__arm__core__mpu.a(arm_mpu.c.obj)
 .text.arm_core_mpu_enable
                0x0000000000004ff0       0x18 zephyr/arch/arch/arm/core/mpu/libarch__arm__core__mpu.a(arm_mpu.c.obj)
                0x0000000000004ff0                arm_core_mpu_enable
 .text.arm_core_mpu_disable
                0x0000000000005008       0x14 zephyr/arch/arch/arm/core/mpu/libarch__arm__core__mpu.a(arm_mpu.c.obj)
                0x0000000000005008                arm_core_mpu_disable
 .text.arm_core_mpu_configure_static_mpu_regions
                0x000000000000501c       0x14 zephyr/arch/arch/arm/core/mpu/libarch__arm__core__mpu.a(arm_mpu.c.obj)
                0x000000000000501c                arm_core_mpu_configure_static_mpu_regions
 .text.arm_core_mpu_configure_dynamic_mpu_regions
                0x0000000000005030       0x38 zephyr/arch/arch/arm/core/mpu/libarch__arm__core__mpu.a(arm_mpu.c.obj)
                0x0000000000005030                arm_core_mpu_configure_dynamic_mpu_regions
 .text.z_arm_mpu_init
                0x0000000000005068      0x17c zephyr/arch/arch/arm/core/mpu/libarch__arm__core__mpu.a(arm_mpu.c.obj)
                0x0000000000005068                z_arm_mpu_init
 .text.z_impl_zephyr_read_stdin
                0x00000000000051e4       0x28 zephyr/lib/libc/newlib/liblib__libc__newlib.a(libc-hooks.c.obj)
                0x00000000000051e4                z_impl_zephyr_read_stdin
 .text.z_impl_zephyr_write_stdout
                0x000000000000520c       0x30 zephyr/lib/libc/newlib/liblib__libc__newlib.a(libc-hooks.c.obj)
                0x000000000000520c                z_impl_zephyr_write_stdout
 .text._sbrk    0x000000000000523c       0x28 zephyr/lib/libc/newlib/liblib__libc__newlib.a(libc-hooks.c.obj)
                0x000000000000523c                sbrk
                0x000000000000523c                _sbrk
 .text.abort    0x0000000000005264       0x1c zephyr/lib/libc/common/liblib__libc__common.a(abort.c.obj)
                0x0000000000005264                abort
 .text.nordicsemi_nrf52_init
                0x0000000000005280       0x44 zephyr/soc/soc/nrf52840/libsoc__nordic.a(soc.c.obj)
 .text.arch_busy_wait
                0x00000000000052c4       0x14 zephyr/soc/soc/nrf52840/libsoc__nordic.a(soc.c.obj)
                0x00000000000052c4                arch_busy_wait
 .text.onoff_stop
                0x00000000000052d8       0x30 zephyr/drivers/clock_control/libdrivers__clock_control.a(clock_control_nrf.c.obj)
 .text.onoff_start
                0x0000000000005308       0x44 zephyr/drivers/clock_control/libdrivers__clock_control.a(clock_control_nrf.c.obj)
 .text.generic_hfclk_stop
                0x000000000000534c       0x34 zephyr/drivers/clock_control/libdrivers__clock_control.a(clock_control_nrf.c.obj)
 .text.clk_init
                0x0000000000005380       0x58 zephyr/drivers/clock_control/libdrivers__clock_control.a(clock_control_nrf.c.obj)
 .text.api_blocking_start
                0x00000000000053d8       0x34 zephyr/drivers/clock_control/libdrivers__clock_control.a(clock_control_nrf.c.obj)
 .text.clkstarted_handle.constprop.0
                0x000000000000540c       0x4c zephyr/drivers/clock_control/libdrivers__clock_control.a(clock_control_nrf.c.obj)
 .text.generic_hfclk_start
                0x0000000000005458       0x78 zephyr/drivers/clock_control/libdrivers__clock_control.a(clock_control_nrf.c.obj)
 .text.clock_event_handler
                0x00000000000054d0       0x1c zephyr/drivers/clock_control/libdrivers__clock_control.a(clock_control_nrf.c.obj)
 .text.z_nrf_clock_control_get_onoff
                0x00000000000054ec       0x10 zephyr/drivers/clock_control/libdrivers__clock_control.a(clock_control_nrf.c.obj)
                0x00000000000054ec                z_nrf_clock_control_get_onoff
 .text.z_nrf_clock_control_lf_on
                0x00000000000054fc       0xfc zephyr/drivers/clock_control/libdrivers__clock_control.a(clock_control_nrf.c.obj)
                0x00000000000054fc                z_nrf_clock_control_lf_on
 .text.gpio_nrfx_pin_interrupt_configure
                0x00000000000055f8      0x100 zephyr/drivers/gpio/libdrivers__gpio.a(gpio_nrfx.c.obj)
 .text.gpio_nrfx_init
                0x00000000000056f8       0x48 zephyr/drivers/gpio/libdrivers__gpio.a(gpio_nrfx.c.obj)
 .text.nrfx_gpio_handler
                0x0000000000005740       0x4c zephyr/drivers/gpio/libdrivers__gpio.a(gpio_nrfx.c.obj)
 .text.gpio_nrfx_pin_configure
                0x000000000000578c      0x18c zephyr/drivers/gpio/libdrivers__gpio.a(gpio_nrfx.c.obj)
 .text.hfclk_on_callback
                0x0000000000005918        0xc zephyr/drivers/sensor/nordic/temp/libdrivers__sensor__nordic__temp.a(temp_nrf5.c.obj)
 .text.temp_nrf5_channel_get
                0x0000000000005924       0x2c zephyr/drivers/sensor/nordic/temp/libdrivers__sensor__nordic__temp.a(temp_nrf5.c.obj)
 .text.temp_nrf5_isr
                0x0000000000005950       0x18 zephyr/drivers/sensor/nordic/temp/libdrivers__sensor__nordic__temp.a(temp_nrf5.c.obj)
 .text.temp_nrf5_sample_fetch
                0x0000000000005968       0x78 zephyr/drivers/sensor/nordic/temp/libdrivers__sensor__nordic__temp.a(temp_nrf5.c.obj)
 .text.temp_nrf5_init
                0x00000000000059e0       0x40 zephyr/drivers/sensor/nordic/temp/libdrivers__sensor__nordic__temp.a(temp_nrf5.c.obj)
 .text.compare_int_lock
                0x0000000000005a20       0x48 zephyr/drivers/timer/libdrivers__timer.a(nrf_rtc_timer.c.obj)
 .text.sys_clock_timeout_handler
                0x0000000000005a68       0x48 zephyr/drivers/timer/libdrivers__timer.a(nrf_rtc_timer.c.obj)
 .text.compare_int_unlock
                0x0000000000005ab0       0x5c zephyr/drivers/timer/libdrivers__timer.a(nrf_rtc_timer.c.obj)
 .text.z_nrf_rtc_timer_read
                0x0000000000005b0c       0x44 zephyr/drivers/timer/libdrivers__timer.a(nrf_rtc_timer.c.obj)
                0x0000000000005b0c                z_nrf_rtc_timer_read
 .text.compare_set
                0x0000000000005b50      0x130 zephyr/drivers/timer/libdrivers__timer.a(nrf_rtc_timer.c.obj)
 .text.sys_clock_driver_init
                0x0000000000005c80       0x90 zephyr/drivers/timer/libdrivers__timer.a(nrf_rtc_timer.c.obj)
 .text.rtc_nrf_isr
                0x0000000000005d10       0xd4 zephyr/drivers/timer/libdrivers__timer.a(nrf_rtc_timer.c.obj)
                0x0000000000005d10                rtc_nrf_isr
 .text.sys_clock_set_timeout
                0x0000000000005de4       0x5c zephyr/drivers/timer/libdrivers__timer.a(nrf_rtc_timer.c.obj)
                0x0000000000005de4                sys_clock_set_timeout
 .text.sys_clock_elapsed
                0x0000000000005e40       0x14 zephyr/drivers/timer/libdrivers__timer.a(nrf_rtc_timer.c.obj)
                0x0000000000005e40                sys_clock_elapsed
 .text.nrf52_errata_98
                0x0000000000005e54       0x24 modules/hal_nordic/nrfx/libmodules__hal_nordic__nrfx.a(system_nrf52840.c.obj)
 .text.nvmc_wait
                0x0000000000005e78       0x10 modules/hal_nordic/nrfx/libmodules__hal_nordic__nrfx.a(system_nrf52840.c.obj)
                0x0000000000005e78                nvmc_wait
 .text.SystemInit
                0x0000000000005e88      0x1bc modules/hal_nordic/nrfx/libmodules__hal_nordic__nrfx.a(system_nrf52840.c.obj)
                0x0000000000005e88                SystemInit
 .text.nrfx_flag32_alloc
                0x0000000000006044       0x48 modules/hal_nordic/nrfx/libmodules__hal_nordic__nrfx.a(nrfx_flag32_allocator.c.obj)
                0x0000000000006044                nrfx_flag32_alloc
 .text.nrfx_flag32_free
                0x000000000000608c       0x40 modules/hal_nordic/nrfx/libmodules__hal_nordic__nrfx.a(nrfx_flag32_allocator.c.obj)
                0x000000000000608c                nrfx_flag32_free
 .text.clock_stop
                0x00000000000060cc       0xc4 modules/hal_nordic/nrfx/libmodules__hal_nordic__nrfx.a(nrfx_clock.c.obj)
 .text.nrfx_clock_init
                0x0000000000006190       0x20 modules/hal_nordic/nrfx/libmodules__hal_nordic__nrfx.a(nrfx_clock.c.obj)
                0x0000000000006190                nrfx_clock_init
 .text.nrfx_clock_enable
                0x00000000000061b0       0x24 modules/hal_nordic/nrfx/libmodules__hal_nordic__nrfx.a(nrfx_clock.c.obj)
                0x00000000000061b0                nrfx_clock_enable
 .text.nrfx_clock_start
                0x00000000000061d4       0xa8 modules/hal_nordic/nrfx/libmodules__hal_nordic__nrfx.a(nrfx_clock.c.obj)
                0x00000000000061d4                nrfx_clock_start
 .text.nrfx_power_clock_irq_handler
                0x000000000000627c       0x68 modules/hal_nordic/nrfx/libmodules__hal_nordic__nrfx.a(nrfx_clock.c.obj)
                0x000000000000627c                nrfx_power_clock_irq_handler
 .text.nrf_gpio_pin_port_decode
                0x00000000000062e4       0x20 modules/hal_nordic/nrfx/libmodules__hal_nordic__nrfx.a(nrfx_gpiote.c.obj)
 .text.get_pin_idx
                0x0000000000006304       0x14 modules/hal_nordic/nrfx/libmodules__hal_nordic__nrfx.a(nrfx_gpiote.c.obj)
 .text.call_handler.constprop.0
                0x0000000000006318       0x40 modules/hal_nordic/nrfx/libmodules__hal_nordic__nrfx.a(nrfx_gpiote.c.obj)
 .text.pin_te_get.constprop.0
                0x0000000000006358       0x18 modules/hal_nordic/nrfx/libmodules__hal_nordic__nrfx.a(nrfx_gpiote.c.obj)
 .text.pin_is_output.constprop.0
                0x0000000000006370       0x18 modules/hal_nordic/nrfx/libmodules__hal_nordic__nrfx.a(nrfx_gpiote.c.obj)
 .text.pin_in_use_by_te.constprop.0
                0x0000000000006388       0x18 modules/hal_nordic/nrfx/libmodules__hal_nordic__nrfx.a(nrfx_gpiote.c.obj)
 .text.latch_pending_read_and_check
                0x00000000000063a0       0x40 modules/hal_nordic/nrfx/libmodules__hal_nordic__nrfx.a(nrfx_gpiote.c.obj)
 .text.release_handler.isra.0
                0x00000000000063e0       0x58 modules/hal_nordic/nrfx/libmodules__hal_nordic__nrfx.a(nrfx_gpiote.c.obj)
 .text.__nrfy_internal_gpiote_events_process.constprop.0
                0x0000000000006438       0x5c modules/hal_nordic/nrfx/libmodules__hal_nordic__nrfx.a(nrfx_gpiote.c.obj)
 .text.pin_uninit
                0x0000000000006494       0x80 modules/hal_nordic/nrfx/libmodules__hal_nordic__nrfx.a(nrfx_gpiote.c.obj)
 .text.nrfx_gpiote_input_configure
                0x0000000000006514      0x174 modules/hal_nordic/nrfx/libmodules__hal_nordic__nrfx.a(nrfx_gpiote.c.obj)
                0x0000000000006514                nrfx_gpiote_input_configure
 .text.nrfx_gpiote_output_configure
                0x0000000000006688       0xfc modules/hal_nordic/nrfx/libmodules__hal_nordic__nrfx.a(nrfx_gpiote.c.obj)
                0x0000000000006688                nrfx_gpiote_output_configure
 .text.nrfx_gpiote_global_callback_set
                0x0000000000006784        0xc modules/hal_nordic/nrfx/libmodules__hal_nordic__nrfx.a(nrfx_gpiote.c.obj)
                0x0000000000006784                nrfx_gpiote_global_callback_set
 .text.nrfx_gpiote_channel_get
                0x0000000000006790       0x34 modules/hal_nordic/nrfx/libmodules__hal_nordic__nrfx.a(nrfx_gpiote.c.obj)
                0x0000000000006790                nrfx_gpiote_channel_get
 .text.nrfx_gpiote_init
                0x00000000000067c4       0x68 modules/hal_nordic/nrfx/libmodules__hal_nordic__nrfx.a(nrfx_gpiote.c.obj)
                0x00000000000067c4                nrfx_gpiote_init
 .text.nrfx_gpiote_init_check
                0x000000000000682c       0x14 modules/hal_nordic/nrfx/libmodules__hal_nordic__nrfx.a(nrfx_gpiote.c.obj)
                0x000000000000682c                nrfx_gpiote_init_check
 .text.nrfx_gpiote_channel_free
                0x0000000000006840        0xc modules/hal_nordic/nrfx/libmodules__hal_nordic__nrfx.a(nrfx_gpiote.c.obj)
                0x0000000000006840                nrfx_gpiote_channel_free
 .text.nrfx_gpiote_channel_alloc
                0x000000000000684c        0xc modules/hal_nordic/nrfx/libmodules__hal_nordic__nrfx.a(nrfx_gpiote.c.obj)
                0x000000000000684c                nrfx_gpiote_channel_alloc
 .text.nrfx_gpiote_trigger_enable
                0x0000000000006858       0xb0 modules/hal_nordic/nrfx/libmodules__hal_nordic__nrfx.a(nrfx_gpiote.c.obj)
                0x0000000000006858                nrfx_gpiote_trigger_enable
 .text.nrfx_gpiote_0_irq_handler
                0x0000000000006908      0x1bc modules/hal_nordic/nrfx/libmodules__hal_nordic__nrfx.a(nrfx_gpiote.c.obj)
                0x0000000000006908                nrfx_gpiote_0_irq_handler
 .text._DoInit  0x0000000000006ac4       0x60 modules/segger/libmodules__segger.a(SEGGER_RTT.c.obj)
 .text.SEGGER_RTT_WriteSkipNoLock
                0x0000000000006b24       0x88 modules/segger/libmodules__segger.a(SEGGER_RTT.c.obj)
                0x0000000000006b24                SEGGER_RTT_WriteSkipNoLock
 .text.SEGGER_RTT_HasDataUp
                0x0000000000006bac       0x14 modules/segger/libmodules__segger.a(SEGGER_RTT.c.obj)
                0x0000000000006bac                SEGGER_RTT_HasDataUp
 .text.zephyr_rtt_mutex_lock
                0x0000000000006bc0       0x14 modules/segger/libmodules__segger.a(SEGGER_RTT_zephyr.c.obj)
                0x0000000000006bc0                zephyr_rtt_mutex_lock
 .text.zephyr_rtt_mutex_unlock
                0x0000000000006bd4        0xc modules/segger/libmodules__segger.a(SEGGER_RTT_zephyr.c.obj)
                0x0000000000006bd4                zephyr_rtt_mutex_unlock
 .text.k_sys_fatal_error_handler
                0x0000000000006be0       0x20 zephyr/kernel/libkernel.a(fatal.c.obj)
                0x0000000000006be0                k_sys_fatal_error_handler
 .text.z_fatal_error
                0x0000000000006c00       0xe8 zephyr/kernel/libkernel.a(fatal.c.obj)
                0x0000000000006c00                z_fatal_error
 .text.z_sys_init_run_level
                0x0000000000006ce8       0x2c zephyr/kernel/libkernel.a(init.c.obj)
 .text.bg_thread_main
                0x0000000000006d14       0xc4 zephyr/kernel/libkernel.a(init.c.obj)
 .text.z_bss_zero
                0x0000000000006dd8       0x18 zephyr/kernel/libkernel.a(init.c.obj)
                0x0000000000006dd8                z_bss_zero
 .text.z_init_cpu
                0x0000000000006df0       0x70 zephyr/kernel/libkernel.a(init.c.obj)
                0x0000000000006df0                z_init_cpu
 .text.z_cstart
                0x0000000000006e60       0xe4 zephyr/kernel/libkernel.a(init.c.obj)
                0x0000000000006e60                z_cstart
 .text.init_mem_slab_obj_core_list
                0x0000000000006f44       0x24 zephyr/kernel/libkernel.a(mem_slab.c.obj)
 .text.k_mem_slab_alloc
                0x0000000000006f68       0x5c zephyr/kernel/libkernel.a(mem_slab.c.obj)
                0x0000000000006f68                k_mem_slab_alloc
 .text.z_impl_k_mutex_lock
                0x0000000000006fc4       0xf0 zephyr/kernel/libkernel.a(mutex.c.obj)
                0x0000000000006fc4                z_impl_k_mutex_lock
 .text.z_impl_k_mutex_unlock
                0x00000000000070b4       0x78 zephyr/kernel/libkernel.a(mutex.c.obj)
                0x00000000000070b4                z_impl_k_mutex_unlock
 .text.z_impl_k_sem_give
                0x000000000000712c       0x48 zephyr/kernel/libkernel.a(sem.c.obj)
                0x000000000000712c                z_impl_k_sem_give
 .text.z_impl_k_sem_take
                0x0000000000007174       0x4c zephyr/kernel/libkernel.a(sem.c.obj)
                0x0000000000007174                z_impl_k_sem_take
 .text.z_setup_new_thread
                0x00000000000071c0       0x7c zephyr/kernel/libkernel.a(thread.c.obj)
                0x00000000000071c0                z_setup_new_thread
 .text.z_impl_k_thread_create
                0x000000000000723c       0x58 zephyr/kernel/libkernel.a(thread.c.obj)
                0x000000000000723c                z_impl_k_thread_create
 .text.update_cache
                0x0000000000007294       0x3c zephyr/kernel/libkernel.a(sched.c.obj)
 .text.unready_thread
                0x00000000000072d0       0x30 zephyr/kernel/libkernel.a(sched.c.obj)
 .text.ready_thread
                0x0000000000007300       0x68 zephyr/kernel/libkernel.a(sched.c.obj)
 .text.z_thread_halt
                0x0000000000007368       0xe0 zephyr/kernel/libkernel.a(sched.c.obj)
 .text.move_thread_to_end_of_prio_q
                0x0000000000007448       0x74 zephyr/kernel/libkernel.a(sched.c.obj)
                0x0000000000007448                move_thread_to_end_of_prio_q
 .text.z_pend_curr
                0x00000000000074bc       0x58 zephyr/kernel/libkernel.a(sched.c.obj)
                0x00000000000074bc                z_pend_curr
 .text.z_thread_prio_set
                0x0000000000007514       0x88 zephyr/kernel/libkernel.a(sched.c.obj)
                0x0000000000007514                z_thread_prio_set
 .text.z_reschedule
                0x000000000000759c       0x24 zephyr/kernel/libkernel.a(sched.c.obj)
                0x000000000000759c                z_reschedule
 .text.z_sched_start
                0x00000000000075c0       0x3c zephyr/kernel/libkernel.a(sched.c.obj)
                0x00000000000075c0                z_sched_start
 .text.z_reschedule_irqlock
                0x00000000000075fc       0x28 zephyr/kernel/libkernel.a(sched.c.obj)
                0x00000000000075fc                z_reschedule_irqlock
 .text.k_sched_lock
                0x0000000000007624       0x28 zephyr/kernel/libkernel.a(sched.c.obj)
                0x0000000000007624                k_sched_lock
 .text.k_sched_unlock
                0x000000000000764c       0x40 zephyr/kernel/libkernel.a(sched.c.obj)
                0x000000000000764c                k_sched_unlock
 .text.z_sched_init
                0x000000000000768c       0x10 zephyr/kernel/libkernel.a(sched.c.obj)
                0x000000000000768c                z_sched_init
 .text.z_impl_k_yield
                0x000000000000769c       0x7c zephyr/kernel/libkernel.a(sched.c.obj)
                0x000000000000769c                z_impl_k_yield
 .text.z_tick_sleep
                0x0000000000007718       0x88 zephyr/kernel/libkernel.a(sched.c.obj)
 .text.z_impl_k_sleep
                0x00000000000077a0       0x3c zephyr/kernel/libkernel.a(sched.c.obj)
                0x00000000000077a0                z_impl_k_sleep
 .text.z_impl_k_sched_current_thread_query
                0x00000000000077dc        0xc zephyr/kernel/libkernel.a(sched.c.obj)
                0x00000000000077dc                z_impl_k_sched_current_thread_query
 .text.slice_timeout
                0x00000000000077e8       0x20 zephyr/kernel/libkernel.a(timeslicing.c.obj)
 .text.thread_is_sliceable
                0x0000000000007808       0x3c zephyr/kernel/libkernel.a(timeslicing.c.obj)
                0x0000000000007808                thread_is_sliceable
 .text.z_reset_time_slice
                0x0000000000007844       0x50 zephyr/kernel/libkernel.a(timeslicing.c.obj)
                0x0000000000007844                z_reset_time_slice
 .text.z_time_slice
                0x0000000000007894       0x60 zephyr/kernel/libkernel.a(timeslicing.c.obj)
                0x0000000000007894                z_time_slice
 .text.z_data_copy
                0x00000000000078f4       0x34 zephyr/kernel/libkernel.a(xip.c.obj)
                0x00000000000078f4                z_data_copy
 .text.elapsed  0x0000000000007928       0x14 zephyr/kernel/libkernel.a(timeout.c.obj)
 .text.remove_timeout
                0x000000000000793c       0x38 zephyr/kernel/libkernel.a(timeout.c.obj)
 .text.next_timeout
                0x0000000000007974       0x40 zephyr/kernel/libkernel.a(timeout.c.obj)
 .text.z_add_timeout
                0x00000000000079b4       0xf4 zephyr/kernel/libkernel.a(timeout.c.obj)
                0x00000000000079b4                z_add_timeout
 .text.sys_clock_announce
                0x0000000000007aa8       0xd0 zephyr/kernel/libkernel.a(timeout.c.obj)
                0x0000000000007aa8                sys_clock_announce
 .text.sys_clock_tick_get
                0x0000000000007b78       0x30 zephyr/kernel/libkernel.a(timeout.c.obj)
                0x0000000000007b78                sys_clock_tick_get
 .text.z_timer_expiration_handler
                0x0000000000007ba8       0xe0 zephyr/kernel/libkernel.a(timer.c.obj)
                0x0000000000007ba8                z_timer_expiration_handler
 .text.z_impl_k_timer_start
                0x0000000000007c88       0x74 zephyr/kernel/libkernel.a(timer.c.obj)
                0x0000000000007c88                z_impl_k_timer_start
 .text.k_thread_system_pool_assign
                0x0000000000007cfc        0xc zephyr/kernel/libkernel.a(mempool.c.obj)
                0x0000000000007cfc                k_thread_system_pool_assign
 .text.statics_init
                0x0000000000007d08       0x24 zephyr/kernel/libkernel.a(kheap.c.obj)
 .text.nrf_cc3xx_platform_init_no_rng
                0x0000000000007d2c       0x38 C:/ncs/v2.9.0/nrfxlib/crypto/nrf_cc310_platform/lib/cortex-m4/soft-float/no-interrupts/libnrf_cc310_platform_0.9.19.a(nrf_cc3xx_platform.c.obj)
                0x0000000000007d2c                nrf_cc3xx_platform_init_no_rng
 .text.nrf_cc3xx_platform_abort
                0x0000000000007d64       0x24 C:/ncs/v2.9.0/nrfxlib/crypto/nrf_cc310_platform/lib/cortex-m4/soft-float/no-interrupts/libnrf_cc310_platform_0.9.19.a(nrf_cc3xx_platform_abort.c.obj)
 .text.CC_PalAbort
                0x0000000000007d88       0x34 C:/ncs/v2.9.0/nrfxlib/crypto/nrf_cc310_platform/lib/cortex-m4/soft-float/no-interrupts/libnrf_cc310_platform_0.9.19.a(nrf_cc3xx_platform_abort.c.obj)
                0x0000000000007d88                CC_PalAbort
 .text.nrf_cc3xx_platform_set_abort
                0x0000000000007dbc       0x10 C:/ncs/v2.9.0/nrfxlib/crypto/nrf_cc310_platform/lib/cortex-m4/soft-float/no-interrupts/libnrf_cc310_platform_0.9.19.a(nrf_cc3xx_platform_abort.c.obj)
                0x0000000000007dbc                nrf_cc3xx_platform_set_abort
 .text.mutex_free
                0x0000000000007dcc       0x34 C:/ncs/v2.9.0/nrfxlib/crypto/nrf_cc310_platform/lib/cortex-m4/soft-float/no-interrupts/libnrf_cc310_platform_0.9.19.a(nrf_cc3xx_platform_mutex.c.obj)
 .text.mutex_lock
                0x0000000000007e00       0x48 C:/ncs/v2.9.0/nrfxlib/crypto/nrf_cc310_platform/lib/cortex-m4/soft-float/no-interrupts/libnrf_cc310_platform_0.9.19.a(nrf_cc3xx_platform_mutex.c.obj)
 .text.mutex_unlock
                0x0000000000007e48       0x38 C:/ncs/v2.9.0/nrfxlib/crypto/nrf_cc310_platform/lib/cortex-m4/soft-float/no-interrupts/libnrf_cc310_platform_0.9.19.a(nrf_cc3xx_platform_mutex.c.obj)
 .text.mutex_init
                0x0000000000007e80       0x20 C:/ncs/v2.9.0/nrfxlib/crypto/nrf_cc310_platform/lib/cortex-m4/soft-float/no-interrupts/libnrf_cc310_platform_0.9.19.a(nrf_cc3xx_platform_mutex.c.obj)
 .text.nrf_cc3xx_platform_set_mutexes
                0x0000000000007ea0       0x74 C:/ncs/v2.9.0/nrfxlib/crypto/nrf_cc310_platform/lib/cortex-m4/soft-float/no-interrupts/libnrf_cc310_platform_0.9.19.a(nrf_cc3xx_platform_mutex.c.obj)
                0x0000000000007ea0                nrf_cc3xx_platform_set_mutexes
 .text.CC_LibInitNoRng
                0x0000000000007f14       0x64 C:/ncs/v2.9.0/nrfxlib/crypto/nrf_cc310_platform/lib/cortex-m4/soft-float/no-interrupts/libnrf_cc310_platform_0.9.19.a(cc_lib.c.obj)
                0x0000000000007f14                CC_LibInitNoRng
 .text.CC_HalInit
                0x0000000000007f78        0x4 C:/ncs/v2.9.0/nrfxlib/crypto/nrf_cc310_platform/lib/cortex-m4/soft-float/no-interrupts/libnrf_cc310_platform_0.9.19.a(cc_hal.c.obj)
                0x0000000000007f78                CC_HalInit
 .text.CC_HalTerminate
                0x0000000000007f7c        0x4 C:/ncs/v2.9.0/nrfxlib/crypto/nrf_cc310_platform/lib/cortex-m4/soft-float/no-interrupts/libnrf_cc310_platform_0.9.19.a(cc_hal.c.obj)
                0x0000000000007f7c                CC_HalTerminate
 .text.CC_HalMaskInterrupt
                0x0000000000007f80        0xc C:/ncs/v2.9.0/nrfxlib/crypto/nrf_cc310_platform/lib/cortex-m4/soft-float/no-interrupts/libnrf_cc310_platform_0.9.19.a(cc_hal.c.obj)
                0x0000000000007f80                CC_HalMaskInterrupt
 .text.CC_PalInit
                0x0000000000007f8c       0x5c C:/ncs/v2.9.0/nrfxlib/crypto/nrf_cc310_platform/lib/cortex-m4/soft-float/no-interrupts/libnrf_cc310_platform_0.9.19.a(cc_pal.c.obj)
                0x0000000000007f8c                CC_PalInit
 .text.CC_PalTerminate
                0x0000000000007fe8       0x34 C:/ncs/v2.9.0/nrfxlib/crypto/nrf_cc310_platform/lib/cortex-m4/soft-float/no-interrupts/libnrf_cc310_platform_0.9.19.a(cc_pal.c.obj)
                0x0000000000007fe8                CC_PalTerminate
 .text.CC_PalDmaInit
                0x000000000000801c        0x4 C:/ncs/v2.9.0/nrfxlib/crypto/nrf_cc310_platform/lib/cortex-m4/soft-float/no-interrupts/libnrf_cc310_platform_0.9.19.a(cc_pal_dma.c.obj)
                0x000000000000801c                CC_PalDmaInit
 .text.CC_PalDmaTerminate
                0x0000000000008020        0x4 C:/ncs/v2.9.0/nrfxlib/crypto/nrf_cc310_platform/lib/cortex-m4/soft-float/no-interrupts/libnrf_cc310_platform_0.9.19.a(cc_pal_dma.c.obj)
                0x0000000000008020                CC_PalDmaTerminate
 .text.CC_PalMutexCreate
                0x0000000000008024       0x14 C:/ncs/v2.9.0/nrfxlib/crypto/nrf_cc310_platform/lib/cortex-m4/soft-float/no-interrupts/libnrf_cc310_platform_0.9.19.a(cc_pal_mutex.c.obj)
                0x0000000000008024                CC_PalMutexCreate
 .text.CC_PalMutexDestroy
                0x0000000000008038       0x14 C:/ncs/v2.9.0/nrfxlib/crypto/nrf_cc310_platform/lib/cortex-m4/soft-float/no-interrupts/libnrf_cc310_platform_0.9.19.a(cc_pal_mutex.c.obj)
                0x0000000000008038                CC_PalMutexDestroy
 .text.CC_PalPowerSaveModeInit
                0x000000000000804c       0x3c C:/ncs/v2.9.0/nrfxlib/crypto/nrf_cc310_platform/lib/cortex-m4/soft-float/no-interrupts/libnrf_cc310_platform_0.9.19.a(cc_pal_pm.c.obj)
                0x000000000000804c                CC_PalPowerSaveModeInit
 .text.CC_PalPowerSaveModeSelect
                0x0000000000008088       0x84 C:/ncs/v2.9.0/nrfxlib/crypto/nrf_cc310_platform/lib/cortex-m4/soft-float/no-interrupts/libnrf_cc310_platform_0.9.19.a(cc_pal_pm.c.obj)
                0x0000000000008088                CC_PalPowerSaveModeSelect
 .text.malloc   0x000000000000810c       0x10 C:/ncs/toolchains/0b393f9e1b/opt/zephyr-sdk/arm-zephyr-eabi/arm-zephyr-eabi/lib/thumb/v7e-m/nofp\libc_nano.a(lib_a-malloc.o)
                0x000000000000810c                malloc
 .text._free_r  0x000000000000811c       0x94 C:/ncs/toolchains/0b393f9e1b/opt/zephyr-sdk/arm-zephyr-eabi/arm-zephyr-eabi/lib/thumb/v7e-m/nofp\libc_nano.a(lib_a-nano-freer.o)
                0x000000000000811c                _free_r
 .text._malloc_r
                0x00000000000081b0       0xb4 C:/ncs/toolchains/0b393f9e1b/opt/zephyr-sdk/arm-zephyr-eabi/arm-zephyr-eabi/lib/thumb/v7e-m/nofp\libc_nano.a(lib_a-nano-mallocr.o)
                0x00000000000081b0                _malloc_r
 .text._printf_float
                0x0000000000008264      0x46c C:/ncs/toolchains/0b393f9e1b/opt/zephyr-sdk/arm-zephyr-eabi/arm-zephyr-eabi/lib/thumb/v7e-m/nofp\libc_nano.a(lib_a-nano-vfprintf_float.o)
                0x0000000000008264                _printf_float
 .text._printf_i
                0x00000000000086d0      0x25c C:/ncs/toolchains/0b393f9e1b/opt/zephyr-sdk/arm-zephyr-eabi/arm-zephyr-eabi/lib/thumb/v7e-m/nofp\libc_nano.a(lib_a-nano-vfprintf_i.o)
                0x00000000000086d0                _printf_i
 .text._sbrk_r  0x000000000000892c       0x20 C:/ncs/toolchains/0b393f9e1b/opt/zephyr-sdk/arm-zephyr-eabi/arm-zephyr-eabi/lib/thumb/v7e-m/nofp\libc_nano.a(lib_a-sbrkr.o)
                0x000000000000892c                _sbrk_r
 .text.snprintf
                0x000000000000894c       0x68 C:/ncs/toolchains/0b393f9e1b/opt/zephyr-sdk/arm-zephyr-eabi/arm-zephyr-eabi/lib/thumb/v7e-m/nofp\libc_nano.a(lib_a-snprintf.o)
                0x000000000000894c                sniprintf
                0x000000000000894c                snprintf
 .text._localeconv_r
                0x00000000000089b4        0x8 C:/ncs/toolchains/0b393f9e1b/opt/zephyr-sdk/arm-zephyr-eabi/arm-zephyr-eabi/lib/thumb/v7e-m/nofp\libc_nano.a(lib_a-localeconv.o)
                0x00000000000089b4                _localeconv_r
 .text.__malloc_lock
                0x00000000000089bc        0xc C:/ncs/toolchains/0b393f9e1b/opt/zephyr-sdk/arm-zephyr-eabi/arm-zephyr-eabi/lib/thumb/v7e-m/nofp\libc_nano.a(lib_a-mlock.o)
                0x00000000000089bc                __malloc_lock
 .text.__malloc_unlock
                0x00000000000089c8        0xc C:/ncs/toolchains/0b393f9e1b/opt/zephyr-sdk/arm-zephyr-eabi/arm-zephyr-eabi/lib/thumb/v7e-m/nofp\libc_nano.a(lib_a-mlock.o)
                0x00000000000089c8                __malloc_unlock
 .text._Balloc  0x00000000000089d4       0x80 C:/ncs/toolchains/0b393f9e1b/opt/zephyr-sdk/arm-zephyr-eabi/arm-zephyr-eabi/lib/thumb/v7e-m/nofp\libc_nano.a(lib_a-mprec.o)
                0x00000000000089d4                _Balloc
 .text._Bfree   0x0000000000008a54       0x44 C:/ncs/toolchains/0b393f9e1b/opt/zephyr-sdk/arm-zephyr-eabi/arm-zephyr-eabi/lib/thumb/v7e-m/nofp\libc_nano.a(lib_a-mprec.o)
                0x0000000000008a54                _Bfree
 .text.__multadd
                0x0000000000008a98       0x8c C:/ncs/toolchains/0b393f9e1b/opt/zephyr-sdk/arm-zephyr-eabi/arm-zephyr-eabi/lib/thumb/v7e-m/nofp\libc_nano.a(lib_a-mprec.o)
                0x0000000000008a98                __multadd
 .text.__i2b    0x0000000000008b24       0x2c C:/ncs/toolchains/0b393f9e1b/opt/zephyr-sdk/arm-zephyr-eabi/arm-zephyr-eabi/lib/thumb/v7e-m/nofp\libc_nano.a(lib_a-mprec.o)
                0x0000000000008b24                __i2b
 .text.__multiply
                0x0000000000008b50      0x154 C:/ncs/toolchains/0b393f9e1b/opt/zephyr-sdk/arm-zephyr-eabi/arm-zephyr-eabi/lib/thumb/v7e-m/nofp\libc_nano.a(lib_a-mprec.o)
                0x0000000000008b50                __multiply
 .text.__pow5mult
                0x0000000000008ca4       0xb4 C:/ncs/toolchains/0b393f9e1b/opt/zephyr-sdk/arm-zephyr-eabi/arm-zephyr-eabi/lib/thumb/v7e-m/nofp\libc_nano.a(lib_a-mprec.o)
                0x0000000000008ca4                __pow5mult
 .text.__lshift
                0x0000000000008d58       0xd8 C:/ncs/toolchains/0b393f9e1b/opt/zephyr-sdk/arm-zephyr-eabi/arm-zephyr-eabi/lib/thumb/v7e-m/nofp\libc_nano.a(lib_a-mprec.o)
                0x0000000000008d58                __lshift
 .text.__mdiff  0x0000000000008e30      0x124 C:/ncs/toolchains/0b393f9e1b/opt/zephyr-sdk/arm-zephyr-eabi/arm-zephyr-eabi/lib/thumb/v7e-m/nofp\libc_nano.a(lib_a-mprec.o)
                0x0000000000008e30                __mdiff
 .text.__d2b    0x0000000000008f54       0xb0 C:/ncs/toolchains/0b393f9e1b/opt/zephyr-sdk/arm-zephyr-eabi/arm-zephyr-eabi/lib/thumb/v7e-m/nofp\libc_nano.a(lib_a-mprec.o)
                0x0000000000008f54                __d2b
 .text._svfprintf_r
                0x0000000000009004      0x1f8 C:/ncs/toolchains/0b393f9e1b/opt/zephyr-sdk/arm-zephyr-eabi/arm-zephyr-eabi/lib/thumb/v7e-m/nofp\libc_nano.a(lib_a-nano-svfprintf.o)
                0x0000000000009004                _svfiprintf_r
                0x0000000000009004                _svfprintf_r
 .text.__assert_func
                0x00000000000091fc       0x3c C:/ncs/toolchains/0b393f9e1b/opt/zephyr-sdk/arm-zephyr-eabi/arm-zephyr-eabi/lib/thumb/v7e-m/nofp\libc_nano.a(lib_a-assert.o)
                0x00000000000091fc                __assert_func
 .text.fprintf  0x0000000000009238       0x24 C:/ncs/toolchains/0b393f9e1b/opt/zephyr-sdk/arm-zephyr-eabi/arm-zephyr-eabi/lib/thumb/v7e-m/nofp\libc_nano.a(lib_a-fprintf.o)
                0x0000000000009238                fiprintf
                0x0000000000009238                fprintf
 .text._vfprintf_r
                0x000000000000925c      0x258 C:/ncs/toolchains/0b393f9e1b/opt/zephyr-sdk/arm-zephyr-eabi/arm-zephyr-eabi/lib/thumb/v7e-m/nofp\libc_nano.a(lib_a-nano-vfprintf.o)
                0x000000000000925c                _vfprintf_r
                0x000000000000925c                _vfiprintf_r
 .text.__swbuf_r
                0x00000000000094b4       0xa4 C:/ncs/toolchains/0b393f9e1b/opt/zephyr-sdk/arm-zephyr-eabi/arm-zephyr-eabi/lib/thumb/v7e-m/nofp\libc_nano.a(lib_a-wbuf.o)
                0x00000000000094b4                __swbuf_r
 .text.__swsetup_r
                0x0000000000009558       0xd8 C:/ncs/toolchains/0b393f9e1b/opt/zephyr-sdk/arm-zephyr-eabi/arm-zephyr-eabi/lib/thumb/v7e-m/nofp\libc_nano.a(lib_a-wsetup.o)
                0x0000000000009558                __swsetup_r
 .text._fflush_r
                0x0000000000009630       0x78 C:/ncs/toolchains/0b393f9e1b/opt/zephyr-sdk/arm-zephyr-eabi/arm-zephyr-eabi/lib/thumb/v7e-m/nofp\libc_nano.a(lib_a-fflush.o)
                0x0000000000009630                _fflush_r
 .text.std      0x00000000000096a8       0x48 C:/ncs/toolchains/0b393f9e1b/opt/zephyr-sdk/arm-zephyr-eabi/arm-zephyr-eabi/lib/thumb/v7e-m/nofp\libc_nano.a(lib_a-findfp.o)
 .text._cleanup_r
                0x00000000000096f0        0xc C:/ncs/toolchains/0b393f9e1b/opt/zephyr-sdk/arm-zephyr-eabi/arm-zephyr-eabi/lib/thumb/v7e-m/nofp\libc_nano.a(lib_a-findfp.o)
                0x00000000000096f0                _cleanup_r
 .text.__sfp_lock_acquire
                0x00000000000096fc        0xc C:/ncs/toolchains/0b393f9e1b/opt/zephyr-sdk/arm-zephyr-eabi/arm-zephyr-eabi/lib/thumb/v7e-m/nofp\libc_nano.a(lib_a-findfp.o)
                0x00000000000096fc                __sfp_lock_acquire
 .text.__sfp_lock_release
                0x0000000000009708        0xc C:/ncs/toolchains/0b393f9e1b/opt/zephyr-sdk/arm-zephyr-eabi/arm-zephyr-eabi/lib/thumb/v7e-m/nofp\libc_nano.a(lib_a-findfp.o)
                0x0000000000009708                __sfp_lock_release
 .text.__sinit_lock_acquire
                0x0000000000009714        0xc C:/ncs/toolchains/0b393f9e1b/opt/zephyr-sdk/arm-zephyr-eabi/arm-zephyr-eabi/lib/thumb/v7e-m/nofp\libc_nano.a(lib_a-findfp.o)
                0x0000000000009714                __sinit_lock_acquire
 .text.__sinit_lock_release
                0x0000000000009720        0xc C:/ncs/toolchains/0b393f9e1b/opt/zephyr-sdk/arm-zephyr-eabi/arm-zephyr-eabi/lib/thumb/v7e-m/nofp\libc_nano.a(lib_a-findfp.o)
                0x0000000000009720                __sinit_lock_release
 .text.__sinit  0x000000000000972c       0x70 C:/ncs/toolchains/0b393f9e1b/opt/zephyr-sdk/arm-zephyr-eabi/arm-zephyr-eabi/lib/thumb/v7e-m/nofp\libc_nano.a(lib_a-findfp.o)
                0x000000000000972c                __sinit
 .text.__sfp    0x000000000000979c       0x8c C:/ncs/toolchains/0b393f9e1b/opt/zephyr-sdk/arm-zephyr-eabi/arm-zephyr-eabi/lib/thumb/v7e-m/nofp\libc_nano.a(lib_a-findfp.o)
                0x000000000000979c                __sfp
 .text.__smakebuf_r
                0x0000000000009828       0x80 C:/ncs/toolchains/0b393f9e1b/opt/zephyr-sdk/arm-zephyr-eabi/arm-zephyr-eabi/lib/thumb/v7e-m/nofp\libc_nano.a(lib_a-makebuf.o)
                0x0000000000009828                __smakebuf_r
 .text._write_r
                0x00000000000098a8       0x24 C:/ncs/toolchains/0b393f9e1b/opt/zephyr-sdk/arm-zephyr-eabi/arm-zephyr-eabi/lib/thumb/v7e-m/nofp\libc_nano.a(lib_a-writer.o)
                0x00000000000098a8                _write_r
 .text._close_r
                0x00000000000098cc       0x20 C:/ncs/toolchains/0b393f9e1b/opt/zephyr-sdk/arm-zephyr-eabi/arm-zephyr-eabi/lib/thumb/v7e-m/nofp\libc_nano.a(lib_a-closer.o)
                0x00000000000098cc                _close_r
 .text._fstat_r
                0x00000000000098ec       0x24 C:/ncs/toolchains/0b393f9e1b/opt/zephyr-sdk/arm-zephyr-eabi/arm-zephyr-eabi/lib/thumb/v7e-m/nofp\libc_nano.a(lib_a-fstatr.o)
                0x00000000000098ec                _fstat_r
 .text._isatty_r
                0x0000000000009910       0x20 C:/ncs/toolchains/0b393f9e1b/opt/zephyr-sdk/arm-zephyr-eabi/arm-zephyr-eabi/lib/thumb/v7e-m/nofp\libc_nano.a(lib_a-isattyr.o)
                0x0000000000009910                _isatty_r
 .text._lseek_r
                0x0000000000009930       0x24 C:/ncs/toolchains/0b393f9e1b/opt/zephyr-sdk/arm-zephyr-eabi/arm-zephyr-eabi/lib/thumb/v7e-m/nofp\libc_nano.a(lib_a-lseekr.o)
                0x0000000000009930                _lseek_r
 .text._read_r  0x0000000000009954       0x24 C:/ncs/toolchains/0b393f9e1b/opt/zephyr-sdk/arm-zephyr-eabi/arm-zephyr-eabi/lib/thumb/v7e-m/nofp\libc_nano.a(lib_a-readr.o)
                0x0000000000009954                _read_r
 .text._OffsetAbsSyms
                0x0000000000009978        0x2 zephyr/CMakeFiles/offsets.dir/./arch/arm/core/offsets/offsets.c.obj
                0x0000000000009978                _OffsetAbsSyms
 .text.k_uptime_get
                0x000000000000997a       0x1c app/libapp.a(main.c.obj)
 .text.gpio_pin_configure.isra.0
                0x0000000000009996       0x18 app/libapp.a(main.c.obj)
 .text.k_msleep.isra.0
                0x00000000000099ae       0x20 app/libapp.a(main.c.obj)
 .text.z_impl_gpio_pin_configure
                0x00000000000099ce       0x34 app/libapp.a(hx711_driver.c.obj)
 .text.gpio_pin_get
                0x0000000000009a02       0x28 app/libapp.a(hx711_driver.c.obj)
 .text.gpio_pin_set
                0x0000000000009a2a       0x20 app/libapp.a(hx711_driver.c.obj)
 .text.hx711_wait_for_data
                0x0000000000009a4a       0x74 app/libapp.a(hx711_driver.c.obj)
                0x0000000000009a4a                hx711_wait_for_data
 .text.hx711_read_raw
                0x0000000000009abe       0xbe app/libapp.a(hx711_driver.c.obj)
                0x0000000000009abe                hx711_read_raw
 .text.chunk_field
                0x0000000000009b7c       0x16 zephyr/libzephyr.a(heap.c.obj)
 .text.chunk_set
                0x0000000000009b92       0x16 zephyr/libzephyr.a(heap.c.obj)
 .text.chunk_size
                0x0000000000009ba8        0xc zephyr/libzephyr.a(heap.c.obj)
 .text.set_chunk_used
                0x0000000000009bb4       0x30 zephyr/libzephyr.a(heap.c.obj)
 .text.set_chunk_size
                0x0000000000009be4        0x8 zephyr/libzephyr.a(heap.c.obj)
 .text.bucket_idx.isra.0
                0x0000000000009bec       0x1c zephyr/libzephyr.a(heap.c.obj)
 .text.free_list_add
                0x0000000000009c08       0x84 zephyr/libzephyr.a(heap.c.obj)
 .text.sys_heap_init
                0x0000000000009c8c       0xb0 zephyr/libzephyr.a(heap.c.obj)
                0x0000000000009c8c                sys_heap_init
 .text.cbpprintf_external
                0x0000000000009d3c       0x62 zephyr/libzephyr.a(cbprintf_packaged.c.obj)
                0x0000000000009d3c                cbpprintf_external
 .text.is_ptr   0x0000000000009d9e       0x4a zephyr/libzephyr.a(cbprintf_packaged.c.obj)
                0x0000000000009d9e                is_ptr
 .text.str_out  0x0000000000009de8       0x24 zephyr/libzephyr.a(printk.c.obj)
 .text.printk   0x0000000000009e0c       0x1a zephyr/libzephyr.a(printk.c.obj)
                0x0000000000009e0c                printk
 .text.snprintk
                0x0000000000009e26       0x1a zephyr/libzephyr.a(printk.c.obj)
                0x0000000000009e26                snprintk
 .text.z_thread_entry
                0x0000000000009e40       0x14 zephyr/libzephyr.a(thread_entry.c.obj)
                0x0000000000009e40                z_thread_entry
 .text.outs     0x0000000000009e54       0x2e zephyr/libzephyr.a(cbprintf_complete.c.obj)
 .text.free_space
                0x0000000000009e82       0x26 zephyr/libzephyr.a(mpsc_pbuf.c.obj)
 .text.get_usage
                0x0000000000009ea8       0x22 zephyr/libzephyr.a(mpsc_pbuf.c.obj)
 .text.idx_inc  0x0000000000009eca       0x1c zephyr/libzephyr.a(mpsc_pbuf.c.obj)
 .text.rd_idx_inc
                0x0000000000009ee6       0x18 zephyr/libzephyr.a(mpsc_pbuf.c.obj)
 .text.add_skip_item
                0x0000000000009efe       0x3a zephyr/libzephyr.a(mpsc_pbuf.c.obj)
 .text.drop_item_locked
                0x0000000000009f38       0xee zephyr/libzephyr.a(mpsc_pbuf.c.obj)
 .text.post_drop_action
                0x000000000000a026       0x36 zephyr/libzephyr.a(mpsc_pbuf.c.obj)
 .text.max_utilization_update
                0x000000000000a05c       0x1a zephyr/libzephyr.a(mpsc_pbuf.c.obj)
 .text.mpsc_pbuf_init
                0x000000000000a076       0x42 zephyr/libzephyr.a(mpsc_pbuf.c.obj)
                0x000000000000a076                mpsc_pbuf_init
 .text.mpsc_pbuf_alloc
                0x000000000000a0b8       0xf8 zephyr/libzephyr.a(mpsc_pbuf.c.obj)
                0x000000000000a0b8                mpsc_pbuf_alloc
 .text.mpsc_pbuf_commit
                0x000000000000a1b0       0x3e zephyr/libzephyr.a(mpsc_pbuf.c.obj)
                0x000000000000a1b0                mpsc_pbuf_commit
 .text.mpsc_pbuf_claim
                0x000000000000a1ee       0xa8 zephyr/libzephyr.a(mpsc_pbuf.c.obj)
                0x000000000000a1ee                mpsc_pbuf_claim
 .text.mpsc_pbuf_free
                0x000000000000a296       0x76 zephyr/libzephyr.a(mpsc_pbuf.c.obj)
                0x000000000000a296                mpsc_pbuf_free
 .text.mpsc_pbuf_is_pending
                0x000000000000a30c       0x32 zephyr/libzephyr.a(mpsc_pbuf.c.obj)
                0x000000000000a30c                mpsc_pbuf_is_pending
 .text.process_recheck
                0x000000000000a33e       0x38 zephyr/libzephyr.a(onoff.c.obj)
 .text.validate_args
                0x000000000000a376       0x20 zephyr/libzephyr.a(onoff.c.obj)
 .text.notify_one
                0x000000000000a396       0x2c zephyr/libzephyr.a(onoff.c.obj)
 .text.transition_complete
                0x000000000000a3c2       0x1a zephyr/libzephyr.a(onoff.c.obj)
 .text.onoff_manager_init
                0x000000000000a3dc       0x26 zephyr/libzephyr.a(onoff.c.obj)
                0x000000000000a3dc                onoff_manager_init
 .text.onoff_request
                0x000000000000a402       0xae zephyr/libzephyr.a(onoff.c.obj)
                0x000000000000a402                onoff_request
 .text.onoff_release
                0x000000000000a4b0       0x48 zephyr/libzephyr.a(onoff.c.obj)
                0x000000000000a4b0                onoff_release
 .text.sys_notify_validate
                0x000000000000a4f8       0x22 zephyr/libzephyr.a(notify.c.obj)
                0x000000000000a4f8                sys_notify_validate
 .text.sys_notify_finalize
                0x000000000000a51a       0x1a zephyr/libzephyr.a(notify.c.obj)
                0x000000000000a51a                sys_notify_finalize
 .text._ConfigAbsSyms
                0x000000000000a534        0x2 zephyr/libzephyr.a(configs.c.obj)
                0x000000000000a534                _ConfigAbsSyms
 .text.log_msg_generic_get_wlen
                0x000000000000a536       0x20 zephyr/libzephyr.a(log_core.c.obj)
 .text.dummy_timestamp
                0x000000000000a556        0x4 zephyr/libzephyr.a(log_core.c.obj)
 .text.default_get_timestamp
                0x000000000000a55a        0x4 zephyr/libzephyr.a(log_core.c.obj)
 .text.atomic_inc
                0x000000000000a55e       0x1a zephyr/libzephyr.a(log_core.c.obj)
 .text.z_log_vprintk
                0x000000000000a578       0x1c zephyr/libzephyr.a(log_core.c.obj)
                0x000000000000a578                z_log_vprintk
 .text.z_log_notify_drop
                0x000000000000a594        0x6 zephyr/libzephyr.a(log_core.c.obj)
 .text.z_log_get_tag
                0x000000000000a59a        0x4 zephyr/libzephyr.a(log_core.c.obj)
                0x000000000000a59a                z_log_get_tag
 .text.z_cbprintf_cpy
                0x000000000000a59e       0x2c zephyr/libzephyr.a(log_msg.c.obj)
 .text.z_log_msg_finalize
                0x000000000000a5ca       0x32 zephyr/libzephyr.a(log_msg.c.obj)
                0x000000000000a5ca                z_log_msg_finalize
 .text.z_log_msg_simple_create
                0x000000000000a5fc       0x6e zephyr/libzephyr.a(log_msg.c.obj)
 .text.z_impl_z_log_msg_simple_create_0
                0x000000000000a66a       0x12 zephyr/libzephyr.a(log_msg.c.obj)
                0x000000000000a66a                z_impl_z_log_msg_simple_create_0
 .text.z_impl_z_log_msg_simple_create_1
                0x000000000000a67c       0x14 zephyr/libzephyr.a(log_msg.c.obj)
                0x000000000000a67c                z_impl_z_log_msg_simple_create_1
 .text.z_impl_z_log_msg_simple_create_2
                0x000000000000a690       0x18 zephyr/libzephyr.a(log_msg.c.obj)
                0x000000000000a690                z_impl_z_log_msg_simple_create_2
 .text.log_output_write
                0x000000000000a6a8       0x1c zephyr/libzephyr.a(log_output.c.obj)
 .text.log_output_flush
                0x000000000000a6c4       0x1a zephyr/libzephyr.a(log_output.c.obj)
 .text.cbvprintf
                0x000000000000a6de        0xe zephyr/libzephyr.a(log_output.c.obj)
 .text.out_func
                0x000000000000a6ec       0x36 zephyr/libzephyr.a(log_output.c.obj)
 .text.cr_out_func
                0x000000000000a722       0x1c zephyr/libzephyr.a(log_output.c.obj)
 .text.log_output_msg_process
                0x000000000000a73e       0x6a zephyr/libzephyr.a(log_output.c.obj)
                0x000000000000a73e                log_output_msg_process
 .text.abort_function
                0x000000000000a7a8        0x2 zephyr/libzephyr.a(nrf_cc3xx_platform_abort_zephyr.c.obj)
 .text.z_do_kernel_oops
                0x000000000000a7aa        0x8 zephyr/arch/arch/arm/core/libarch__arm__core.a(fatal.c.obj)
                0x000000000000a7aa                z_do_kernel_oops
 .text.z_arm_nmi
                0x000000000000a7b2        0xe zephyr/arch/arch/arm/core/libarch__arm__core.a(nmi.c.obj)
                0x000000000000a7b2                z_arm_nmi
 .text.z_log_msg_simple_create_0.constprop.0
                0x000000000000a7c0        0x8 zephyr/arch/arch/arm/core/cortex_m/libarch__arm__core__cortex_m.a(fault.c.obj)
 .text.z_irq_spurious
                0x000000000000a7c8        0x8 zephyr/arch/arch/arm/core/cortex_m/libarch__arm__core__cortex_m.a(irq_manage.c.obj)
                0x000000000000a7c8                z_irq_spurious
 .text.arch_irq_unlock_outlined
                0x000000000000a7d0        0xe zephyr/arch/arch/arm/core/cortex_m/libarch__arm__core__cortex_m.a(thread.c.obj)
                0x000000000000a7d0                arch_irq_unlock_outlined
 .text.arch_cpu_idle
                0x000000000000a7de       0x1a zephyr/arch/arch/arm/core/cortex_m/libarch__arm__core__cortex_m.a(cpu_idle.c.obj)
                0x000000000000a7de                arch_cpu_idle
 .text.arch_cpu_atomic_idle
                0x000000000000a7f8       0x1e zephyr/arch/arch/arm/core/cortex_m/libarch__arm__core__cortex_m.a(cpu_idle.c.obj)
                0x000000000000a7f8                arch_cpu_atomic_idle
 .text.size_to_mpu_rasr_size
                0x000000000000a816       0x20 zephyr/arch/arch/arm/core/mpu/libarch__arm__core__mpu.a(arm_mpu.c.obj)
 .text._stdin_hook_default
                0x000000000000a836        0x4 zephyr/lib/libc/newlib/liblib__libc__newlib.a(libc-hooks.c.obj)
 .text._stdout_hook_default
                0x000000000000a83a        0x6 zephyr/lib/libc/newlib/liblib__libc__newlib.a(libc-hooks.c.obj)
 .text.malloc_prepare
                0x000000000000a840        0x4 zephyr/lib/libc/newlib/liblib__libc__newlib.a(libc-hooks.c.obj)
 .text._read    0x000000000000a844        0x8 zephyr/lib/libc/newlib/liblib__libc__newlib.a(libc-hooks.c.obj)
                0x000000000000a844                _read
                0x000000000000a844                read
 .text._write   0x000000000000a84c        0x8 zephyr/lib/libc/newlib/liblib__libc__newlib.a(libc-hooks.c.obj)
                0x000000000000a84c                _write
                0x000000000000a84c                write
 .text._close   0x000000000000a854        0x6 zephyr/lib/libc/newlib/liblib__libc__newlib.a(libc-hooks.c.obj)
                0x000000000000a854                _close
                0x000000000000a854                close
 .text._lseek   0x000000000000a85a        0x4 zephyr/lib/libc/newlib/liblib__libc__newlib.a(libc-hooks.c.obj)
                0x000000000000a85a                _lseek
                0x000000000000a85a                lseek
 .text._isatty  0x000000000000a85e        0xa zephyr/lib/libc/newlib/liblib__libc__newlib.a(libc-hooks.c.obj)
                0x000000000000a85e                _isatty
                0x000000000000a85e                isatty
 .text._fstat   0x000000000000a868        0xa zephyr/lib/libc/newlib/liblib__libc__newlib.a(libc-hooks.c.obj)
                0x000000000000a868                fstat
                0x000000000000a868                _fstat
 .text.__retarget_lock_init_recursive
                0x000000000000a872       0x14 zephyr/lib/libc/newlib/liblib__libc__newlib.a(libc-hooks.c.obj)
                0x000000000000a872                __retarget_lock_init_recursive
 .text.__retarget_lock_acquire_recursive
                0x000000000000a886        0xc zephyr/lib/libc/newlib/liblib__libc__newlib.a(libc-hooks.c.obj)
                0x000000000000a886                __retarget_lock_acquire_recursive
 .text.__retarget_lock_release_recursive
                0x000000000000a892        0x4 zephyr/lib/libc/newlib/liblib__libc__newlib.a(libc-hooks.c.obj)
                0x000000000000a892                __retarget_lock_release_recursive
 .text.get_status
                0x000000000000a896       0x12 zephyr/drivers/clock_control/libdrivers__clock_control.a(clock_control_nrf.c.obj)
 .text.stop     0x000000000000a8a8       0x50 zephyr/drivers/clock_control/libdrivers__clock_control.a(clock_control_nrf.c.obj)
 .text.api_stop
                0x000000000000a8f8        0x6 zephyr/drivers/clock_control/libdrivers__clock_control.a(clock_control_nrf.c.obj)
 .text.async_start
                0x000000000000a8fe       0x5a zephyr/drivers/clock_control/libdrivers__clock_control.a(clock_control_nrf.c.obj)
 .text.api_start
                0x000000000000a958        0xe zephyr/drivers/clock_control/libdrivers__clock_control.a(clock_control_nrf.c.obj)
 .text.onoff_started_callback
                0x000000000000a966       0x12 zephyr/drivers/clock_control/libdrivers__clock_control.a(clock_control_nrf.c.obj)
 .text.lfclk_start
                0x000000000000a978        0x6 zephyr/drivers/clock_control/libdrivers__clock_control.a(clock_control_nrf.c.obj)
 .text.lfclk_stop
                0x000000000000a97e        0x6 zephyr/drivers/clock_control/libdrivers__clock_control.a(clock_control_nrf.c.obj)
 .text.blocking_start_callback
                0x000000000000a984        0x6 zephyr/drivers/clock_control/libdrivers__clock_control.a(clock_control_nrf.c.obj)
 .text.gpio_nrfx_port_get_raw
                0x000000000000a98a        0xe zephyr/drivers/gpio/libdrivers__gpio.a(gpio_nrfx.c.obj)
 .text.gpio_nrfx_port_set_masked_raw
                0x000000000000a998       0x18 zephyr/drivers/gpio/libdrivers__gpio.a(gpio_nrfx.c.obj)
 .text.gpio_nrfx_port_set_bits_raw
                0x000000000000a9b0        0xc zephyr/drivers/gpio/libdrivers__gpio.a(gpio_nrfx.c.obj)
 .text.gpio_nrfx_port_clear_bits_raw
                0x000000000000a9bc        0xc zephyr/drivers/gpio/libdrivers__gpio.a(gpio_nrfx.c.obj)
 .text.gpio_nrfx_port_toggle_bits
                0x000000000000a9c8       0x1a zephyr/drivers/gpio/libdrivers__gpio.a(gpio_nrfx.c.obj)
 .text.gpio_nrfx_manage_callback
                0x000000000000a9e2       0x52 zephyr/drivers/gpio/libdrivers__gpio.a(gpio_nrfx.c.obj)
 .text.event_clear
                0x000000000000aa34       0x18 zephyr/drivers/timer/libdrivers__timer.a(nrf_rtc_timer.c.obj)
 .text.sys_clock_cycle_get_32
                0x000000000000aa4c        0x8 zephyr/drivers/timer/libdrivers__timer.a(nrf_rtc_timer.c.obj)
                0x000000000000aa4c                sys_clock_cycle_get_32
 .text.hw_cc3xx_init_internal
                0x000000000000aa54        0x4 modules/nrf/drivers/hw_cc3xx/lib..__nrf__drivers__hw_cc3xx.a(hw_cc3xx.c.obj)
 .text.hw_cc3xx_init
                0x000000000000aa58       0x12 modules/nrf/drivers/hw_cc3xx/lib..__nrf__drivers__hw_cc3xx.a(hw_cc3xx.c.obj)
 .text.nrfx_isr
                0x000000000000aa6a        0x2 modules/hal_nordic/nrfx/libmodules__hal_nordic__nrfx.a(nrfx_glue.c.obj)
                0x000000000000aa6a                nrfx_isr
 .text.nrfx_busy_wait
                0x000000000000aa6c        0x4 modules/hal_nordic/nrfx/libmodules__hal_nordic__nrfx.a(nrfx_glue.c.obj)
                0x000000000000aa6c                nrfx_busy_wait
 .text.nrfx_clock_stop
                0x000000000000aa70        0x4 modules/hal_nordic/nrfx/libmodules__hal_nordic__nrfx.a(nrfx_clock.c.obj)
                0x000000000000aa70                nrfx_clock_stop
 .text.nrf_gpio_reconfigure
                0x000000000000aa74       0x92 modules/hal_nordic/nrfx/libmodules__hal_nordic__nrfx.a(nrfx_gpiote.c.obj)
 .text.nrf_gpio_cfg_sense_set
                0x000000000000ab06       0x1e modules/hal_nordic/nrfx/libmodules__hal_nordic__nrfx.a(nrfx_gpiote.c.obj)
 .text.pin_trigger_disable
                0x000000000000ab24       0x48 modules/hal_nordic/nrfx/libmodules__hal_nordic__nrfx.a(nrfx_gpiote.c.obj)
 .text.nrfx_gpiote_pin_uninit
                0x000000000000ab6c        0x4 modules/hal_nordic/nrfx/libmodules__hal_nordic__nrfx.a(nrfx_gpiote.c.obj)
                0x000000000000ab6c                nrfx_gpiote_pin_uninit
 .text.nrfx_gpiote_trigger_disable
                0x000000000000ab70        0x4 modules/hal_nordic/nrfx/libmodules__hal_nordic__nrfx.a(nrfx_gpiote.c.obj)
                0x000000000000ab70                nrfx_gpiote_trigger_disable
 .text.SEGGER_RTT_Init
                0x000000000000ab74        0x4 modules/segger/libmodules__segger.a(SEGGER_RTT.c.obj)
                0x000000000000ab74                SEGGER_RTT_Init
 .text.rtt_init
                0x000000000000ab78        0xa modules/segger/libmodules__segger.a(SEGGER_RTT_zephyr.c.obj)
 .text.z_impl_k_busy_wait
                0x000000000000ab82        0x8 zephyr/kernel/libkernel.a(busy_wait.c.obj)
                0x000000000000ab82                z_impl_k_busy_wait
 .text.z_device_state_init
                0x000000000000ab8a        0x2 zephyr/kernel/libkernel.a(device.c.obj)
                0x000000000000ab8a                z_device_state_init
 .text.z_impl_device_is_ready
                0x000000000000ab8c       0x16 zephyr/kernel/libkernel.a(device.c.obj)
                0x000000000000ab8c                z_impl_device_is_ready
 .text.arch_system_halt
                0x000000000000aba2       0x10 zephyr/kernel/libkernel.a(fatal.c.obj)
                0x000000000000aba2                arch_system_halt
 .text.do_device_init
                0x000000000000abb2       0x30 zephyr/kernel/libkernel.a(init.c.obj)
 .text.z_early_memset
                0x000000000000abe2        0x4 zephyr/kernel/libkernel.a(init.c.obj)
                0x000000000000abe2                z_early_memset
 .text.z_early_memcpy
                0x000000000000abe6        0x4 zephyr/kernel/libkernel.a(init.c.obj)
                0x000000000000abe6                z_early_memcpy
 .text.z_init_static
                0x000000000000abea        0x2 zephyr/kernel/libkernel.a(init_static.c.obj)
                0x000000000000abea                z_init_static
 .text.create_free_list
                0x000000000000abec       0x34 zephyr/kernel/libkernel.a(mem_slab.c.obj)
 .text.k_mem_slab_init
                0x000000000000ac20       0x1c zephyr/kernel/libkernel.a(mem_slab.c.obj)
                0x000000000000ac20                k_mem_slab_init
 .text.k_mem_slab_free
                0x000000000000ac3c       0x4a zephyr/kernel/libkernel.a(mem_slab.c.obj)
                0x000000000000ac3c                k_mem_slab_free
 .text.idle     0x000000000000ac86       0x16 zephyr/kernel/libkernel.a(idle.c.obj)
                0x000000000000ac86                idle
 .text.adjust_owner_prio.isra.0
                0x000000000000ac9c       0x10 zephyr/kernel/libkernel.a(mutex.c.obj)
 .text.z_impl_k_mutex_init
                0x000000000000acac        0xe zephyr/kernel/libkernel.a(mutex.c.obj)
                0x000000000000acac                z_impl_k_mutex_init
 .text.z_impl_k_sem_init
                0x000000000000acba       0x18 zephyr/kernel/libkernel.a(sem.c.obj)
                0x000000000000acba                z_impl_k_sem_init
 .text.k_is_in_isr
                0x000000000000acd2        0xc zephyr/kernel/libkernel.a(thread.c.obj)
                0x000000000000acd2                k_is_in_isr
 .text.z_impl_k_thread_name_set
                0x000000000000acde        0x6 zephyr/kernel/libkernel.a(thread.c.obj)
                0x000000000000acde                z_impl_k_thread_name_set
 .text.k_thread_name_get
                0x000000000000ace4        0x4 zephyr/kernel/libkernel.a(thread.c.obj)
                0x000000000000ace4                k_thread_name_get
 .text.z_impl_k_thread_start
                0x000000000000ace8        0x4 zephyr/kernel/libkernel.a(thread.c.obj)
                0x000000000000ace8                z_impl_k_thread_start
 .text.sys_dlist_remove
                0x000000000000acec       0x10 zephyr/kernel/libkernel.a(sched.c.obj)
 .text.unpend_thread_no_timeout
                0x000000000000acfc       0x14 zephyr/kernel/libkernel.a(sched.c.obj)
 .text.add_to_waitq_locked
                0x000000000000ad10       0x50 zephyr/kernel/libkernel.a(sched.c.obj)
 .text.z_ready_thread
                0x000000000000ad60       0x1e zephyr/kernel/libkernel.a(sched.c.obj)
                0x000000000000ad60                z_ready_thread
 .text.z_impl_k_thread_suspend
                0x000000000000ad7e       0x34 zephyr/kernel/libkernel.a(sched.c.obj)
                0x000000000000ad7e                z_impl_k_thread_suspend
 .text.z_unpend_thread_no_timeout
                0x000000000000adb2       0x22 zephyr/kernel/libkernel.a(sched.c.obj)
                0x000000000000adb2                z_unpend_thread_no_timeout
 .text.z_sched_wake_thread
                0x000000000000add4       0x42 zephyr/kernel/libkernel.a(sched.c.obj)
                0x000000000000add4                z_sched_wake_thread
 .text.z_thread_timeout
                0x000000000000ae16        0x8 zephyr/kernel/libkernel.a(sched.c.obj)
                0x000000000000ae16                z_thread_timeout
 .text.z_unpend1_no_timeout
                0x000000000000ae1e       0x2c zephyr/kernel/libkernel.a(sched.c.obj)
                0x000000000000ae1e                z_unpend1_no_timeout
 .text.z_unpend_first_thread
                0x000000000000ae4a       0x36 zephyr/kernel/libkernel.a(sched.c.obj)
                0x000000000000ae4a                z_unpend_first_thread
 .text.z_thread_abort
                0x000000000000ae80       0x44 zephyr/kernel/libkernel.a(sched.c.obj)
                0x000000000000ae80                z_thread_abort
 .text.z_abort_timeout
                0x000000000000aec4       0x2a zephyr/kernel/libkernel.a(timeout.c.obj)
                0x000000000000aec4                z_abort_timeout
 .text.sys_clock_tick_get_32
                0x000000000000aeee        0x8 zephyr/kernel/libkernel.a(timeout.c.obj)
                0x000000000000aeee                sys_clock_tick_get_32
 .text.z_impl_k_uptime_ticks
                0x000000000000aef6        0x4 zephyr/kernel/libkernel.a(timeout.c.obj)
                0x000000000000aef6                z_impl_k_uptime_ticks
 .text.k_timer_init
                0x000000000000aefa       0x18 zephyr/kernel/libkernel.a(timer.c.obj)
                0x000000000000aefa                k_timer_init
 .text.z_impl_k_timer_stop
                0x000000000000af12       0x38 zephyr/kernel/libkernel.a(timer.c.obj)
                0x000000000000af12                z_impl_k_timer_stop
 .text.k_heap_init
                0x000000000000af4a       0x10 zephyr/kernel/libkernel.a(kheap.c.obj)
                0x000000000000af4a                k_heap_init
 .text.memcpy   0x000000000000af5a       0x1c C:/ncs/toolchains/0b393f9e1b/opt/zephyr-sdk/arm-zephyr-eabi/arm-zephyr-eabi/lib/thumb/v7e-m/nofp\libc_nano.a(lib_a-memcpy-stub.o)
                0x000000000000af5a                memcpy
 .text.memmove  0x000000000000af76       0x34 C:/ncs/toolchains/0b393f9e1b/opt/zephyr-sdk/arm-zephyr-eabi/arm-zephyr-eabi/lib/thumb/v7e-m/nofp\libc_nano.a(lib_a-memmove.o)
                0x000000000000af76                memmove
 .text.memset   0x000000000000afaa       0x10 C:/ncs/toolchains/0b393f9e1b/opt/zephyr-sdk/arm-zephyr-eabi/arm-zephyr-eabi/lib/thumb/v7e-m/nofp\libc_nano.a(lib_a-memset.o)
                0x000000000000afaa                memset
 .text.__cvt    0x000000000000afba       0xce C:/ncs/toolchains/0b393f9e1b/opt/zephyr-sdk/arm-zephyr-eabi/arm-zephyr-eabi/lib/thumb/v7e-m/nofp\libc_nano.a(lib_a-nano-vfprintf_float.o)
                0x000000000000afba                __cvt
 .text.__exponent
                0x000000000000b088       0x74 C:/ncs/toolchains/0b393f9e1b/opt/zephyr-sdk/arm-zephyr-eabi/arm-zephyr-eabi/lib/thumb/v7e-m/nofp\libc_nano.a(lib_a-nano-vfprintf_float.o)
                0x000000000000b088                __exponent
 .text._printf_common
                0x000000000000b0fc       0xda C:/ncs/toolchains/0b393f9e1b/opt/zephyr-sdk/arm-zephyr-eabi/arm-zephyr-eabi/lib/thumb/v7e-m/nofp\libc_nano.a(lib_a-nano-vfprintf_i.o)
                0x000000000000b0fc                _printf_common
 .text.strnlen  0x000000000000b1d6       0x18 C:/ncs/toolchains/0b393f9e1b/opt/zephyr-sdk/arm-zephyr-eabi/arm-zephyr-eabi/lib/thumb/v7e-m/nofp\libc_nano.a(lib_a-strnlen.o)
                0x000000000000b1d6                strnlen
 .text.quorem   0x000000000000b1ee      0x110 C:/ncs/toolchains/0b393f9e1b/opt/zephyr-sdk/arm-zephyr-eabi/arm-zephyr-eabi/lib/thumb/v7e-m/nofp\libc_nano.a(lib_a-dtoa.o)
 .text.__hi0bits
                0x000000000000b2fe       0x44 C:/ncs/toolchains/0b393f9e1b/opt/zephyr-sdk/arm-zephyr-eabi/arm-zephyr-eabi/lib/thumb/v7e-m/nofp\libc_nano.a(lib_a-mprec.o)
                0x000000000000b2fe                __hi0bits
 .text.__lo0bits
                0x000000000000b342       0x5a C:/ncs/toolchains/0b393f9e1b/opt/zephyr-sdk/arm-zephyr-eabi/arm-zephyr-eabi/lib/thumb/v7e-m/nofp\libc_nano.a(lib_a-mprec.o)
                0x000000000000b342                __lo0bits
 .text.__mcmp   0x000000000000b39c       0x36 C:/ncs/toolchains/0b393f9e1b/opt/zephyr-sdk/arm-zephyr-eabi/arm-zephyr-eabi/lib/thumb/v7e-m/nofp\libc_nano.a(lib_a-mprec.o)
                0x000000000000b39c                __mcmp
 .text._calloc_r
                0x000000000000b3d2       0x1c C:/ncs/toolchains/0b393f9e1b/opt/zephyr-sdk/arm-zephyr-eabi/arm-zephyr-eabi/lib/thumb/v7e-m/nofp\libc_nano.a(lib_a-nano-callocr.o)
                0x000000000000b3d2                _calloc_r
 .text.__ssputs_r
                0x000000000000b3ee       0xb6 C:/ncs/toolchains/0b393f9e1b/opt/zephyr-sdk/arm-zephyr-eabi/arm-zephyr-eabi/lib/thumb/v7e-m/nofp\libc_nano.a(lib_a-nano-svfprintf.o)
                0x000000000000b3ee                __ssputs_r
 .text.__ascii_mbtowc
                0x000000000000b4a4       0x24 C:/ncs/toolchains/0b393f9e1b/opt/zephyr-sdk/arm-zephyr-eabi/arm-zephyr-eabi/lib/thumb/v7e-m/nofp\libc_nano.a(lib_a-mbtowc_r.o)
                0x000000000000b4a4                __ascii_mbtowc
 .text._realloc_r
                0x000000000000b4c8       0x4a C:/ncs/toolchains/0b393f9e1b/opt/zephyr-sdk/arm-zephyr-eabi/arm-zephyr-eabi/lib/thumb/v7e-m/nofp\libc_nano.a(lib_a-nano-reallocr.o)
                0x000000000000b4c8                _realloc_r
 .text.__sfputc_r
                0x000000000000b512       0x2a C:/ncs/toolchains/0b393f9e1b/opt/zephyr-sdk/arm-zephyr-eabi/arm-zephyr-eabi/lib/thumb/v7e-m/nofp\libc_nano.a(lib_a-nano-vfprintf.o)
 .text.__sfputs_r
                0x000000000000b53c       0x24 C:/ncs/toolchains/0b393f9e1b/opt/zephyr-sdk/arm-zephyr-eabi/arm-zephyr-eabi/lib/thumb/v7e-m/nofp\libc_nano.a(lib_a-nano-vfprintf.o)
                0x000000000000b53c                __sfputs_r
 .text.__ascii_wctomb
                0x000000000000b560       0x1a C:/ncs/toolchains/0b393f9e1b/opt/zephyr-sdk/arm-zephyr-eabi/arm-zephyr-eabi/lib/thumb/v7e-m/nofp\libc_nano.a(lib_a-wctomb_r.o)
                0x000000000000b560                __ascii_wctomb
 .text.__sflush_r
                0x000000000000b57a      0x100 C:/ncs/toolchains/0b393f9e1b/opt/zephyr-sdk/arm-zephyr-eabi/arm-zephyr-eabi/lib/thumb/v7e-m/nofp\libc_nano.a(lib_a-fflush.o)
                0x000000000000b57a                __sflush_r
 .text.__sfmoreglue
                0x000000000000b67a       0x2c C:/ncs/toolchains/0b393f9e1b/opt/zephyr-sdk/arm-zephyr-eabi/arm-zephyr-eabi/lib/thumb/v7e-m/nofp\libc_nano.a(lib_a-findfp.o)
                0x000000000000b67a                __sfmoreglue
 .text._fwalk_reent
                0x000000000000b6a6       0x3e C:/ncs/toolchains/0b393f9e1b/opt/zephyr-sdk/arm-zephyr-eabi/arm-zephyr-eabi/lib/thumb/v7e-m/nofp\libc_nano.a(lib_a-fwalk.o)
                0x000000000000b6a6                _fwalk_reent
 .text.__swhatbuf_r
                0x000000000000b6e4       0x4c C:/ncs/toolchains/0b393f9e1b/opt/zephyr-sdk/arm-zephyr-eabi/arm-zephyr-eabi/lib/thumb/v7e-m/nofp\libc_nano.a(lib_a-makebuf.o)
                0x000000000000b6e4                __swhatbuf_r
 .text._malloc_usable_size_r
                0x000000000000b730       0x10 C:/ncs/toolchains/0b393f9e1b/opt/zephyr-sdk/arm-zephyr-eabi/arm-zephyr-eabi/lib/thumb/v7e-m/nofp\libc_nano.a(lib_a-nano-msizer.o)
                0x000000000000b730                _malloc_usable_size_r
 .text.__sread  0x000000000000b740       0x22 C:/ncs/toolchains/0b393f9e1b/opt/zephyr-sdk/arm-zephyr-eabi/arm-zephyr-eabi/lib/thumb/v7e-m/nofp\libc_nano.a(lib_a-stdio.o)
                0x000000000000b740                __sread
 .text.__swrite
                0x000000000000b762       0x38 C:/ncs/toolchains/0b393f9e1b/opt/zephyr-sdk/arm-zephyr-eabi/arm-zephyr-eabi/lib/thumb/v7e-m/nofp\libc_nano.a(lib_a-stdio.o)
                0x000000000000b762                __swrite
 .text.__sseek  0x000000000000b79a       0x24 C:/ncs/toolchains/0b393f9e1b/opt/zephyr-sdk/arm-zephyr-eabi/arm-zephyr-eabi/lib/thumb/v7e-m/nofp\libc_nano.a(lib_a-stdio.o)
                0x000000000000b79a                __sseek
 .text.__sclose
                0x000000000000b7be        0x8 C:/ncs/toolchains/0b393f9e1b/opt/zephyr-sdk/arm-zephyr-eabi/arm-zephyr-eabi/lib/thumb/v7e-m/nofp\libc_nano.a(lib_a-stdio.o)
                0x000000000000b7be                __sclose
 *(SORT_BY_ALIGNMENT(.TEXT.*))
 *(SORT_BY_ALIGNMENT(.gnu.linkonce.t.*))
 *(SORT_BY_ALIGNMENT(.glue_7t))
 .glue_7t       0x000000000000b7c6        0x0 linker stubs
 *(SORT_BY_ALIGNMENT(.glue_7))
 .glue_7        0x000000000000b7c6        0x0 linker stubs
 *(SORT_BY_ALIGNMENT(.vfp11_veneer))
 .vfp11_veneer  0x000000000000b7c6        0x0 linker stubs
 *(SORT_BY_ALIGNMENT(.v4_bx))
 .v4_bx         0x000000000000b7c6        0x0 linker stubs
                0x000000000000b7c8                . = ALIGN (0x4)
 *fill*         0x000000000000b7c6        0x2 
                0x000000000000b7c8                __text_region_end = .

.ARM.exidx      0x000000000000b7c8        0x8
                0x000000000000b7c8                __exidx_start = .
 *(SORT_BY_ALIGNMENT(.ARM.exidx*) SORT_BY_ALIGNMENT(gnu.linkonce.armexidx.*))