Archive member included to satisfy reference by file (symbol)

app/libapp.a(main.c.obj)      (--whole-archive)
app/libapp.a(hx711_driver.c.obj)
                              (--whole-archive)
zephyr/libzephyr.a(heap.c.obj)
                              (--whole-archive)
zephyr/libzephyr.a(cbprintf_packaged.c.obj)
                              (--whole-archive)
zephyr/libzephyr.a(printk.c.obj)
                              (--whole-archive)
zephyr/libzephyr.a(sem.c.obj)
                              (--whole-archive)
zephyr/libzephyr.a(thread_entry.c.obj)
                              (--whole-archive)
zephyr/libzephyr.a(cbprintf_complete.c.obj)
                              (--whole-archive)
zephyr/libzephyr.a(cbprintf.c.obj)
                              (--whole-archive)
zephyr/libzephyr.a(assert.c.obj)
                              (--whole-archive)
zephyr/libzephyr.a(mpsc_pbuf.c.obj)
                              (--whole-archive)
zephyr/libzephyr.a(dec.c.obj)
                              (--whole-archive)
zephyr/libzephyr.a(hex.c.obj)
                              (--whole-archive)
zephyr/libzephyr.a(rb.c.obj)  (--whole-archive)
zephyr/libzephyr.a(timeutil.c.obj)
                              (--whole-archive)
zephyr/libzephyr.a(bitarray.c.obj)
                              (--whole-archive)
zephyr/libzephyr.a(onoff.c.obj)
                              (--whole-archive)
zephyr/libzephyr.a(notify.c.obj)
                              (--whole-archive)
zephyr/libzephyr.a(configs.c.obj)
                              (--whole-archive)
zephyr/libzephyr.a(log_core.c.obj)
                              (--whole-archive)
zephyr/libzephyr.a(log_mgmt.c.obj)
                              (--whole-archive)
zephyr/libzephyr.a(log_cache.c.obj)
                              (--whole-archive)
zephyr/libzephyr.a(log_msg.c.obj)
                              (--whole-archive)
zephyr/libzephyr.a(log_output.c.obj)
                              (--whole-archive)
zephyr/libzephyr.a(log_backend_rtt.c.obj)
                              (--whole-archive)
zephyr/libzephyr.a(mem_attr.c.obj)
                              (--whole-archive)
zephyr/libzephyr.a(device.c.obj)
                              (--whole-archive)
zephyr/libzephyr.a(device_system_managed.c.obj)
                              (--whole-archive)
zephyr/libzephyr.a(tracing_none.c.obj)
                              (--whole-archive)
zephyr/libzephyr.a(banner.c.obj)
                              (--whole-archive)
zephyr/libzephyr.a(flash_map_partition_manager.c.obj)
                              (--whole-archive)
zephyr/libzephyr.a(nrf_cc3xx_platform_abort_zephyr.c.obj)
                              (--whole-archive)
zephyr/libzephyr.a(nrf_cc3xx_platform_mutex_zephyr.c.obj)
                              (--whole-archive)
zephyr/arch/common/libarch__common.a(sw_isr_common.c.obj)
                              (--whole-archive)
zephyr/arch/arch/arm/core/libarch__arm__core.a(fatal.c.obj)
                              (--whole-archive)
zephyr/arch/arch/arm/core/libarch__arm__core.a(nmi.c.obj)
                              (--whole-archive)
zephyr/arch/arch/arm/core/libarch__arm__core.a(nmi_on_reset.S.obj)
                              (--whole-archive)
zephyr/arch/arch/arm/core/cortex_m/libarch__arm__core__cortex_m.a(exc_exit.c.obj)
                              (--whole-archive)
zephyr/arch/arch/arm/core/cortex_m/libarch__arm__core__cortex_m.a(fault.c.obj)
                              (--whole-archive)
zephyr/arch/arch/arm/core/cortex_m/libarch__arm__core__cortex_m.a(fault_s.S.obj)
                              (--whole-archive)
zephyr/arch/arch/arm/core/cortex_m/libarch__arm__core__cortex_m.a(fpu.c.obj)
                              (--whole-archive)
zephyr/arch/arch/arm/core/cortex_m/libarch__arm__core__cortex_m.a(reset.S.obj)
                              (--whole-archive)
zephyr/arch/arch/arm/core/cortex_m/libarch__arm__core__cortex_m.a(scb.c.obj)
                              (--whole-archive)
zephyr/arch/arch/arm/core/cortex_m/libarch__arm__core__cortex_m.a(thread_abort.c.obj)
                              (--whole-archive)
zephyr/arch/arch/arm/core/cortex_m/libarch__arm__core__cortex_m.a(vector_table.S.obj)
                              (--whole-archive)
zephyr/arch/arch/arm/core/cortex_m/libarch__arm__core__cortex_m.a(swap.c.obj)
                              (--whole-archive)
zephyr/arch/arch/arm/core/cortex_m/libarch__arm__core__cortex_m.a(swap_helper.S.obj)
                              (--whole-archive)
zephyr/arch/arch/arm/core/cortex_m/libarch__arm__core__cortex_m.a(irq_manage.c.obj)
                              (--whole-archive)
zephyr/arch/arch/arm/core/cortex_m/libarch__arm__core__cortex_m.a(prep_c.c.obj)
                              (--whole-archive)
zephyr/arch/arch/arm/core/cortex_m/libarch__arm__core__cortex_m.a(thread.c.obj)
                              (--whole-archive)
[...]
Memory Configuration

Name             Origin             Length             Attributes
FLASH            0x0000000000000000 0x0000000000100000 xr
RAM              0x0000000020000000 0x0000000000040000 xw
IDT_LIST         0x00000000ffff7fff 0x0000000000008000 xw
*default*        0x0000000000000000 0xffffffffffffffff

Linker script and memory map

LOAD zephyr/CMakeFiles/zephyr_pre0.dir/misc/empty_file.c.obj
LOAD zephyr/CMakeFiles/offsets.dir/./arch/arm/core/offsets/offsets.c.obj
LOAD app/libapp.a
LOAD zephyr/libzephyr.a
LOAD zephyr/arch/common/libarch__common.a
LOAD zephyr/arch/arch/arm/core/libarch__arm__core.a
LOAD zephyr/arch/arch/arm/core/cortex_m/libarch__arm__core__cortex_m.a
LOAD zephyr/arch/arch/arm/core/mpu/libarch__arm__core__mpu.a
LOAD zephyr/lib/libc/newlib/liblib__libc__newlib.a
LOAD zephyr/lib/libc/common/liblib__libc__common.a
LOAD zephyr/soc/soc/nrf52840/libsoc__nordic.a
LOAD zephyr/drivers/clock_control/libdrivers__clock_control.a
LOAD zephyr/drivers/gpio/libdrivers__gpio.a
LOAD zephyr/drivers/sensor/nordic/temp/libdrivers__sensor__nordic__temp.a
LOAD zephyr/drivers/timer/libdrivers__timer.a
LOAD modules/nrf/drivers/hw_cc3xx/lib..__nrf__drivers__hw_cc3xx.a
LOAD modules/hal_nordic/nrfx/libmodules__hal_nordic__nrfx.a
LOAD modules/segger/libmodules__segger.a
LOAD zephyr/kernel/libkernel.a
LOAD zephyr/arch/common/libisr_tables.a
LOAD C:/ncs/v2.9.0/nrfxlib/crypto/nrf_cc310_platform/lib/cortex-m4/soft-float/no-interrupts/libnrf_cc310_platform_0.9.19.a
LOAD C:/ncs/toolchains/0b393f9e1b/opt/zephyr-sdk/arm-zephyr-eabi/arm-zephyr-eabi/lib/thumb/v7e-m/nofp\libc_nano.a
LOAD C:/ncs/toolchains/0b393f9e1b/opt/zephyr-sdk/arm-zephyr-eabi/arm-zephyr-eabi/lib/thumb/v7e-m/nofp\libm_nano.a
LOAD C:/ncs/toolchains/0b393f9e1b/opt/zephyr-sdk/arm-zephyr-eabi/arm-zephyr-eabi/lib/thumb/v7e-m/nofp\libc_nano.a
LOAD c:/ncs/toolchains/0b393f9e1b/opt/zephyr-sdk/arm-zephyr-eabi/bin/../lib/gcc/arm-zephyr-eabi/12.2.0/thumb/v7e-m/nofp\libgcc.a
LOAD C:/ncs/toolchains/0b393f9e1b/opt/zephyr-sdk/arm-zephyr-eabi/arm-zephyr-eabi/lib/thumb/v7e-m/nofp\libc_nano.a
                0x0000000000000020                _region_min_align = 0x20

.rel.plt        0x0000000000000000        0x0
 *(SORT_BY_ALIGNMENT(.rel.plt))
                [!provide]                        PROVIDE (__rel_iplt_start = .)
 *(SORT_BY_ALIGNMENT(.rel.iplt))
 .rel.iplt      0x0000000000000000        0x0 app/libapp.a(main.c.obj)
                [!provide]                        PROVIDE (__rel_iplt_end = .)

.rela.plt       0x0000000000000000        0x0
 *(SORT_BY_ALIGNMENT(.rela.plt))
                [!provide]                        PROVIDE (__rela_iplt_start = .)
 *(SORT_BY_ALIGNMENT(.rela.iplt))
                [!provide]                        PROVIDE (__rela_iplt_end = .)

.rel.dyn
 *(SORT_BY_ALIGNMENT(.rel.*))

.rela.dyn
 *(SORT_BY_ALIGNMENT(.rela.*))

/DISCARD/
 *(SORT_BY_ALIGNMENT(.plt))

/DISCARD/
 *(SORT_BY_ALIGNMENT(.iplt))
                0x0000000000000000                __rom_region_start = 0x0

rom_start       0x0000000000000000      0x100
                0x0000000000000000                __rom_start_address = .
 FILL mask 0x00
                0x0000000000000000                . = (. + (0x0 - (. - __rom_start_address)))
                0x0000000000000000                . = ALIGN (0x4)
                0x0000000000000000                . = ALIGN (0x80)
                0x0000000000000000                . = ALIGN (0x100)
                0x0000000000000000                _vector_start = .
 *(SORT_BY_ALIGNMENT(.exc_vector_table))
 *(SORT_BY_ALIGNMENT(.exc_vector_table.*))
 .exc_vector_table._vector_table_section
                0x0000000000000000       0x40 zephyr/arch/arch/arm/core/cortex_m/libarch__arm__core__cortex_m.a(vector_table.S.obj)
                0x0000000000000000                _vector_table
 *(SORT_BY_ALIGNMENT(.vectors))
                0x0000000000000100                _vector_end = .
                0x0000000000000040                . = ALIGN (0x4)
 *(SORT_BY_ALIGNMENT(.gnu.linkonce.irq_vector_table*))
 .gnu.linkonce.irq_vector_table
                0x0000000000000040       0xc0 zephyr/arch/common/libisr_tables.a(isr_tables.c.obj)
                0x0000000000000040                _irq_vector_table
                0x0000000000000100                _vector_end = .

text            0x0000000000000100     0xa814
                0x0000000000000100                __text_region_start = .
 *(SORT_BY_ALIGNMENT(.text))
 .text          0x0000000000000100       0xa0 C:/ncs/toolchains/0b393f9e1b/opt/zephyr-sdk/arm-zephyr-eabi/arm-zephyr-eabi/lib/thumb/v7e-m/nofp\libc_nano.a(lib_a-memchr.o)
                0x0000000000000100                memchr
 .text          0x00000000000001a0      0x378 c:/ncs/toolchains/0b393f9e1b/opt/zephyr-sdk/arm-zephyr-eabi/bin/../lib/gcc/arm-zephyr-eabi/12.2.0/thumb/v7e-m/nofp\libgcc.a(_arm_addsubdf3.o)
                0x00000000000001a0                __aeabi_drsub
                0x00000000000001a8                __aeabi_dsub
                0x00000000000001a8                __subdf3
                0x00000000000001ac                __aeabi_dadd
                0x00000000000001ac                __adddf3
                0x0000000000000424                __floatunsidf
                0x0000000000000424                __aeabi_ui2d
                0x0000000000000444                __floatsidf
                0x0000000000000444                __aeabi_i2d
                0x0000000000000468                __aeabi_f2d
                0x0000000000000468                __extendsfdf2
                0x00000000000004ac                __floatundidf
                0x00000000000004ac                __aeabi_ul2d
                0x00000000000004bc                __floatdidf
                0x00000000000004bc                __aeabi_l2d
 .text          0x0000000000000518      0x424 c:/ncs/toolchains/0b393f9e1b/opt/zephyr-sdk/arm-zephyr-eabi/bin/../lib/gcc/arm-zephyr-eabi/12.2.0/thumb/v7e-m/nofp\libgcc.a(_arm_muldivdf3.o)
                0x0000000000000518                __aeabi_dmul
                0x0000000000000518                __muldf3
                0x000000000000076c                __divdf3
                0x000000000000076c                __aeabi_ddiv
 .text          0x000000000000093c      0x110 c:/ncs/toolchains/0b393f9e1b/opt/zephyr-sdk/arm-zephyr-eabi/bin/../lib/gcc/arm-zephyr-eabi/12.2.0/thumb/v7e-m/nofp\libgcc.a(_arm_cmpdf2.o)
                0x000000000000093c                __gtdf2
                0x000000000000093c                __gedf2
                0x0000000000000944                __ltdf2
                0x0000000000000944                __ledf2
                0x000000000000094c                __nedf2
                0x000000000000094c                __eqdf2
                0x000000000000094c                __cmpdf2
                0x00000000000009c8                __aeabi_cdrcmple
                0x00000000000009d8                __aeabi_cdcmpeq
                0x00000000000009d8                __aeabi_cdcmple
                0x00000000000009e8                __aeabi_dcmpeq
                0x00000000000009fc                __aeabi_dcmplt
                0x0000000000000a10                __aeabi_dcmple
                0x0000000000000a24                __aeabi_dcmpge
                0x0000000000000a38                __aeabi_dcmpgt
 .text          0x0000000000000a4c       0x2c c:/ncs/toolchains/0b393f9e1b/opt/zephyr-sdk/arm-zephyr-eabi/bin/../lib/gcc/arm-zephyr-eabi/12.2.0/thumb/v7e-m/nofp\libgcc.a(_arm_unorddf2.o)
                0x0000000000000a4c                __unorddf2
                0x0000000000000a4c                __aeabi_dcmpun
 .text          0x0000000000000a78       0x50 c:/ncs/toolchains/0b393f9e1b/opt/zephyr-sdk/arm-zephyr-eabi/bin/../lib/gcc/arm-zephyr-eabi/12.2.0/thumb/v7e-m/nofp\libgcc.a(_arm_fixdfsi.o)
                0x0000000000000a78                __aeabi_d2iz
                0x0000000000000a78                __fixdfsi
 .text          0x0000000000000ac8       0x30 c:/ncs/toolchains/0b393f9e1b/opt/zephyr-sdk/arm-zephyr-eabi/bin/../lib/gcc/arm-zephyr-eabi/12.2.0/thumb/v7e-m/nofp\libgcc.a(_aeabi_uldivmod.o)
                0x0000000000000ac8                __aeabi_uldivmod
 .text          0x0000000000000af8        0x4 c:/ncs/toolchains/0b393f9e1b/opt/zephyr-sdk/arm-zephyr-eabi/bin/../lib/gcc/arm-zephyr-eabi/12.2.0/thumb/v7e-m/nofp\libgcc.a(_dvmd_tls.o)
                0x0000000000000af8                __aeabi_idiv0
                0x0000000000000af8                __aeabi_ldiv0
 .text          0x0000000000000afc       0x10 C:/ncs/toolchains/0b393f9e1b/opt/zephyr-sdk/arm-zephyr-eabi/arm-zephyr-eabi/lib/thumb/v7e-m/nofp\libc_nano.a(lib_a-strlen.o)
                0x0000000000000afc                strlen
 .text          0x0000000000000b0c      0x2a0 c:/ncs/toolchains/0b393f9e1b/opt/zephyr-sdk/arm-zephyr-eabi/bin/../lib/gcc/arm-zephyr-eabi/12.2.0/thumb/v7e-m/nofp\libgcc.a(_udivmoddi4.o)
                0x0000000000000b0c                __udivmoddi4
 *(SORT_BY_ALIGNMENT(.text.*))
 *fill*         0x0000000000000dac        0x4 
 .text._dtoa_r  0x0000000000000db0      0xc5c C:/ncs/toolchains/0b393f9e1b/opt/zephyr-sdk/arm-zephyr-eabi/arm-zephyr-eabi/lib/thumb/v7e-m/nofp\libc_nano.a(lib_a-dtoa.o)
                0x0000000000000db0                _dtoa_r
 .text.main     0x0000000000001a0c      0x16c app/libapp.a(main.c.obj)
                0x0000000000001a0c                main
 .text.hx711_init
                0x0000000000001b78       0x6c app/libapp.a(hx711_driver.c.obj)
                0x0000000000001b78                hx711_init
 .text.hx711_set_rate
                0x0000000000001be4       0x10 app/libapp.a(hx711_driver.c.obj)
                0x0000000000001be4                hx711_set_rate
 .text.cbvprintf_package
                0x0000000000001bf4      0x3a4 zephyr/libzephyr.a(cbprintf_packaged.c.obj)
                0x0000000000001bf4                cbvprintf_package
 .text.cbprintf_package_convert
                0x0000000000001f98      0x3c0 zephyr/libzephyr.a(cbprintf_packaged.c.obj)
                0x0000000000001f98                cbprintf_package_convert
 .text.vsnprintk
                0x0000000000002358       0x2c zephyr/libzephyr.a(printk.c.obj)
                0x0000000000002358                vsnprintk
 .text.extract_decimal
                0x0000000000002384       0x2c zephyr/libzephyr.a(cbprintf_complete.c.obj)
 .text.encode_uint
                0x00000000000023b0       0x9c zephyr/libzephyr.a(cbprintf_complete.c.obj)
 .text.z_cbvprintf_impl
                0x000000000000244c      0x76c zephyr/libzephyr.a(cbprintf_complete.c.obj)
                0x000000000000244c                z_cbvprintf_impl
 .text.process_event
                0x0000000000002bb8      0x21c zephyr/libzephyr.a(onoff.c.obj)
 .text.activate_foreach_backend
                0x0000000000002dd4       0x64 zephyr/libzephyr.a(log_core.c.obj)
 .text.enable_logger
                0x0000000000002e38       0x5c zephyr/libzephyr.a(log_core.c.obj)
 .text.log_process_thread_timer_expiry_fn
                0x0000000000002e94        0xc zephyr/libzephyr.a(log_core.c.obj)
 .text.z_log_init
                0x0000000000002ea0       0x90 zephyr/libzephyr.a(log_core.c.obj)
 .text.log_format_func_t_get
                0x0000000000002f30        0xc zephyr/libzephyr.a(log_core.c.obj)
                0x0000000000002f30                log_format_func_t_get
 .text.log_set_timestamp_func
                0x0000000000002f3c       0x20 zephyr/libzephyr.a(log_core.c.obj)
                0x0000000000002f3c                log_set_timestamp_func
 .text.z_log_notify_backend_enabled
                0x0000000000002f5c       0x1c zephyr/libzephyr.a(log_core.c.obj)
                0x0000000000002f5c                z_log_notify_backend_enabled
 .text.z_log_dropped
                0x0000000000002f78       0x44 zephyr/libzephyr.a(log_core.c.obj)
                0x0000000000002f78                z_log_dropped
 .text.z_log_dropped_read_and_clear
                0x0000000000002fbc       0x20 zephyr/libzephyr.a(log_core.c.obj)
                0x0000000000002fbc                z_log_dropped_read_and_clear
 .text.dropped_notify
                0x0000000000002fdc       0x30 zephyr/libzephyr.a(log_core.c.obj)
                0x0000000000002fdc                dropped_notify
 .text.z_log_msg_init
                0x000000000000300c       0x20 zephyr/libzephyr.a(log_core.c.obj)
                0x000000000000300c                z_log_msg_init
 .text.log_core_init
                0x000000000000302c       0x34 zephyr/libzephyr.a(log_core.c.obj)
                0x000000000000302c                log_core_init
 .text.z_log_msg_alloc
                0x0000000000003060       0x10 zephyr/libzephyr.a(log_core.c.obj)
                0x0000000000003060                z_log_msg_alloc
 .text.z_log_msg_local_claim
                0x0000000000003070        0xc zephyr/libzephyr.a(log_core.c.obj)
                0x0000000000003070                z_log_msg_local_claim
 .text.z_log_msg_free
                0x000000000000307c       0x10 zephyr/libzephyr.a(log_core.c.obj)
                0x000000000000307c                z_log_msg_free
 .text.z_log_msg_pending
                0x000000000000308c        0xc zephyr/libzephyr.a(log_core.c.obj)
                0x000000000000308c                z_log_msg_pending
 .text.z_impl_log_process
                0x0000000000003098       0xbc zephyr/libzephyr.a(log_core.c.obj)
                0x0000000000003098                z_impl_log_process
 .text.z_impl_log_panic
                0x0000000000003154       0x44 zephyr/libzephyr.a(log_core.c.obj)
                0x0000000000003154                z_impl_log_panic
 .text.log_process_thread_func
                0x0000000000003198       0x9c zephyr/libzephyr.a(log_core.c.obj)
 .text.z_log_msg_post_finalize
                0x0000000000003234       0x78 zephyr/libzephyr.a(log_core.c.obj)
 .text.z_log_msg_commit
                0x00000000000032ac       0x24 zephyr/libzephyr.a(log_core.c.obj)
                0x00000000000032ac                z_log_msg_commit
 .text.log_source_name_get
                0x00000000000032d0       0x1c zephyr/libzephyr.a(log_mgmt.c.obj)
                0x00000000000032d0                log_source_name_get
 .text.log_backend_enable
                0x00000000000032ec       0x28 zephyr/libzephyr.a(log_mgmt.c.obj)
                0x00000000000032ec                log_backend_enable
 .text.z_impl_z_log_msg_static_create
                0x0000000000003314      0x108 zephyr/libzephyr.a(log_msg.c.obj)
                0x0000000000003314                z_impl_z_log_msg_static_create
 .text.z_log_msg_runtime_vcreate
                0x000000000000341c       0xa0 zephyr/libzephyr.a(log_msg.c.obj)
                0x000000000000341c                z_log_msg_runtime_vcreate
 .text.log_msg_get_source_id
                0x00000000000034bc       0x18 zephyr/libzephyr.a(log_msg.c.obj)
                0x00000000000034bc                log_msg_get_source_id
 .text.print_formatted
                0x00000000000034d4       0x24 zephyr/libzephyr.a(log_output.c.obj)
 .text.newline_print
                0x00000000000034f8       0x1c zephyr/libzephyr.a(log_output.c.obj)
 .text.log_output_process
                0x0000000000003514      0x2dc zephyr/libzephyr.a(log_output.c.obj)
                0x0000000000003514                log_output_process
 .text.log_output_dropped_process
                0x00000000000037f0       0x58 zephyr/libzephyr.a(log_output.c.obj)
                0x00000000000037f0                log_output_dropped_process
 .text.log_output_timestamp_freq_set
                0x0000000000003848       0x2c zephyr/libzephyr.a(log_output.c.obj)
                0x0000000000003848                log_output_timestamp_freq_set
 .text.log_backend_rtt_init
                0x0000000000003874        0xc zephyr/libzephyr.a(log_backend_rtt.c.obj)
 .text.format_set
                0x0000000000003880        0xc zephyr/libzephyr.a(log_backend_rtt.c.obj)
 .text.dropped  0x000000000000388c        0xc zephyr/libzephyr.a(log_backend_rtt.c.obj)
 .text.process  0x0000000000003898       0x24 zephyr/libzephyr.a(log_backend_rtt.c.obj)
 .text.panic    0x00000000000038bc       0x34 zephyr/libzephyr.a(log_backend_rtt.c.obj)
 .text.on_failed_write
                0x00000000000038f0       0x28 zephyr/libzephyr.a(log_backend_rtt.c.obj)
 .text.data_out_block_mode
                0x0000000000003918       0x84 zephyr/libzephyr.a(log_backend_rtt.c.obj)
 .text.mem_attr_get_regions
                0x000000000000399c        0xc zephyr/libzephyr.a(mem_attr.c.obj)
                0x000000000000399c                mem_attr_get_regions
 .text.boot_banner
                0x00000000000039a8       0x1c zephyr/libzephyr.a(banner.c.obj)
                0x00000000000039a8                boot_banner
 .text.nrf_cc3xx_platform_abort_init
                0x00000000000039c4        0xc zephyr/libzephyr.a(nrf_cc3xx_platform_abort_zephyr.c.obj)
                0x00000000000039c4                nrf_cc3xx_platform_abort_init
 .text.mutex_free_platform
                0x00000000000039d0       0x54 zephyr/libzephyr.a(nrf_cc3xx_platform_mutex_zephyr.c.obj)
 .text.mutex_lock_platform
                0x0000000000003a24       0x60 zephyr/libzephyr.a(nrf_cc3xx_platform_mutex_zephyr.c.obj)
 .text.mutex_unlock_platform
                0x0000000000003a84       0x58 zephyr/libzephyr.a(nrf_cc3xx_platform_mutex_zephyr.c.obj)
 .text.mutex_init_platform
                0x0000000000003adc       0x94 zephyr/libzephyr.a(nrf_cc3xx_platform_mutex_zephyr.c.obj)
 .text.nrf_cc3xx_platform_mutex_init
                0x0000000000003b70       0x2c zephyr/libzephyr.a(nrf_cc3xx_platform_mutex_zephyr.c.obj)
                0x0000000000003b70                nrf_cc3xx_platform_mutex_init
 .text.z_arm_fatal_error
                0x0000000000003b9c       0xb8 zephyr/arch/arch/arm/core/libarch__arm__core.a(fatal.c.obj)
                0x0000000000003b9c                z_arm_fatal_error
 .text.z_SysNmiOnReset
                0x0000000000003c54        0x8 zephyr/arch/arch/arm/core/libarch__arm__core.a(nmi_on_reset.S.obj)
                0x0000000000003c54                z_SysNmiOnReset
 .text._HandlerModeExit
                0x0000000000003c5c       0x28 zephyr/arch/arch/arm/core/cortex_m/libarch__arm__core__cortex_m.a(exc_exit.c.obj)
                0x0000000000003c5c                z_arm_int_exit
                0x0000000000003c5c                z_arm_exc_exit
 .text.bus_fault.constprop.0
                0x0000000000003c84       0xd0 zephyr/arch/arch/arm/core/cortex_m/libarch__arm__core__cortex_m.a(fault.c.obj)
 .text.usage_fault.constprop.0
                0x0000000000003d54       0xa8 zephyr/arch/arch/arm/core/cortex_m/libarch__arm__core__cortex_m.a(fault.c.obj)
 .text.mem_manage_fault
                0x0000000000003dfc      0x104 zephyr/arch/arch/arm/core/cortex_m/libarch__arm__core__cortex_m.a(fault.c.obj)
 .text.z_arm_fault
                0x0000000000003f00      0x1d4 zephyr/arch/arch/arm/core/cortex_m/libarch__arm__core__cortex_m.a(fault.c.obj)
                0x0000000000003f00                z_arm_fault
 .text.z_arm_fault_init
                0x00000000000040d4       0x18 zephyr/arch/arch/arm/core/cortex_m/libarch__arm__core__cortex_m.a(fault.c.obj)
                0x00000000000040d4                z_arm_fault_init
 .text.__fault  0x00000000000040ec       0x14 zephyr/arch/arch/arm/core/cortex_m/libarch__arm__core__cortex_m.a(fault_s.S.obj)
                0x00000000000040ec                z_arm_usage_fault
                0x00000000000040ec                z_arm_mpu_fault
                0x00000000000040ec                z_arm_exc_spurious
                0x00000000000040ec                z_arm_debug_monitor
                0x00000000000040ec                z_arm_hard_fault
                0x00000000000040ec                z_arm_bus_fault
 .text._reset_section
                0x0000000000004100       0x54 zephyr/arch/arch/arm/core/cortex_m/libarch__arm__core__cortex_m.a(reset.S.obj)
                0x0000000000004100                __start
                0x0000000000004100                z_arm_reset
 .text.z_arm_clear_arm_mpu_config
                0x0000000000004154       0x24 zephyr/arch/arch/arm/core/cortex_m/libarch__arm__core__cortex_m.a(scb.c.obj)
                0x0000000000004154                z_arm_clear_arm_mpu_config
 .text.z_arm_init_arch_hw_at_boot
                0x0000000000004178       0x64 zephyr/arch/arch/arm/core/cortex_m/libarch__arm__core__cortex_m.a(scb.c.obj)
                0x0000000000004178                z_arm_init_arch_hw_at_boot
 .text.z_impl_k_thread_abort
                0x00000000000041dc       0x2c zephyr/arch/arch/arm/core/cortex_m/libarch__arm__core__cortex_m.a(thread_abort.c.obj)
                0x00000000000041dc                z_impl_k_thread_abort
 .text.arch_swap
                0x0000000000004208       0x30 zephyr/arch/arch/arm/core/cortex_m/libarch__arm__core__cortex_m.a(swap.c.obj)
                0x0000000000004208                arch_swap
 .text.z_arm_pendsv_c
                0x0000000000004238       0x40 zephyr/arch/arch/arm/core/cortex_m/libarch__arm__core__cortex_m.a(swap.c.obj)
                0x0000000000004238                z_arm_pendsv_c
 .text.z_arm_pendsv
                0x0000000000004278       0x34 zephyr/arch/arch/arm/core/cortex_m/libarch__arm__core__cortex_m.a(swap_helper.S.obj)
                0x0000000000004278                z_arm_pendsv
 .text.z_arm_svc
                0x00000000000042ac       0x20 zephyr/arch/arch/arm/core/cortex_m/libarch__arm__core__cortex_m.a(swap_helper.S.obj)
                0x00000000000042ac                z_arm_svc
 .text.arch_irq_enable
                0x00000000000042cc       0x1c zephyr/arch/arch/arm/core/cortex_m/libarch__arm__core__cortex_m.a(irq_manage.c.obj)
                0x00000000000042cc                arch_irq_enable
 .text.arch_irq_is_enabled
                0x00000000000042e8       0x1c zephyr/arch/arch/arm/core/cortex_m/libarch__arm__core__cortex_m.a(irq_manage.c.obj)
                0x00000000000042e8                arch_irq_is_enabled
 .text.z_arm_irq_priority_set
                0x0000000000004304       0x30 zephyr/arch/arch/arm/core/cortex_m/libarch__arm__core__cortex_m.a(irq_manage.c.obj)
                0x0000000000004304                z_arm_irq_priority_set
 .text.z_prep_c
                0x0000000000004334       0x38 zephyr/arch/arch/arm/core/cortex_m/libarch__arm__core__cortex_m.a(prep_c.c.obj)
                0x0000000000004334                z_prep_c
 .text.arch_new_thread
                0x000000000000436c       0x38 zephyr/arch/arch/arm/core/cortex_m/libarch__arm__core__cortex_m.a(thread.c.obj)
                0x000000000000436c                arch_new_thread
 .text.z_check_thread_stack_fail
                0x00000000000043a4       0x2c zephyr/arch/arch/arm/core/cortex_m/libarch__arm__core__cortex_m.a(thread.c.obj)
                0x00000000000043a4                z_check_thread_stack_fail
 .text.arch_switch_to_main_thread
                0x00000000000043d0       0x3c zephyr/arch/arch/arm/core/cortex_m/libarch__arm__core__cortex_m.a(thread.c.obj)
                0x00000000000043d0                arch_switch_to_main_thread
 .text.z_arm_cpu_idle_init
                0x000000000000440c        0xc zephyr/arch/arch/arm/core/cortex_m/libarch__arm__core__cortex_m.a(cpu_idle.c.obj)
                0x000000000000440c                z_arm_cpu_idle_init
 .text.z_arm_interrupt_init
                0x0000000000004418       0x18 zephyr/arch/arch/arm/core/cortex_m/libarch__arm__core__cortex_m.a(irq_init.c.obj)
                0x0000000000004418                z_arm_interrupt_init
 .text._isr_wrapper
                0x0000000000004430       0x24 zephyr/arch/arch/arm/core/cortex_m/libarch__arm__core__cortex_m.a(isr_wrapper.c.obj)
                0x0000000000004430                _isr_wrapper
 .text.z_arm_configure_static_mpu_regions
                0x0000000000004454       0x18 zephyr/arch/arch/arm/core/mpu/libarch__arm__core__mpu.a(arm_core_mpu.c.obj)
                0x0000000000004454                z_arm_configure_static_mpu_regions
 .text.z_arm_configure_dynamic_mpu_regions
                0x000000000000446c       0x20 zephyr/arch/arch/arm/core/mpu/libarch__arm__core__mpu.a(arm_core_mpu.c.obj)
                0x000000000000446c                z_arm_configure_dynamic_mpu_regions
 .text.region_allocate_and_init
                0x000000000000448c       0x54 zephyr/arch/arch/arm/core/mpu/libarch__arm__core__mpu.a(arm_mpu.c.obj)
 .text.mpu_configure_regions
                0x00000000000044e0       0x68 zephyr/arch/arch/arm/core/mpu/libarch__arm__core__mpu.a(arm_mpu.c.obj)
 .text.arm_core_mpu_enable
                0x0000000000004548       0x18 zephyr/arch/arch/arm/core/mpu/libarch__arm__core__mpu.a(arm_mpu.c.obj)
                0x0000000000004548                arm_core_mpu_enable
 .text.arm_core_mpu_disable
                0x0000000000004560       0x14 zephyr/arch/arch/arm/core/mpu/libarch__arm__core__mpu.a(arm_mpu.c.obj)
                0x0000000000004560                arm_core_mpu_disable
 .text.arm_core_mpu_configure_static_mpu_regions
                0x0000000000004574       0x14 zephyr/arch/arch/arm/core/mpu/libarch__arm__core__mpu.a(arm_mpu.c.obj)
                0x0000000000004574                arm_core_mpu_configure_static_mpu_regions
 .text.arm_core_mpu_configure_dynamic_mpu_regions
                0x0000000000004588       0x38 zephyr/arch/arch/arm/core/mpu/libarch__arm__core__mpu.a(arm_mpu.c.obj)
                0x0000000000004588                arm_core_mpu_configure_dynamic_mpu_regions
 .text.z_arm_mpu_init
                0x00000000000045c0      0x17c zephyr/arch/arch/arm/core/mpu/libarch__arm__core__mpu.a(arm_mpu.c.obj)
                0x00000000000045c0                z_arm_mpu_init
 .text.z_impl_zephyr_read_stdin
                0x000000000000473c       0x28 zephyr/lib/libc/newlib/liblib__libc__newlib.a(libc-hooks.c.obj)
                0x000000000000473c                z_impl_zephyr_read_stdin
 .text.z_impl_zephyr_write_stdout
                0x0000000000004764       0x30 zephyr/lib/libc/newlib/liblib__libc__newlib.a(libc-hooks.c.obj)
                0x0000000000004764                z_impl_zephyr_write_stdout
 .text._sbrk    0x0000000000004794       0x28 zephyr/lib/libc/newlib/liblib__libc__newlib.a(libc-hooks.c.obj)
                0x0000000000004794                sbrk
                0x0000000000004794                _sbrk
 .text.abort    0x00000000000047bc       0x1c zephyr/lib/libc/common/liblib__libc__common.a(abort.c.obj)
                0x00000000000047bc                abort
 .text.nordicsemi_nrf52_init
                0x00000000000047d8       0x44 zephyr/soc/soc/nrf52840/libsoc__nordic.a(soc.c.obj)
 .text.arch_busy_wait
                0x000000000000481c       0x14 zephyr/soc/soc/nrf52840/libsoc__nordic.a(soc.c.obj)
                0x000000000000481c                arch_busy_wait
 .text.onoff_stop
                0x0000000000004830       0x30 zephyr/drivers/clock_control/libdrivers__clock_control.a(clock_control_nrf.c.obj)
 .text.onoff_start
                0x0000000000004860       0x44 zephyr/drivers/clock_control/libdrivers__clock_control.a(clock_control_nrf.c.obj)
 .text.generic_hfclk_stop
                0x00000000000048a4       0x34 zephyr/drivers/clock_control/libdrivers__clock_control.a(clock_control_nrf.c.obj)
 .text.clk_init
                0x00000000000048d8       0x58 zephyr/drivers/clock_control/libdrivers__clock_control.a(clock_control_nrf.c.obj)
 .text.api_blocking_start
                0x0000000000004930       0x34 zephyr/drivers/clock_control/libdrivers__clock_control.a(clock_control_nrf.c.obj)
 .text.clkstarted_handle.constprop.0
                0x0000000000004964       0x4c zephyr/drivers/clock_control/libdrivers__clock_control.a(clock_control_nrf.c.obj)
 .text.generic_hfclk_start
                0x00000000000049b0       0x78 zephyr/drivers/clock_control/libdrivers__clock_control.a(clock_control_nrf.c.obj)
 .text.clock_event_handler
                0x0000000000004a28       0x1c zephyr/drivers/clock_control/libdrivers__clock_control.a(clock_control_nrf.c.obj)
 .text.z_nrf_clock_control_get_onoff
                0x0000000000004a44       0x10 zephyr/drivers/clock_control/libdrivers__clock_control.a(clock_control_nrf.c.obj)
                0x0000000000004a44                z_nrf_clock_control_get_onoff
 .text.z_nrf_clock_control_lf_on
                0x0000000000004a54       0xfc zephyr/drivers/clock_control/libdrivers__clock_control.a(clock_control_nrf.c.obj)
                0x0000000000004a54                z_nrf_clock_control_lf_on
 .text.gpio_nrfx_pin_interrupt_configure
                0x0000000000004b50      0x100 zephyr/drivers/gpio/libdrivers__gpio.a(gpio_nrfx.c.obj)
 .text.gpio_nrfx_init
                0x0000000000004c50       0x48 zephyr/drivers/gpio/libdrivers__gpio.a(gpio_nrfx.c.obj)
 .text.nrfx_gpio_handler
                0x0000000000004c98       0x4c zephyr/drivers/gpio/libdrivers__gpio.a(gpio_nrfx.c.obj)
 .text.gpio_nrfx_pin_configure
                0x0000000000004ce4      0x18c zephyr/drivers/gpio/libdrivers__gpio.a(gpio_nrfx.c.obj)
 .text.hfclk_on_callback
                0x0000000000004e70        0xc zephyr/drivers/sensor/nordic/temp/libdrivers__sensor__nordic__temp.a(temp_nrf5.c.obj)
 .text.temp_nrf5_channel_get
                0x0000000000004e7c       0x2c zephyr/drivers/sensor/nordic/temp/libdrivers__sensor__nordic__temp.a(temp_nrf5.c.obj)
 .text.temp_nrf5_isr
                0x0000000000004ea8       0x18 zephyr/drivers/sensor/nordic/temp/libdrivers__sensor__nordic__temp.a(temp_nrf5.c.obj)
 .text.temp_nrf5_sample_fetch
                0x0000000000004ec0       0x78 zephyr/drivers/sensor/nordic/temp/libdrivers__sensor__nordic__temp.a(temp_nrf5.c.obj)
 .text.temp_nrf5_init
                0x0000000000004f38       0x40 zephyr/drivers/sensor/nordic/temp/libdrivers__sensor__nordic__temp.a(temp_nrf5.c.obj)
 .text.compare_int_lock
                0x0000000000004f78       0x48 zephyr/drivers/timer/libdrivers__timer.a(nrf_rtc_timer.c.obj)
 .text.sys_clock_timeout_handler
                0x0000000000004fc0       0x48 zephyr/drivers/timer/libdrivers__timer.a(nrf_rtc_timer.c.obj)
 .text.compare_int_unlock
                0x0000000000005008       0x5c zephyr/drivers/timer/libdrivers__timer.a(nrf_rtc_timer.c.obj)
 .text.z_nrf_rtc_timer_read
                0x0000000000005064       0x44 zephyr/drivers/timer/libdrivers__timer.a(nrf_rtc_timer.c.obj)
                0x0000000000005064                z_nrf_rtc_timer_read
 .text.compare_set
                0x00000000000050a8      0x130 zephyr/drivers/timer/libdrivers__timer.a(nrf_rtc_timer.c.obj)
 .text.sys_clock_driver_init
                0x00000000000051d8       0x90 zephyr/drivers/timer/libdrivers__timer.a(nrf_rtc_timer.c.obj)
 .text.rtc_nrf_isr
                0x0000000000005268       0xd4 zephyr/drivers/timer/libdrivers__timer.a(nrf_rtc_timer.c.obj)
                0x0000000000005268                rtc_nrf_isr
 .text.sys_clock_set_timeout
                0x000000000000533c       0x5c zephyr/drivers/timer/libdrivers__timer.a(nrf_rtc_timer.c.obj)
                0x000000000000533c                sys_clock_set_timeout
 .text.sys_clock_elapsed
                0x0000000000005398       0x14 zephyr/drivers/timer/libdrivers__timer.a(nrf_rtc_timer.c.obj)
                0x0000000000005398                sys_clock_elapsed
 .text.nrf52_errata_98
                0x00000000000053ac       0x24 modules/hal_nordic/nrfx/libmodules__hal_nordic__nrfx.a(system_nrf52840.c.obj)
 .text.nvmc_wait
                0x00000000000053d0       0x10 modules/hal_nordic/nrfx/libmodules__hal_nordic__nrfx.a(system_nrf52840.c.obj)
                0x00000000000053d0                nvmc_wait
 .text.SystemInit
                0x00000000000053e0      0x1bc modules/hal_nordic/nrfx/libmodules__hal_nordic__nrfx.a(system_nrf52840.c.obj)
                0x00000000000053e0                SystemInit
 .text.nrfx_flag32_alloc
                0x000000000000559c       0x48 modules/hal_nordic/nrfx/libmodules__hal_nordic__nrfx.a(nrfx_flag32_allocator.c.obj)
                0x000000000000559c                nrfx_flag32_alloc
 .text.nrfx_flag32_free
                0x00000000000055e4       0x40 modules/hal_nordic/nrfx/libmodules__hal_nordic__nrfx.a(nrfx_flag32_allocator.c.obj)
                0x00000000000055e4                nrfx_flag32_free
 .text.clock_stop
                0x0000000000005624       0xc4 modules/hal_nordic/nrfx/libmodules__hal_nordic__nrfx.a(nrfx_clock.c.obj)
 .text.nrfx_clock_init
                0x00000000000056e8       0x20 modules/hal_nordic/nrfx/libmodules__hal_nordic__nrfx.a(nrfx_clock.c.obj)
                0x00000000000056e8                nrfx_clock_init
 .text.nrfx_clock_enable
                0x0000000000005708       0x24 modules/hal_nordic/nrfx/libmodules__hal_nordic__nrfx.a(nrfx_clock.c.obj)
                0x0000000000005708                nrfx_clock_enable
 .text.nrfx_clock_start
                0x000000000000572c       0xa8 modules/hal_nordic/nrfx/libmodules__hal_nordic__nrfx.a(nrfx_clock.c.obj)
                0x000000000000572c                nrfx_clock_start
 .text.nrfx_power_clock_irq_handler
                0x00000000000057d4       0x68 modules/hal_nordic/nrfx/libmodules__hal_nordic__nrfx.a(nrfx_clock.c.obj)
                0x00000000000057d4                nrfx_power_clock_irq_handler
 .text.nrf_gpio_pin_port_decode
                0x000000000000583c       0x20 modules/hal_nordic/nrfx/libmodules__hal_nordic__nrfx.a(nrfx_gpiote.c.obj)
 .text.get_pin_idx
                0x000000000000585c       0x14 modules/hal_nordic/nrfx/libmodules__hal_nordic__nrfx.a(nrfx_gpiote.c.obj)
 .text.call_handler.constprop.0
                0x0000000000005870       0x40 modules/hal_nordic/nrfx/libmodules__hal_nordic__nrfx.a(nrfx_gpiote.c.obj)
 .text.pin_te_get.constprop.0
                0x00000000000058b0       0x18 modules/hal_nordic/nrfx/libmodules__hal_nordic__nrfx.a(nrfx_gpiote.c.obj)
 .text.pin_is_output.constprop.0
                0x00000000000058c8       0x18 modules/hal_nordic/nrfx/libmodules__hal_nordic__nrfx.a(nrfx_gpiote.c.obj)
 .text.pin_in_use_by_te.constprop.0
                0x00000000000058e0       0x18 modules/hal_nordic/nrfx/libmodules__hal_nordic__nrfx.a(nrfx_gpiote.c.obj)
 .text.latch_pending_read_and_check
                0x00000000000058f8       0x40 modules/hal_nordic/nrfx/libmodules__hal_nordic__nrfx.a(nrfx_gpiote.c.obj)
 .text.release_handler.isra.0
                0x0000000000005938       0x58 modules/hal_nordic/nrfx/libmodules__hal_nordic__nrfx.a(nrfx_gpiote.c.obj)
 .text.__nrfy_internal_gpiote_events_process.constprop.0
                0x0000000000005990       0x5c modules/hal_nordic/nrfx/libmodules__hal_nordic__nrfx.a(nrfx_gpiote.c.obj)
 .text.pin_uninit
                0x00000000000059ec       0x80 modules/hal_nordic/nrfx/libmodules__hal_nordic__nrfx.a(nrfx_gpiote.c.obj)
 .text.nrfx_gpiote_input_configure
                0x0000000000005a6c      0x174 modules/hal_nordic/nrfx/libmodules__hal_nordic__nrfx.a(nrfx_gpiote.c.obj)
                0x0000000000005a6c                nrfx_gpiote_input_configure
 .text.nrfx_gpiote_output_configure
                0x0000000000005be0       0xfc modules/hal_nordic/nrfx/libmodules__hal_nordic__nrfx.a(nrfx_gpiote.c.obj)
                0x0000000000005be0                nrfx_gpiote_output_configure
 .text.nrfx_gpiote_global_callback_set
                0x0000000000005cdc        0xc modules/hal_nordic/nrfx/libmodules__hal_nordic__nrfx.a(nrfx_gpiote.c.obj)
                0x0000000000005cdc                nrfx_gpiote_global_callback_set
 .text.nrfx_gpiote_channel_get
                0x0000000000005ce8       0x34 modules/hal_nordic/nrfx/libmodules__hal_nordic__nrfx.a(nrfx_gpiote.c.obj)
                0x0000000000005ce8                nrfx_gpiote_channel_get
 .text.nrfx_gpiote_init
                0x0000000000005d1c       0x68 modules/hal_nordic/nrfx/libmodules__hal_nordic__nrfx.a(nrfx_gpiote.c.obj)
                0x0000000000005d1c                nrfx_gpiote_init
 .text.nrfx_gpiote_init_check
                0x0000000000005d84       0x14 modules/hal_nordic/nrfx/libmodules__hal_nordic__nrfx.a(nrfx_gpiote.c.obj)
                0x0000000000005d84                nrfx_gpiote_init_check
 .text.nrfx_gpiote_channel_free
                0x0000000000005d98        0xc modules/hal_nordic/nrfx/libmodules__hal_nordic__nrfx.a(nrfx_gpiote.c.obj)
                0x0000000000005d98                nrfx_gpiote_channel_free
 .text.nrfx_gpiote_channel_alloc
                0x0000000000005da4        0xc modules/hal_nordic/nrfx/libmodules__hal_nordic__nrfx.a(nrfx_gpiote.c.obj)
                0x0000000000005da4                nrfx_gpiote_channel_alloc
 .text.nrfx_gpiote_trigger_enable
                0x0000000000005db0       0xb0 modules/hal_nordic/nrfx/libmodules__hal_nordic__nrfx.a(nrfx_gpiote.c.obj)
                0x0000000000005db0                nrfx_gpiote_trigger_enable
 .text.nrfx_gpiote_0_irq_handler
                0x0000000000005e60      0x1bc modules/hal_nordic/nrfx/libmodules__hal_nordic__nrfx.a(nrfx_gpiote.c.obj)
                0x0000000000005e60                nrfx_gpiote_0_irq_handler
 .text._DoInit  0x000000000000601c       0x60 modules/segger/libmodules__segger.a(SEGGER_RTT.c.obj)
 .text.SEGGER_RTT_WriteSkipNoLock
                0x000000000000607c       0x88 modules/segger/libmodules__segger.a(SEGGER_RTT.c.obj)
                0x000000000000607c                SEGGER_RTT_WriteSkipNoLock
 .text.SEGGER_RTT_HasDataUp
                0x0000000000006104       0x14 modules/segger/libmodules__segger.a(SEGGER_RTT.c.obj)
                0x0000000000006104                SEGGER_RTT_HasDataUp
 .text.zephyr_rtt_mutex_lock
                0x0000000000006118       0x14 modules/segger/libmodules__segger.a(SEGGER_RTT_zephyr.c.obj)
                0x0000000000006118                zephyr_rtt_mutex_lock
 .text.zephyr_rtt_mutex_unlock
                0x000000000000612c        0xc modules/segger/libmodules__segger.a(SEGGER_RTT_zephyr.c.obj)
                0x000000000000612c                zephyr_rtt_mutex_unlock
 .text.k_sys_fatal_error_handler
                0x0000000000006138       0x20 zephyr/kernel/libkernel.a(fatal.c.obj)
                0x0000000000006138                k_sys_fatal_error_handler
 .text.z_fatal_error
                0x0000000000006158       0xe8 zephyr/kernel/libkernel.a(fatal.c.obj)
                0x0000000000006158                z_fatal_error
 .text.z_sys_init_run_level
                0x0000000000006240       0x2c zephyr/kernel/libkernel.a(init.c.obj)
 .text.bg_thread_main
                0x000000000000626c       0xc4 zephyr/kernel/libkernel.a(init.c.obj)
 .text.z_bss_zero
                0x0000000000006330       0x18 zephyr/kernel/libkernel.a(init.c.obj)
                0x0000000000006330                z_bss_zero
 .text.z_init_cpu
                0x0000000000006348       0x70 zephyr/kernel/libkernel.a(init.c.obj)
                0x0000000000006348                z_init_cpu
 .text.z_cstart
                0x00000000000063b8       0xe4 zephyr/kernel/libkernel.a(init.c.obj)
                0x00000000000063b8                z_cstart
 .text.init_mem_slab_obj_core_list
                0x000000000000649c       0x24 zephyr/kernel/libkernel.a(mem_slab.c.obj)
 .text.k_mem_slab_alloc
                0x00000000000064c0       0x5c zephyr/kernel/libkernel.a(mem_slab.c.obj)
                0x00000000000064c0                k_mem_slab_alloc
 .text.z_impl_k_mutex_lock
                0x000000000000651c       0xf0 zephyr/kernel/libkernel.a(mutex.c.obj)
                0x000000000000651c                z_impl_k_mutex_lock
 .text.z_impl_k_mutex_unlock
                0x000000000000660c       0x78 zephyr/kernel/libkernel.a(mutex.c.obj)
                0x000000000000660c                z_impl_k_mutex_unlock
 .text.z_impl_k_sem_give
                0x0000000000006684       0x48 zephyr/kernel/libkernel.a(sem.c.obj)
                0x0000000000006684                z_impl_k_sem_give
 .text.z_impl_k_sem_take
                0x00000000000066cc       0x4c zephyr/kernel/libkernel.a(sem.c.obj)
                0x00000000000066cc                z_impl_k_sem_take
 .text.z_setup_new_thread
                0x0000000000006718       0x7c zephyr/kernel/libkernel.a(thread.c.obj)
                0x0000000000006718                z_setup_new_thread
 .text.z_impl_k_thread_create
                0x0000000000006794       0x58 zephyr/kernel/libkernel.a(thread.c.obj)
                0x0000000000006794                z_impl_k_thread_create
 .text.update_cache
                0x00000000000067ec       0x3c zephyr/kernel/libkernel.a(sched.c.obj)
 .text.unready_thread
                0x0000000000006828       0x30 zephyr/kernel/libkernel.a(sched.c.obj)
 .text.ready_thread
                0x0000000000006858       0x68 zephyr/kernel/libkernel.a(sched.c.obj)
 .text.z_thread_halt
                0x00000000000068c0       0xe0 zephyr/kernel/libkernel.a(sched.c.obj)
 .text.move_thread_to_end_of_prio_q
                0x00000000000069a0       0x74 zephyr/kernel/libkernel.a(sched.c.obj)
                0x00000000000069a0                move_thread_to_end_of_prio_q
 .text.z_pend_curr
                0x0000000000006a14       0x58 zephyr/kernel/libkernel.a(sched.c.obj)
                0x0000000000006a14                z_pend_curr
 .text.z_thread_prio_set
                0x0000000000006a6c       0x88 zephyr/kernel/libkernel.a(sched.c.obj)
                0x0000000000006a6c                z_thread_prio_set
 .text.z_reschedule
                0x0000000000006af4       0x24 zephyr/kernel/libkernel.a(sched.c.obj)
                0x0000000000006af4                z_reschedule
 .text.z_sched_start
                0x0000000000006b18       0x3c zephyr/kernel/libkernel.a(sched.c.obj)
                0x0000000000006b18                z_sched_start
 .text.z_reschedule_irqlock
                0x0000000000006b54       0x28 zephyr/kernel/libkernel.a(sched.c.obj)
                0x0000000000006b54                z_reschedule_irqlock
 .text.k_sched_lock
                0x0000000000006b7c       0x28 zephyr/kernel/libkernel.a(sched.c.obj)
                0x0000000000006b7c                k_sched_lock
 .text.k_sched_unlock
                0x0000000000006ba4       0x40 zephyr/kernel/libkernel.a(sched.c.obj)
                0x0000000000006ba4                k_sched_unlock
 .text.z_sched_init
                0x0000000000006be4       0x10 zephyr/kernel/libkernel.a(sched.c.obj)
                0x0000000000006be4                z_sched_init
 .text.z_impl_k_yield
                0x0000000000006bf4       0x7c zephyr/kernel/libkernel.a(sched.c.obj)
                0x0000000000006bf4                z_impl_k_yield
 .text.z_tick_sleep
                0x0000000000006c70       0x88 zephyr/kernel/libkernel.a(sched.c.obj)
 .text.z_impl_k_sleep
                0x0000000000006cf8       0x3c zephyr/kernel/libkernel.a(sched.c.obj)
                0x0000000000006cf8                z_impl_k_sleep
 .text.z_impl_k_sched_current_thread_query
                0x0000000000006d34        0xc zephyr/kernel/libkernel.a(sched.c.obj)
                0x0000000000006d34                z_impl_k_sched_current_thread_query
 .text.slice_timeout
                0x0000000000006d40       0x20 zephyr/kernel/libkernel.a(timeslicing.c.obj)
 .text.thread_is_sliceable
                0x0000000000006d60       0x3c zephyr/kernel/libkernel.a(timeslicing.c.obj)
                0x0000000000006d60                thread_is_sliceable
 .text.z_reset_time_slice
                0x0000000000006d9c       0x50 zephyr/kernel/libkernel.a(timeslicing.c.obj)
                0x0000000000006d9c                z_reset_time_slice
 .text.z_time_slice
                0x0000000000006dec       0x60 zephyr/kernel/libkernel.a(timeslicing.c.obj)
                0x0000000000006dec                z_time_slice
 .text.z_data_copy
                0x0000000000006e4c       0x34 zephyr/kernel/libkernel.a(xip.c.obj)
                0x0000000000006e4c                z_data_copy
 .text.elapsed  0x0000000000006e80       0x14 zephyr/kernel/libkernel.a(timeout.c.obj)
 .text.remove_timeout
                0x0000000000006e94       0x38 zephyr/kernel/libkernel.a(timeout.c.obj)
 .text.next_timeout
                0x0000000000006ecc       0x40 zephyr/kernel/libkernel.a(timeout.c.obj)
 .text.z_add_timeout
                0x0000000000006f0c       0xf4 zephyr/kernel/libkernel.a(timeout.c.obj)
                0x0000000000006f0c                z_add_timeout
 .text.sys_clock_announce
                0x0000000000007000       0xd0 zephyr/kernel/libkernel.a(timeout.c.obj)
                0x0000000000007000                sys_clock_announce
 .text.sys_clock_tick_get
                0x00000000000070d0       0x30 zephyr/kernel/libkernel.a(timeout.c.obj)
                0x00000000000070d0                sys_clock_tick_get
 .text.z_timer_expiration_handler
                0x0000000000007100       0xe0 zephyr/kernel/libkernel.a(timer.c.obj)
                0x0000000000007100                z_timer_expiration_handler
 .text.z_impl_k_timer_start
                0x00000000000071e0       0x74 zephyr/kernel/libkernel.a(timer.c.obj)
                0x00000000000071e0                z_impl_k_timer_start
 .text.k_thread_system_pool_assign
                0x0000000000007254        0xc zephyr/kernel/libkernel.a(mempool.c.obj)
                0x0000000000007254                k_thread_system_pool_assign
 .text.statics_init
                0x0000000000007260       0x24 zephyr/kernel/libkernel.a(kheap.c.obj)
 .text.nrf_cc3xx_platform_init_no_rng
                0x0000000000007284       0x38 C:/ncs/v2.9.0/nrfxlib/crypto/nrf_cc310_platform/lib/cortex-m4/soft-float/no-interrupts/libnrf_cc310_platform_0.9.19.a(nrf_cc3xx_platform.c.obj)
                0x0000000000007284                nrf_cc3xx_platform_init_no_rng
 .text.nrf_cc3xx_platform_abort
                0x00000000000072bc       0x24 C:/ncs/v2.9.0/nrfxlib/crypto/nrf_cc310_platform/lib/cortex-m4/soft-float/no-interrupts/libnrf_cc310_platform_0.9.19.a(nrf_cc3xx_platform_abort.c.obj)
 .text.CC_PalAbort
                0x00000000000072e0       0x34 C:/ncs/v2.9.0/nrfxlib/crypto/nrf_cc310_platform/lib/cortex-m4/soft-float/no-interrupts/libnrf_cc310_platform_0.9.19.a(nrf_cc3xx_platform_abort.c.obj)
                0x00000000000072e0                CC_PalAbort
 .text.nrf_cc3xx_platform_set_abort
                0x0000000000007314       0x10 C:/ncs/v2.9.0/nrfxlib/crypto/nrf_cc310_platform/lib/cortex-m4/soft-float/no-interrupts/libnrf_cc310_platform_0.9.19.a(nrf_cc3xx_platform_abort.c.obj)
                0x0000000000007314                nrf_cc3xx_platform_set_abort
 .text.mutex_free
                0x0000000000007324       0x34 C:/ncs/v2.9.0/nrfxlib/crypto/nrf_cc310_platform/lib/cortex-m4/soft-float/no-interrupts/libnrf_cc310_platform_0.9.19.a(nrf_cc3xx_platform_mutex.c.obj)
 .text.mutex_lock
                0x0000000000007358       0x48 C:/ncs/v2.9.0/nrfxlib/crypto/nrf_cc310_platform/lib/cortex-m4/soft-float/no-interrupts/libnrf_cc310_platform_0.9.19.a(nrf_cc3xx_platform_mutex.c.obj)
 .text.mutex_unlock
                0x00000000000073a0       0x38 C:/ncs/v2.9.0/nrfxlib/crypto/nrf_cc310_platform/lib/cortex-m4/soft-float/no-interrupts/libnrf_cc310_platform_0.9.19.a(nrf_cc3xx_platform_mutex.c.obj)
 .text.mutex_init
                0x00000000000073d8       0x20 C:/ncs/v2.9.0/nrfxlib/crypto/nrf_cc310_platform/lib/cortex-m4/soft-float/no-interrupts/libnrf_cc310_platform_0.9.19.a(nrf_cc3xx_platform_mutex.c.obj)
 .text.nrf_cc3xx_platform_set_mutexes
                0x00000000000073f8       0x74 C:/ncs/v2.9.0/nrfxlib/crypto/nrf_cc310_platform/lib/cortex-m4/soft-float/no-interrupts/libnrf_cc310_platform_0.9.19.a(nrf_cc3xx_platform_mutex.c.obj)
                0x00000000000073f8                nrf_cc3xx_platform_set_mutexes
 .text.CC_LibInitNoRng
                0x000000000000746c       0x64 C:/ncs/v2.9.0/nrfxlib/crypto/nrf_cc310_platform/lib/cortex-m4/soft-float/no-interrupts/libnrf_cc310_platform_0.9.19.a(cc_lib.c.obj)
                0x000000000000746c                CC_LibInitNoRng
 .text.CC_HalInit
                0x00000000000074d0        0x4 C:/ncs/v2.9.0/nrfxlib/crypto/nrf_cc310_platform/lib/cortex-m4/soft-float/no-interrupts/libnrf_cc310_platform_0.9.19.a(cc_hal.c.obj)
                0x00000000000074d0                CC_HalInit
 .text.CC_HalTerminate
                0x00000000000074d4        0x4 C:/ncs/v2.9.0/nrfxlib/crypto/nrf_cc310_platform/lib/cortex-m4/soft-float/no-interrupts/libnrf_cc310_platform_0.9.19.a(cc_hal.c.obj)
                0x00000000000074d4                CC_HalTerminate
 .text.CC_HalMaskInterrupt
                0x00000000000074d8        0xc C:/ncs/v2.9.0/nrfxlib/crypto/nrf_cc310_platform/lib/cortex-m4/soft-float/no-interrupts/libnrf_cc310_platform_0.9.19.a(cc_hal.c.obj)
                0x00000000000074d8                CC_HalMaskInterrupt
 .text.CC_PalInit
                0x00000000000074e4       0x5c C:/ncs/v2.9.0/nrfxlib/crypto/nrf_cc310_platform/lib/cortex-m4/soft-float/no-interrupts/libnrf_cc310_platform_0.9.19.a(cc_pal.c.obj)
                0x00000000000074e4                CC_PalInit
 .text.CC_PalTerminate
                0x0000000000007540       0x34 C:/ncs/v2.9.0/nrfxlib/crypto/nrf_cc310_platform/lib/cortex-m4/soft-float/no-interrupts/libnrf_cc310_platform_0.9.19.a(cc_pal.c.obj)
                0x0000000000007540                CC_PalTerminate
 .text.CC_PalDmaInit
                0x0000000000007574        0x4 C:/ncs/v2.9.0/nrfxlib/crypto/nrf_cc310_platform/lib/cortex-m4/soft-float/no-interrupts/libnrf_cc310_platform_0.9.19.a(cc_pal_dma.c.obj)
                0x0000000000007574                CC_PalDmaInit
 .text.CC_PalDmaTerminate
                0x0000000000007578        0x4 C:/ncs/v2.9.0/nrfxlib/crypto/nrf_cc310_platform/lib/cortex-m4/soft-float/no-interrupts/libnrf_cc310_platform_0.9.19.a(cc_pal_dma.c.obj)
                0x0000000000007578                CC_PalDmaTerminate
 .text.CC_PalMutexCreate
                0x000000000000757c       0x14 C:/ncs/v2.9.0/nrfxlib/crypto/nrf_cc310_platform/lib/cortex-m4/soft-float/no-interrupts/libnrf_cc310_platform_0.9.19.a(cc_pal_mutex.c.obj)
                0x000000000000757c                CC_PalMutexCreate
 .text.CC_PalMutexDestroy
                0x0000000000007590       0x14 C:/ncs/v2.9.0/nrfxlib/crypto/nrf_cc310_platform/lib/cortex-m4/soft-float/no-interrupts/libnrf_cc310_platform_0.9.19.a(cc_pal_mutex.c.obj)
                0x0000000000007590                CC_PalMutexDestroy
 .text.CC_PalPowerSaveModeInit
                0x00000000000075a4       0x3c C:/ncs/v2.9.0/nrfxlib/crypto/nrf_cc310_platform/lib/cortex-m4/soft-float/no-interrupts/libnrf_cc310_platform_0.9.19.a(cc_pal_pm.c.obj)
                0x00000000000075a4                CC_PalPowerSaveModeInit
 .text.CC_PalPowerSaveModeSelect
                0x00000000000075e0       0x84 C:/ncs/v2.9.0/nrfxlib/crypto/nrf_cc310_platform/lib/cortex-m4/soft-float/no-interrupts/libnrf_cc310_platform_0.9.19.a(cc_pal_pm.c.obj)
                0x00000000000075e0                CC_PalPowerSaveModeSelect
 .text.malloc   0x0000000000007664       0x10 C:/ncs/toolchains/0b393f9e1b/opt/zephyr-sdk/arm-zephyr-eabi/arm-zephyr-eabi/lib/thumb/v7e-m/nofp\libc_nano.a(lib_a-malloc.o)
                0x0000000000007664                malloc
 .text._free_r  0x0000000000007674       0x94 C:/ncs/toolchains/0b393f9e1b/opt/zephyr-sdk/arm-zephyr-eabi/arm-zephyr-eabi/lib/thumb/v7e-m/nofp\libc_nano.a(lib_a-nano-freer.o)
                0x0000000000007674                _free_r
 .text._malloc_r
                0x0000000000007708       0xb4 C:/ncs/toolchains/0b393f9e1b/opt/zephyr-sdk/arm-zephyr-eabi/arm-zephyr-eabi/lib/thumb/v7e-m/nofp\libc_nano.a(lib_a-nano-mallocr.o)
                0x0000000000007708                _malloc_r
 .text._printf_float
                0x00000000000077bc      0x46c C:/ncs/toolchains/0b393f9e1b/opt/zephyr-sdk/arm-zephyr-eabi/arm-zephyr-eabi/lib/thumb/v7e-m/nofp\libc_nano.a(lib_a-nano-vfprintf_float.o)
                0x00000000000077bc                _printf_float
 .text._printf_i
                0x0000000000007c28      0x25c C:/ncs/toolchains/0b393f9e1b/opt/zephyr-sdk/arm-zephyr-eabi/arm-zephyr-eabi/lib/thumb/v7e-m/nofp\libc_nano.a(lib_a-nano-vfprintf_i.o)
                0x0000000000007c28                _printf_i
 .text._sbrk_r  0x0000000000007e84       0x20 C:/ncs/toolchains/0b393f9e1b/opt/zephyr-sdk/arm-zephyr-eabi/arm-zephyr-eabi/lib/thumb/v7e-m/nofp\libc_nano.a(lib_a-sbrkr.o)
                0x0000000000007e84                _sbrk_r
 .text._localeconv_r
                0x0000000000007ea4        0x8 C:/ncs/toolchains/0b393f9e1b/opt/zephyr-sdk/arm-zephyr-eabi/arm-zephyr-eabi/lib/thumb/v7e-m/nofp\libc_nano.a(lib_a-localeconv.o)
                0x0000000000007ea4                _localeconv_r
 .text.__malloc_lock
                0x0000000000007eac        0xc C:/ncs/toolchains/0b393f9e1b/opt/zephyr-sdk/arm-zephyr-eabi/arm-zephyr-eabi/lib/thumb/v7e-m/nofp\libc_nano.a(lib_a-mlock.o)
                0x0000000000007eac                __malloc_lock
 .text.__malloc_unlock
                0x0000000000007eb8        0xc C:/ncs/toolchains/0b393f9e1b/opt/zephyr-sdk/arm-zephyr-eabi/arm-zephyr-eabi/lib/thumb/v7e-m/nofp\libc_nano.a(lib_a-mlock.o)
                0x0000000000007eb8                __malloc_unlock
 .text._Balloc  0x0000000000007ec4       0x80 C:/ncs/toolchains/0b393f9e1b/opt/zephyr-sdk/arm-zephyr-eabi/arm-zephyr-eabi/lib/thumb/v7e-m/nofp\libc_nano.a(lib_a-mprec.o)
                0x0000000000007ec4                _Balloc
 .text._Bfree   0x0000000000007f44       0x44 C:/ncs/toolchains/0b393f9e1b/opt/zephyr-sdk/arm-zephyr-eabi/arm-zephyr-eabi/lib/thumb/v7e-m/nofp\libc_nano.a(lib_a-mprec.o)
                0x0000000000007f44                _Bfree
 .text.__multadd
                0x0000000000007f88       0x8c C:/ncs/toolchains/0b393f9e1b/opt/zephyr-sdk/arm-zephyr-eabi/arm-zephyr-eabi/lib/thumb/v7e-m/nofp\libc_nano.a(lib_a-mprec.o)
                0x0000000000007f88                __multadd
 .text.__i2b    0x0000000000008014       0x2c C:/ncs/toolchains/0b393f9e1b/opt/zephyr-sdk/arm-zephyr-eabi/arm-zephyr-eabi/lib/thumb/v7e-m/nofp\libc_nano.a(lib_a-mprec.o)
                0x0000000000008014                __i2b
 .text.__multiply
                0x0000000000008040      0x154 C:/ncs/toolchains/0b393f9e1b/opt/zephyr-sdk/arm-zephyr-eabi/arm-zephyr-eabi/lib/thumb/v7e-m/nofp\libc_nano.a(lib_a-mprec.o)
                0x0000000000008040                __multiply
 .text.__pow5mult
                0x0000000000008194       0xb4 C:/ncs/toolchains/0b393f9e1b/opt/zephyr-sdk/arm-zephyr-eabi/arm-zephyr-eabi/lib/thumb/v7e-m/nofp\libc_nano.a(lib_a-mprec.o)
                0x0000000000008194                __pow5mult
 .text.__lshift
                0x0000000000008248       0xd8 C:/ncs/toolchains/0b393f9e1b/opt/zephyr-sdk/arm-zephyr-eabi/arm-zephyr-eabi/lib/thumb/v7e-m/nofp\libc_nano.a(lib_a-mprec.o)
                0x0000000000008248                __lshift
 .text.__mdiff  0x0000000000008320      0x124 C:/ncs/toolchains/0b393f9e1b/opt/zephyr-sdk/arm-zephyr-eabi/arm-zephyr-eabi/lib/thumb/v7e-m/nofp\libc_nano.a(lib_a-mprec.o)
                0x0000000000008320                __mdiff
 .text.__d2b    0x0000000000008444       0xb0 C:/ncs/toolchains/0b393f9e1b/opt/zephyr-sdk/arm-zephyr-eabi/arm-zephyr-eabi/lib/thumb/v7e-m/nofp\libc_nano.a(lib_a-mprec.o)
                0x0000000000008444                __d2b
 .text.__assert_func
                0x00000000000084f4       0x3c C:/ncs/toolchains/0b393f9e1b/opt/zephyr-sdk/arm-zephyr-eabi/arm-zephyr-eabi/lib/thumb/v7e-m/nofp\libc_nano.a(lib_a-assert.o)
                0x00000000000084f4                __assert_func
 .text.fprintf  0x0000000000008530       0x24 C:/ncs/toolchains/0b393f9e1b/opt/zephyr-sdk/arm-zephyr-eabi/arm-zephyr-eabi/lib/thumb/v7e-m/nofp\libc_nano.a(lib_a-fprintf.o)
                0x0000000000008530                fiprintf
                0x0000000000008530                fprintf
 .text._vfprintf_r
                0x0000000000008554      0x258 C:/ncs/toolchains/0b393f9e1b/opt/zephyr-sdk/arm-zephyr-eabi/arm-zephyr-eabi/lib/thumb/v7e-m/nofp\libc_nano.a(lib_a-nano-vfprintf.o)
                0x0000000000008554                _vfprintf_r
                0x0000000000008554                _vfiprintf_r
 .text.__swbuf_r
                0x00000000000087ac       0xa4 C:/ncs/toolchains/0b393f9e1b/opt/zephyr-sdk/arm-zephyr-eabi/arm-zephyr-eabi/lib/thumb/v7e-m/nofp\libc_nano.a(lib_a-wbuf.o)
                0x00000000000087ac                __swbuf_r
 .text.__swsetup_r
                0x0000000000008850       0xd8 C:/ncs/toolchains/0b393f9e1b/opt/zephyr-sdk/arm-zephyr-eabi/arm-zephyr-eabi/lib/thumb/v7e-m/nofp\libc_nano.a(lib_a-wsetup.o)
                0x0000000000008850                __swsetup_r
 .text._fflush_r
                0x0000000000008928       0x78 C:/ncs/toolchains/0b393f9e1b/opt/zephyr-sdk/arm-zephyr-eabi/arm-zephyr-eabi/lib/thumb/v7e-m/nofp\libc_nano.a(lib_a-fflush.o)
                0x0000000000008928                _fflush_r
 .text.std      0x00000000000089a0       0x48 C:/ncs/toolchains/0b393f9e1b/opt/zephyr-sdk/arm-zephyr-eabi/arm-zephyr-eabi/lib/thumb/v7e-m/nofp\libc_nano.a(lib_a-findfp.o)
 .text._cleanup_r
                0x00000000000089e8        0xc C:/ncs/toolchains/0b393f9e1b/opt/zephyr-sdk/arm-zephyr-eabi/arm-zephyr-eabi/lib/thumb/v7e-m/nofp\libc_nano.a(lib_a-findfp.o)
                0x00000000000089e8                _cleanup_r
 .text.__sfp_lock_acquire
                0x00000000000089f4        0xc C:/ncs/toolchains/0b393f9e1b/opt/zephyr-sdk/arm-zephyr-eabi/arm-zephyr-eabi/lib/thumb/v7e-m/nofp\libc_nano.a(lib_a-findfp.o)
                0x00000000000089f4                __sfp_lock_acquire
 .text.__sfp_lock_release
                0x0000000000008a00        0xc C:/ncs/toolchains/0b393f9e1b/opt/zephyr-sdk/arm-zephyr-eabi/arm-zephyr-eabi/lib/thumb/v7e-m/nofp\libc_nano.a(lib_a-findfp.o)
                0x0000000000008a00                __sfp_lock_release
 .text.__sinit_lock_acquire
                0x0000000000008a0c        0xc C:/ncs/toolchains/0b393f9e1b/opt/zephyr-sdk/arm-zephyr-eabi/arm-zephyr-eabi/lib/thumb/v7e-m/nofp\libc_nano.a(lib_a-findfp.o)
                0x0000000000008a0c                __sinit_lock_acquire
 .text.__sinit_lock_release
                0x0000000000008a18        0xc C:/ncs/toolchains/0b393f9e1b/opt/zephyr-sdk/arm-zephyr-eabi/arm-zephyr-eabi/lib/thumb/v7e-m/nofp\libc_nano.a(lib_a-findfp.o)
                0x0000000000008a18                __sinit_lock_release
 .text.__sinit  0x0000000000008a24       0x70 C:/ncs/toolchains/0b393f9e1b/opt/zephyr-sdk/arm-zephyr-eabi/arm-zephyr-eabi/lib/thumb/v7e-m/nofp\libc_nano.a(lib_a-findfp.o)
                0x0000000000008a24                __sinit
 .text.__sfp    0x0000000000008a94       0x8c C:/ncs/toolchains/0b393f9e1b/opt/zephyr-sdk/arm-zephyr-eabi/arm-zephyr-eabi/lib/thumb/v7e-m/nofp\libc_nano.a(lib_a-findfp.o)
                0x0000000000008a94                __sfp
 .text.__smakebuf_r
                0x0000000000008b20       0x80 C:/ncs/toolchains/0b393f9e1b/opt/zephyr-sdk/arm-zephyr-eabi/arm-zephyr-eabi/lib/thumb/v7e-m/nofp\libc_nano.a(lib_a-makebuf.o)
                0x0000000000008b20                __smakebuf_r
 .text._write_r
                0x0000000000008ba0       0x24 C:/ncs/toolchains/0b393f9e1b/opt/zephyr-sdk/arm-zephyr-eabi/arm-zephyr-eabi/lib/thumb/v7e-m/nofp\libc_nano.a(lib_a-writer.o)
                0x0000000000008ba0                _write_r
 .text._close_r
                0x0000000000008bc4       0x20 C:/ncs/toolchains/0b393f9e1b/opt/zephyr-sdk/arm-zephyr-eabi/arm-zephyr-eabi/lib/thumb/v7e-m/nofp\libc_nano.a(lib_a-closer.o)
                0x0000000000008bc4                _close_r
 .text._fstat_r
                0x0000000000008be4       0x24 C:/ncs/toolchains/0b393f9e1b/opt/zephyr-sdk/arm-zephyr-eabi/arm-zephyr-eabi/lib/thumb/v7e-m/nofp\libc_nano.a(lib_a-fstatr.o)
                0x0000000000008be4                _fstat_r
 .text._isatty_r
                0x0000000000008c08       0x20 C:/ncs/toolchains/0b393f9e1b/opt/zephyr-sdk/arm-zephyr-eabi/arm-zephyr-eabi/lib/thumb/v7e-m/nofp\libc_nano.a(lib_a-isattyr.o)
                0x0000000000008c08                _isatty_r
 .text._lseek_r
                0x0000000000008c28       0x24 C:/ncs/toolchains/0b393f9e1b/opt/zephyr-sdk/arm-zephyr-eabi/arm-zephyr-eabi/lib/thumb/v7e-m/nofp\libc_nano.a(lib_a-lseekr.o)
                0x0000000000008c28                _lseek_r
 .text._read_r  0x0000000000008c4c       0x24 C:/ncs/toolchains/0b393f9e1b/opt/zephyr-sdk/arm-zephyr-eabi/arm-zephyr-eabi/lib/thumb/v7e-m/nofp\libc_nano.a(lib_a-readr.o)
                0x0000000000008c4c                _read_r
 .text._OffsetAbsSyms
                0x0000000000008c70        0x2 zephyr/CMakeFiles/offsets.dir/./arch/arm/core/offsets/offsets.c.obj
                0x0000000000008c70                _OffsetAbsSyms
 .text.gpio_pin_get
                0x0000000000008c72       0x28 app/libapp.a(main.c.obj)
 .text.z_impl_gpio_pin_configure
                0x0000000000008c9a       0x34 app/libapp.a(hx711_driver.c.obj)
 .text.gpio_pin_get
                0x0000000000008cce       0x28 app/libapp.a(hx711_driver.c.obj)
 .text.gpio_pin_set
                0x0000000000008cf6       0x20 app/libapp.a(hx711_driver.c.obj)
 .text.hx711_wait_for_data
                0x0000000000008d16       0x74 app/libapp.a(hx711_driver.c.obj)
                0x0000000000008d16                hx711_wait_for_data
 .text.hx711_read_raw
                0x0000000000008d8a       0xb0 app/libapp.a(hx711_driver.c.obj)
                0x0000000000008d8a                hx711_read_raw
 .text.chunk_field
                0x0000000000008e3a       0x16 zephyr/libzephyr.a(heap.c.obj)
 .text.chunk_set
                0x0000000000008e50       0x16 zephyr/libzephyr.a(heap.c.obj)
 .text.chunk_size
                0x0000000000008e66        0xc zephyr/libzephyr.a(heap.c.obj)
 .text.set_chunk_used
                0x0000000000008e72       0x30 zephyr/libzephyr.a(heap.c.obj)
 .text.set_chunk_size
                0x0000000000008ea2        0x8 zephyr/libzephyr.a(heap.c.obj)
 .text.bucket_idx.isra.0
                0x0000000000008eaa       0x1c zephyr/libzephyr.a(heap.c.obj)
 .text.free_list_add
                0x0000000000008ec6       0x84 zephyr/libzephyr.a(heap.c.obj)
 .text.sys_heap_init
                0x0000000000008f4a       0xb0 zephyr/libzephyr.a(heap.c.obj)
                0x0000000000008f4a                sys_heap_init
 .text.cbpprintf_external
                0x0000000000008ffa       0x62 zephyr/libzephyr.a(cbprintf_packaged.c.obj)
                0x0000000000008ffa                cbpprintf_external
 .text.is_ptr   0x000000000000905c       0x4a zephyr/libzephyr.a(cbprintf_packaged.c.obj)
                0x000000000000905c                is_ptr
 .text.str_out  0x00000000000090a6       0x24 zephyr/libzephyr.a(printk.c.obj)
 .text.printk   0x00000000000090ca       0x1a zephyr/libzephyr.a(printk.c.obj)
                0x00000000000090ca                printk
 .text.snprintk
                0x00000000000090e4       0x1a zephyr/libzephyr.a(printk.c.obj)
                0x00000000000090e4                snprintk
 .text.z_thread_entry
                0x00000000000090fe       0x14 zephyr/libzephyr.a(thread_entry.c.obj)
                0x00000000000090fe                z_thread_entry
 .text.outs     0x0000000000009112       0x2e zephyr/libzephyr.a(cbprintf_complete.c.obj)
 .text.free_space
                0x0000000000009140       0x26 zephyr/libzephyr.a(mpsc_pbuf.c.obj)
 .text.get_usage
                0x0000000000009166       0x22 zephyr/libzephyr.a(mpsc_pbuf.c.obj)
 .text.idx_inc  0x0000000000009188       0x1c zephyr/libzephyr.a(mpsc_pbuf.c.obj)
 .text.rd_idx_inc
                0x00000000000091a4       0x18 zephyr/libzephyr.a(mpsc_pbuf.c.obj)
 .text.add_skip_item
                0x00000000000091bc       0x3a zephyr/libzephyr.a(mpsc_pbuf.c.obj)
 .text.drop_item_locked
                0x00000000000091f6       0xee zephyr/libzephyr.a(mpsc_pbuf.c.obj)
 .text.post_drop_action
                0x00000000000092e4       0x36 zephyr/libzephyr.a(mpsc_pbuf.c.obj)
 .text.max_utilization_update
                0x000000000000931a       0x1a zephyr/libzephyr.a(mpsc_pbuf.c.obj)
 .text.mpsc_pbuf_init
                0x0000000000009334       0x42 zephyr/libzephyr.a(mpsc_pbuf.c.obj)
                0x0000000000009334                mpsc_pbuf_init
 .text.mpsc_pbuf_alloc
                0x0000000000009376       0xf8 zephyr/libzephyr.a(mpsc_pbuf.c.obj)
                0x0000000000009376                mpsc_pbuf_alloc
 .text.mpsc_pbuf_commit
                0x000000000000946e       0x3e zephyr/libzephyr.a(mpsc_pbuf.c.obj)
                0x000000000000946e                mpsc_pbuf_commit
 .text.mpsc_pbuf_claim
                0x00000000000094ac       0xa8 zephyr/libzephyr.a(mpsc_pbuf.c.obj)
                0x00000000000094ac                mpsc_pbuf_claim
 .text.mpsc_pbuf_free
                0x0000000000009554       0x76 zephyr/libzephyr.a(mpsc_pbuf.c.obj)
                0x0000000000009554                mpsc_pbuf_free
 .text.mpsc_pbuf_is_pending
                0x00000000000095ca       0x32 zephyr/libzephyr.a(mpsc_pbuf.c.obj)
                0x00000000000095ca                mpsc_pbuf_is_pending
 .text.process_recheck
                0x00000000000095fc       0x38 zephyr/libzephyr.a(onoff.c.obj)
 .text.validate_args
                0x0000000000009634       0x20 zephyr/libzephyr.a(onoff.c.obj)
 .text.notify_one
                0x0000000000009654       0x2c zephyr/libzephyr.a(onoff.c.obj)
 .text.transition_complete
                0x0000000000009680       0x1a zephyr/libzephyr.a(onoff.c.obj)
 .text.onoff_manager_init
                0x000000000000969a       0x26 zephyr/libzephyr.a(onoff.c.obj)
                0x000000000000969a                onoff_manager_init
 .text.onoff_request
                0x00000000000096c0       0xae zephyr/libzephyr.a(onoff.c.obj)
                0x00000000000096c0                onoff_request
 .text.onoff_release
                0x000000000000976e       0x48 zephyr/libzephyr.a(onoff.c.obj)
                0x000000000000976e                onoff_release
 .text.sys_notify_validate
                0x00000000000097b6       0x22 zephyr/libzephyr.a(notify.c.obj)
                0x00000000000097b6                sys_notify_validate
 .text.sys_notify_finalize
                0x00000000000097d8       0x1a zephyr/libzephyr.a(notify.c.obj)
                0x00000000000097d8                sys_notify_finalize
 .text._ConfigAbsSyms
                0x00000000000097f2        0x2 zephyr/libzephyr.a(configs.c.obj)
                0x00000000000097f2                _ConfigAbsSyms
 .text.log_msg_generic_get_wlen
                0x00000000000097f4       0x20 zephyr/libzephyr.a(log_core.c.obj)
 .text.dummy_timestamp
                0x0000000000009814        0x4 zephyr/libzephyr.a(log_core.c.obj)
 .text.default_get_timestamp
                0x0000000000009818        0x4 zephyr/libzephyr.a(log_core.c.obj)
 .text.atomic_inc
                0x000000000000981c       0x1a zephyr/libzephyr.a(log_core.c.obj)
 .text.z_log_vprintk
                0x0000000000009836       0x1c zephyr/libzephyr.a(log_core.c.obj)
                0x0000000000009836                z_log_vprintk
 .text.z_log_notify_drop
                0x0000000000009852        0x6 zephyr/libzephyr.a(log_core.c.obj)
 .text.z_log_get_tag
                0x0000000000009858        0x4 zephyr/libzephyr.a(log_core.c.obj)
                0x0000000000009858                z_log_get_tag
 .text.z_cbprintf_cpy
                0x000000000000985c       0x2c zephyr/libzephyr.a(log_msg.c.obj)
 .text.z_log_msg_finalize
                0x0000000000009888       0x32 zephyr/libzephyr.a(log_msg.c.obj)
                0x0000000000009888                z_log_msg_finalize
 .text.z_log_msg_simple_create
                0x00000000000098ba       0x6e zephyr/libzephyr.a(log_msg.c.obj)
 .text.z_impl_z_log_msg_simple_create_0
                0x0000000000009928       0x12 zephyr/libzephyr.a(log_msg.c.obj)
                0x0000000000009928                z_impl_z_log_msg_simple_create_0
 .text.z_impl_z_log_msg_simple_create_1
                0x000000000000993a       0x14 zephyr/libzephyr.a(log_msg.c.obj)
                0x000000000000993a                z_impl_z_log_msg_simple_create_1
 .text.log_output_write
                0x000000000000994e       0x1c zephyr/libzephyr.a(log_output.c.obj)
 .text.log_output_flush
                0x000000000000996a       0x1a zephyr/libzephyr.a(log_output.c.obj)
 .text.cbvprintf
                0x0000000000009984        0xe zephyr/libzephyr.a(log_output.c.obj)
 .text.out_func
                0x0000000000009992       0x36 zephyr/libzephyr.a(log_output.c.obj)
 .text.cr_out_func
                0x00000000000099c8       0x1c zephyr/libzephyr.a(log_output.c.obj)
 .text.log_output_msg_process
                0x00000000000099e4       0x6a zephyr/libzephyr.a(log_output.c.obj)
                0x00000000000099e4                log_output_msg_process
 .text.abort_function
                0x0000000000009a4e        0x2 zephyr/libzephyr.a(nrf_cc3xx_platform_abort_zephyr.c.obj)
 .text.z_do_kernel_oops
                0x0000000000009a50        0x8 zephyr/arch/arch/arm/core/libarch__arm__core.a(fatal.c.obj)
                0x0000000000009a50                z_do_kernel_oops
 .text.z_arm_nmi
                0x0000000000009a58        0xe zephyr/arch/arch/arm/core/libarch__arm__core.a(nmi.c.obj)
                0x0000000000009a58                z_arm_nmi
 .text.z_log_msg_simple_create_0.constprop.0
                0x0000000000009a66        0x8 zephyr/arch/arch/arm/core/cortex_m/libarch__arm__core__cortex_m.a(fault.c.obj)
 .text.z_irq_spurious
                0x0000000000009a6e        0x8 zephyr/arch/arch/arm/core/cortex_m/libarch__arm__core__cortex_m.a(irq_manage.c.obj)
                0x0000000000009a6e                z_irq_spurious
 .text.arch_irq_unlock_outlined
                0x0000000000009a76        0xe zephyr/arch/arch/arm/core/cortex_m/libarch__arm__core__cortex_m.a(thread.c.obj)
                0x0000000000009a76                arch_irq_unlock_outlined
 .text.arch_cpu_idle
                0x0000000000009a84       0x1a zephyr/arch/arch/arm/core/cortex_m/libarch__arm__core__cortex_m.a(cpu_idle.c.obj)
                0x0000000000009a84                arch_cpu_idle
 .text.arch_cpu_atomic_idle
                0x0000000000009a9e       0x1e zephyr/arch/arch/arm/core/cortex_m/libarch__arm__core__cortex_m.a(cpu_idle.c.obj)
                0x0000000000009a9e                arch_cpu_atomic_idle
 .text.size_to_mpu_rasr_size
                0x0000000000009abc       0x20 zephyr/arch/arch/arm/core/mpu/libarch__arm__core__mpu.a(arm_mpu.c.obj)
 .text._stdin_hook_default
                0x0000000000009adc        0x4 zephyr/lib/libc/newlib/liblib__libc__newlib.a(libc-hooks.c.obj)
 .text._stdout_hook_default
                0x0000000000009ae0        0x6 zephyr/lib/libc/newlib/liblib__libc__newlib.a(libc-hooks.c.obj)
 .text.malloc_prepare
                0x0000000000009ae6        0x4 zephyr/lib/libc/newlib/liblib__libc__newlib.a(libc-hooks.c.obj)
 .text._read    0x0000000000009aea        0x8 zephyr/lib/libc/newlib/liblib__libc__newlib.a(libc-hooks.c.obj)
                0x0000000000009aea                _read
                0x0000000000009aea                read
 .text._write   0x0000000000009af2        0x8 zephyr/lib/libc/newlib/liblib__libc__newlib.a(libc-hooks.c.obj)
                0x0000000000009af2                _write
                0x0000000000009af2                write
 .text._close   0x0000000000009afa        0x6 zephyr/lib/libc/newlib/liblib__libc__newlib.a(libc-hooks.c.obj)
                0x0000000000009afa                _close
                0x0000000000009afa                close
 .text._lseek   0x0000000000009b00        0x4 zephyr/lib/libc/newlib/liblib__libc__newlib.a(libc-hooks.c.obj)
                0x0000000000009b00                _lseek
                0x0000000000009b00                lseek
 .text._isatty  0x0000000000009b04        0xa zephyr/lib/libc/newlib/liblib__libc__newlib.a(libc-hooks.c.obj)
                0x0000000000009b04                _isatty
                0x0000000000009b04                isatty
 .text._fstat   0x0000000000009b0e        0xa zephyr/lib/libc/newlib/liblib__libc__newlib.a(libc-hooks.c.obj)
                0x0000000000009b0e                fstat
                0x0000000000009b0e                _fstat
 .text.__retarget_lock_init_recursive
                0x0000000000009b18       0x14 zephyr/lib/libc/newlib/liblib__libc__newlib.a(libc-hooks.c.obj)
                0x0000000000009b18                __retarget_lock_init_recursive
 .text.__retarget_lock_acquire_recursive
                0x0000000000009b2c        0xc zephyr/lib/libc/newlib/liblib__libc__newlib.a(libc-hooks.c.obj)
                0x0000000000009b2c                __retarget_lock_acquire_recursive
 .text.__retarget_lock_release_recursive
                0x0000000000009b38        0x4 zephyr/lib/libc/newlib/liblib__libc__newlib.a(libc-hooks.c.obj)
                0x0000000000009b38                __retarget_lock_release_recursive
 .text.get_status
                0x0000000000009b3c       0x12 zephyr/drivers/clock_control/libdrivers__clock_control.a(clock_control_nrf.c.obj)
 .text.stop     0x0000000000009b4e       0x50 zephyr/drivers/clock_control/libdrivers__clock_control.a(clock_control_nrf.c.obj)
 .text.api_stop
                0x0000000000009b9e        0x6 zephyr/drivers/clock_control/libdrivers__clock_control.a(clock_control_nrf.c.obj)
 .text.async_start
                0x0000000000009ba4       0x5a zephyr/drivers/clock_control/libdrivers__clock_control.a(clock_control_nrf.c.obj)
 .text.api_start
                0x0000000000009bfe        0xe zephyr/drivers/clock_control/libdrivers__clock_control.a(clock_control_nrf.c.obj)
 .text.onoff_started_callback
                0x0000000000009c0c       0x12 zephyr/drivers/clock_control/libdrivers__clock_control.a(clock_control_nrf.c.obj)
 .text.lfclk_start
                0x0000000000009c1e        0x6 zephyr/drivers/clock_control/libdrivers__clock_control.a(clock_control_nrf.c.obj)
 .text.lfclk_stop
                0x0000000000009c24        0x6 zephyr/drivers/clock_control/libdrivers__clock_control.a(clock_control_nrf.c.obj)
 .text.blocking_start_callback
                0x0000000000009c2a        0x6 zephyr/drivers/clock_control/libdrivers__clock_control.a(clock_control_nrf.c.obj)
 .text.gpio_nrfx_port_get_raw
                0x0000000000009c30        0xe zephyr/drivers/gpio/libdrivers__gpio.a(gpio_nrfx.c.obj)
 .text.gpio_nrfx_port_set_masked_raw
                0x0000000000009c3e       0x18 zephyr/drivers/gpio/libdrivers__gpio.a(gpio_nrfx.c.obj)
 .text.gpio_nrfx_port_set_bits_raw
                0x0000000000009c56        0xc zephyr/drivers/gpio/libdrivers__gpio.a(gpio_nrfx.c.obj)
 .text.gpio_nrfx_port_clear_bits_raw
                0x0000000000009c62        0xc zephyr/drivers/gpio/libdrivers__gpio.a(gpio_nrfx.c.obj)
 .text.gpio_nrfx_port_toggle_bits
                0x0000000000009c6e       0x1a zephyr/drivers/gpio/libdrivers__gpio.a(gpio_nrfx.c.obj)
 .text.gpio_nrfx_manage_callback
                0x0000000000009c88       0x52 zephyr/drivers/gpio/libdrivers__gpio.a(gpio_nrfx.c.obj)
 .text.event_clear
                0x0000000000009cda       0x18 zephyr/drivers/timer/libdrivers__timer.a(nrf_rtc_timer.c.obj)
 .text.sys_clock_cycle_get_32
                0x0000000000009cf2        0x8 zephyr/drivers/timer/libdrivers__timer.a(nrf_rtc_timer.c.obj)
                0x0000000000009cf2                sys_clock_cycle_get_32
 .text.hw_cc3xx_init_internal
                0x0000000000009cfa        0x4 modules/nrf/drivers/hw_cc3xx/lib..__nrf__drivers__hw_cc3xx.a(hw_cc3xx.c.obj)
 .text.hw_cc3xx_init
                0x0000000000009cfe       0x12 modules/nrf/drivers/hw_cc3xx/lib..__nrf__drivers__hw_cc3xx.a(hw_cc3xx.c.obj)
 .text.nrfx_isr
                0x0000000000009d10        0x2 modules/hal_nordic/nrfx/libmodules__hal_nordic__nrfx.a(nrfx_glue.c.obj)
                0x0000000000009d10                nrfx_isr
 .text.nrfx_busy_wait
                0x0000000000009d12        0x4 modules/hal_nordic/nrfx/libmodules__hal_nordic__nrfx.a(nrfx_glue.c.obj)
                0x0000000000009d12                nrfx_busy_wait
 .text.nrfx_clock_stop
                0x0000000000009d16        0x4 modules/hal_nordic/nrfx/libmodules__hal_nordic__nrfx.a(nrfx_clock.c.obj)
                0x0000000000009d16                nrfx_clock_stop
 .text.nrf_gpio_reconfigure
                0x0000000000009d1a       0x92 modules/hal_nordic/nrfx/libmodules__hal_nordic__nrfx.a(nrfx_gpiote.c.obj)
 .text.nrf_gpio_cfg_sense_set
                0x0000000000009dac       0x1e modules/hal_nordic/nrfx/libmodules__hal_nordic__nrfx.a(nrfx_gpiote.c.obj)
 .text.pin_trigger_disable
                0x0000000000009dca       0x48 modules/hal_nordic/nrfx/libmodules__hal_nordic__nrfx.a(nrfx_gpiote.c.obj)
 .text.nrfx_gpiote_pin_uninit
                0x0000000000009e12        0x4 modules/hal_nordic/nrfx/libmodules__hal_nordic__nrfx.a(nrfx_gpiote.c.obj)
                0x0000000000009e12                nrfx_gpiote_pin_uninit
 .text.nrfx_gpiote_trigger_disable
                0x0000000000009e16        0x4 modules/hal_nordic/nrfx/libmodules__hal_nordic__nrfx.a(nrfx_gpiote.c.obj)
                0x0000000000009e16                nrfx_gpiote_trigger_disable
 .text.SEGGER_RTT_Init
                0x0000000000009e1a        0x4 modules/segger/libmodules__segger.a(SEGGER_RTT.c.obj)
                0x0000000000009e1a                SEGGER_RTT_Init
 .text.rtt_init
                0x0000000000009e1e        0xa modules/segger/libmodules__segger.a(SEGGER_RTT_zephyr.c.obj)
 .text.z_impl_k_busy_wait
                0x0000000000009e28        0x8 zephyr/kernel/libkernel.a(busy_wait.c.obj)
                0x0000000000009e28                z_impl_k_busy_wait
 .text.z_device_state_init
                0x0000000000009e30        0x2 zephyr/kernel/libkernel.a(device.c.obj)
                0x0000000000009e30                z_device_state_init
 .text.arch_system_halt
                0x0000000000009e32       0x10 zephyr/kernel/libkernel.a(fatal.c.obj)
                0x0000000000009e32                arch_system_halt
 .text.do_device_init
                0x0000000000009e42       0x30 zephyr/kernel/libkernel.a(init.c.obj)
 .text.z_early_memset
                0x0000000000009e72        0x4 zephyr/kernel/libkernel.a(init.c.obj)
                0x0000000000009e72                z_early_memset
 .text.z_early_memcpy
                0x0000000000009e76        0x4 zephyr/kernel/libkernel.a(init.c.obj)
                0x0000000000009e76                z_early_memcpy
 .text.z_init_static
                0x0000000000009e7a        0x2 zephyr/kernel/libkernel.a(init_static.c.obj)
                0x0000000000009e7a                z_init_static
 .text.create_free_list
                0x0000000000009e7c       0x34 zephyr/kernel/libkernel.a(mem_slab.c.obj)
 .text.k_mem_slab_init
                0x0000000000009eb0       0x1c zephyr/kernel/libkernel.a(mem_slab.c.obj)
                0x0000000000009eb0                k_mem_slab_init
 .text.k_mem_slab_free
                0x0000000000009ecc       0x4a zephyr/kernel/libkernel.a(mem_slab.c.obj)
                0x0000000000009ecc                k_mem_slab_free
 .text.idle     0x0000000000009f16       0x16 zephyr/kernel/libkernel.a(idle.c.obj)
                0x0000000000009f16                idle
 .text.adjust_owner_prio.isra.0
                0x0000000000009f2c       0x10 zephyr/kernel/libkernel.a(mutex.c.obj)
 .text.z_impl_k_mutex_init
                0x0000000000009f3c        0xe zephyr/kernel/libkernel.a(mutex.c.obj)
                0x0000000000009f3c                z_impl_k_mutex_init
 .text.z_impl_k_sem_init
                0x0000000000009f4a       0x18 zephyr/kernel/libkernel.a(sem.c.obj)
                0x0000000000009f4a                z_impl_k_sem_init
 .text.k_is_in_isr
                0x0000000000009f62        0xc zephyr/kernel/libkernel.a(thread.c.obj)
                0x0000000000009f62                k_is_in_isr
 .text.z_impl_k_thread_name_set
                0x0000000000009f6e        0x6 zephyr/kernel/libkernel.a(thread.c.obj)
                0x0000000000009f6e                z_impl_k_thread_name_set
 .text.k_thread_name_get
                0x0000000000009f74        0x4 zephyr/kernel/libkernel.a(thread.c.obj)
                0x0000000000009f74                k_thread_name_get
 .text.z_impl_k_thread_start
                0x0000000000009f78        0x4 zephyr/kernel/libkernel.a(thread.c.obj)
                0x0000000000009f78                z_impl_k_thread_start
 .text.sys_dlist_remove
                0x0000000000009f7c       0x10 zephyr/kernel/libkernel.a(sched.c.obj)
 .text.unpend_thread_no_timeout
                0x0000000000009f8c       0x14 zephyr/kernel/libkernel.a(sched.c.obj)
 .text.add_to_waitq_locked
                0x0000000000009fa0       0x50 zephyr/kernel/libkernel.a(sched.c.obj)
 .text.z_ready_thread
                0x0000000000009ff0       0x1e zephyr/kernel/libkernel.a(sched.c.obj)
                0x0000000000009ff0                z_ready_thread
 .text.z_impl_k_thread_suspend
                0x000000000000a00e       0x34 zephyr/kernel/libkernel.a(sched.c.obj)
                0x000000000000a00e                z_impl_k_thread_suspend
 .text.z_unpend_thread_no_timeout
                0x000000000000a042       0x22 zephyr/kernel/libkernel.a(sched.c.obj)
                0x000000000000a042                z_unpend_thread_no_timeout
 .text.z_sched_wake_thread
                0x000000000000a064       0x42 zephyr/kernel/libkernel.a(sched.c.obj)
                0x000000000000a064                z_sched_wake_thread
 .text.z_thread_timeout
                0x000000000000a0a6        0x8 zephyr/kernel/libkernel.a(sched.c.obj)
                0x000000000000a0a6                z_thread_timeout
 .text.z_unpend1_no_timeout
                0x000000000000a0ae       0x2c zephyr/kernel/libkernel.a(sched.c.obj)
                0x000000000000a0ae                z_unpend1_no_timeout
 .text.z_unpend_first_thread
                0x000000000000a0da       0x36 zephyr/kernel/libkernel.a(sched.c.obj)
                0x000000000000a0da                z_unpend_first_thread
 .text.z_thread_abort
                0x000000000000a110       0x44 zephyr/kernel/libkernel.a(sched.c.obj)
                0x000000000000a110                z_thread_abort
 .text.z_abort_timeout
                0x000000000000a154       0x2a zephyr/kernel/libkernel.a(timeout.c.obj)
                0x000000000000a154                z_abort_timeout
 .text.sys_clock_tick_get_32
                0x000000000000a17e        0x8 zephyr/kernel/libkernel.a(timeout.c.obj)
                0x000000000000a17e                sys_clock_tick_get_32
 .text.z_impl_k_uptime_ticks
                0x000000000000a186        0x4 zephyr/kernel/libkernel.a(timeout.c.obj)
                0x000000000000a186                z_impl_k_uptime_ticks
 .text.k_timer_init
                0x000000000000a18a       0x18 zephyr/kernel/libkernel.a(timer.c.obj)
                0x000000000000a18a                k_timer_init
 .text.z_impl_k_timer_stop
                0x000000000000a1a2       0x38 zephyr/kernel/libkernel.a(timer.c.obj)
                0x000000000000a1a2                z_impl_k_timer_stop
 .text.k_heap_init
                0x000000000000a1da       0x10 zephyr/kernel/libkernel.a(kheap.c.obj)
                0x000000000000a1da                k_heap_init
 .text.memcpy   0x000000000000a1ea       0x1c C:/ncs/toolchains/0b393f9e1b/opt/zephyr-sdk/arm-zephyr-eabi/arm-zephyr-eabi/lib/thumb/v7e-m/nofp\libc_nano.a(lib_a-memcpy-stub.o)
                0x000000000000a1ea                memcpy
 .text.memset   0x000000000000a206       0x10 C:/ncs/toolchains/0b393f9e1b/opt/zephyr-sdk/arm-zephyr-eabi/arm-zephyr-eabi/lib/thumb/v7e-m/nofp\libc_nano.a(lib_a-memset.o)
                0x000000000000a206                memset
 .text.__cvt    0x000000000000a216       0xce C:/ncs/toolchains/0b393f9e1b/opt/zephyr-sdk/arm-zephyr-eabi/arm-zephyr-eabi/lib/thumb/v7e-m/nofp\libc_nano.a(lib_a-nano-vfprintf_float.o)
                0x000000000000a216                __cvt
 .text.__exponent
                0x000000000000a2e4       0x74 C:/ncs/toolchains/0b393f9e1b/opt/zephyr-sdk/arm-zephyr-eabi/arm-zephyr-eabi/lib/thumb/v7e-m/nofp\libc_nano.a(lib_a-nano-vfprintf_float.o)
                0x000000000000a2e4                __exponent
 .text._printf_common
                0x000000000000a358       0xda C:/ncs/toolchains/0b393f9e1b/opt/zephyr-sdk/arm-zephyr-eabi/arm-zephyr-eabi/lib/thumb/v7e-m/nofp\libc_nano.a(lib_a-nano-vfprintf_i.o)
                0x000000000000a358                _printf_common
 .text.strnlen  0x000000000000a432       0x18 C:/ncs/toolchains/0b393f9e1b/opt/zephyr-sdk/arm-zephyr-eabi/arm-zephyr-eabi/lib/thumb/v7e-m/nofp\libc_nano.a(lib_a-strnlen.o)
                0x000000000000a432                strnlen
 .text.quorem   0x000000000000a44a      0x110 C:/ncs/toolchains/0b393f9e1b/opt/zephyr-sdk/arm-zephyr-eabi/arm-zephyr-eabi/lib/thumb/v7e-m/nofp\libc_nano.a(lib_a-dtoa.o)
 .text.__hi0bits
                0x000000000000a55a       0x44 C:/ncs/toolchains/0b393f9e1b/opt/zephyr-sdk/arm-zephyr-eabi/arm-zephyr-eabi/lib/thumb/v7e-m/nofp\libc_nano.a(lib_a-mprec.o)
                0x000000000000a55a                __hi0bits
 .text.__lo0bits
                0x000000000000a59e       0x5a C:/ncs/toolchains/0b393f9e1b/opt/zephyr-sdk/arm-zephyr-eabi/arm-zephyr-eabi/lib/thumb/v7e-m/nofp\libc_nano.a(lib_a-mprec.o)
                0x000000000000a59e                __lo0bits
 .text.__mcmp   0x000000000000a5f8       0x36 C:/ncs/toolchains/0b393f9e1b/opt/zephyr-sdk/arm-zephyr-eabi/arm-zephyr-eabi/lib/thumb/v7e-m/nofp\libc_nano.a(lib_a-mprec.o)
                0x000000000000a5f8                __mcmp
 .text._calloc_r
                0x000000000000a62e       0x1c C:/ncs/toolchains/0b393f9e1b/opt/zephyr-sdk/arm-zephyr-eabi/arm-zephyr-eabi/lib/thumb/v7e-m/nofp\libc_nano.a(lib_a-nano-callocr.o)
                0x000000000000a62e                _calloc_r
 .text.__ascii_mbtowc
                0x000000000000a64a       0x24 C:/ncs/toolchains/0b393f9e1b/opt/zephyr-sdk/arm-zephyr-eabi/arm-zephyr-eabi/lib/thumb/v7e-m/nofp\libc_nano.a(lib_a-mbtowc_r.o)
                0x000000000000a64a                __ascii_mbtowc
 .text.__sfputc_r
                0x000000000000a66e       0x2a C:/ncs/toolchains/0b393f9e1b/opt/zephyr-sdk/arm-zephyr-eabi/arm-zephyr-eabi/lib/thumb/v7e-m/nofp\libc_nano.a(lib_a-nano-vfprintf.o)
 .text.__sfputs_r
                0x000000000000a698       0x24 C:/ncs/toolchains/0b393f9e1b/opt/zephyr-sdk/arm-zephyr-eabi/arm-zephyr-eabi/lib/thumb/v7e-m/nofp\libc_nano.a(lib_a-nano-vfprintf.o)
                0x000000000000a698                __sfputs_r
 .text.__ascii_wctomb
                0x000000000000a6bc       0x1a C:/ncs/toolchains/0b393f9e1b/opt/zephyr-sdk/arm-zephyr-eabi/arm-zephyr-eabi/lib/thumb/v7e-m/nofp\libc_nano.a(lib_a-wctomb_r.o)
                0x000000000000a6bc                __ascii_wctomb
 .text.__sflush_r
                0x000000000000a6d6      0x100 C:/ncs/toolchains/0b393f9e1b/opt/zephyr-sdk/arm-zephyr-eabi/arm-zephyr-eabi/lib/thumb/v7e-m/nofp\libc_nano.a(lib_a-fflush.o)
                0x000000000000a6d6                __sflush_r
 .text.__sfmoreglue
                0x000000000000a7d6       0x2c C:/ncs/toolchains/0b393f9e1b/opt/zephyr-sdk/arm-zephyr-eabi/arm-zephyr-eabi/lib/thumb/v7e-m/nofp\libc_nano.a(lib_a-findfp.o)
                0x000000000000a7d6                __sfmoreglue
 .text._fwalk_reent
                0x000000000000a802       0x3e C:/ncs/toolchains/0b393f9e1b/opt/zephyr-sdk/arm-zephyr-eabi/arm-zephyr-eabi/lib/thumb/v7e-m/nofp\libc_nano.a(lib_a-fwalk.o)
                0x000000000000a802                _fwalk_reent
 .text.__swhatbuf_r
                0x000000000000a840       0x4c C:/ncs/toolchains/0b393f9e1b/opt/zephyr-sdk/arm-zephyr-eabi/arm-zephyr-eabi/lib/thumb/v7e-m/nofp\libc_nano.a(lib_a-makebuf.o)
                0x000000000000a840                __swhatbuf_r
 .text.__sread  0x000000000000a88c       0x22 C:/ncs/toolchains/0b393f9e1b/opt/zephyr-sdk/arm-zephyr-eabi/arm-zephyr-eabi/lib/thumb/v7e-m/nofp\libc_nano.a(lib_a-stdio.o)
                0x000000000000a88c                __sread
 .text.__swrite
                0x000000000000a8ae       0x38 C:/ncs/toolchains/0b393f9e1b/opt/zephyr-sdk/arm-zephyr-eabi/arm-zephyr-eabi/lib/thumb/v7e-m/nofp\libc_nano.a(lib_a-stdio.o)
                0x000000000000a8ae                __swrite
 .text.__sseek  0x000000000000a8e6       0x24 C:/ncs/toolchains/0b393f9e1b/opt/zephyr-sdk/arm-zephyr-eabi/arm-zephyr-eabi/lib/thumb/v7e-m/nofp\libc_nano.a(lib_a-stdio.o)
                0x000000000000a8e6                __sseek
 .text.__sclose
                0x000000000000a90a        0x8 C:/ncs/toolchains/0b393f9e1b/opt/zephyr-sdk/arm-zephyr-eabi/arm-zephyr-eabi/lib/thumb/v7e-m/nofp\libc_nano.a(lib_a-stdio.o)
                0x000000000000a90a                __sclose
 *(SORT_BY_ALIGNMENT(.TEXT.*))
 *(SORT_BY_ALIGNMENT(.gnu.linkonce.t.*))
 *(SORT_BY_ALIGNMENT(.glue_7t))
 .glue_7t       0x000000000000a912        0x0 linker stubs
 *(SORT_BY_ALIGNMENT(.glue_7))
 .glue_7        0x000000000000a912        0x0 linker stubs
 *(SORT_BY_ALIGNMENT(.vfp11_veneer))
 .vfp11_veneer  0x000000000000a912        0x0 linker stubs
 *(SORT_BY_ALIGNMENT(.v4_bx))
 .v4_bx         0x000000000000a912        0x0 linker stubs
                0x000000000000a914                . = ALIGN (0x4)
 *fill*         0x000000000000a912        0x2 
                0x000000000000a914                __text_region_end = .

.ARM.exidx      0x000000000000a914        0x8
                0x000000000000a914                __exidx_start = .
 *(SORT_BY_ALIGNMENT(.ARM.exidx*) SORT_BY_ALIGNMENT(gnu.linkonce.armexidx.*))
 .ARM.exidx     0x000000000000a914        0x8 c:/ncs/toolchains/0b393f9e1b/opt/zephyr-sdk/arm-zephyr-eabi/bin/../lib/gcc/arm-zephyr-eabi/12.2.0/thumb/v7e-m/nofp\libgcc.a(_udivmoddi4.o)
                0x000000000000a91c                __exidx_end = .
                0x000000000000a91c                __rodata_region_start = .

initlevel       0x000000000000a91c       0x68
                0x000000000000a91c                __init_start = .
                0x000000000000a91c                __init_EARLY_start = .
 *(SORT_BY_NAME(SORT_BY_ALIGNMENT(.z_init_EARLY?_*)))
 *(SORT_BY_NAME(SORT_BY_ALIGNMENT(.z_init_EARLY??_*)))
                0x000000000000a91c                __init_PRE_KERNEL_1_start = .
 *(SORT_BY_NAME(SORT_BY_ALIGNMENT(.z_init_PRE_KERNEL_1?_*)))
 .z_init_PRE_KERNEL_10_0_
                0x000000000000a91c        0x8 zephyr/soc/soc/nrf52840/libsoc__nordic.a(soc.c.obj)
 *(SORT_BY_NAME(SORT_BY_ALIGNMENT(.z_init_PRE_KERNEL_1??_*)))
 .z_init_PRE_KERNEL_130_00075_
                0x000000000000a924        0x8 zephyr/drivers/clock_control/libdrivers__clock_control.a(clock_control_nrf.c.obj)
 .z_init_PRE_KERNEL_130_0_
                0x000000000000a92c        0x8 modules/segger/libmodules__segger.a(SEGGER_RTT_zephyr.c.obj)
 .z_init_PRE_KERNEL_130_0_
                0x000000000000a934        0x8 zephyr/kernel/libkernel.a(mem_slab.c.obj)
 .z_init_PRE_KERNEL_130_0_
                0x000000000000a93c        0x8 zephyr/kernel/libkernel.a(kheap.c.obj)
 .z_init_PRE_KERNEL_140_00011_
                0x000000000000a944        0x8 zephyr/drivers/gpio/libdrivers__gpio.a(gpio_nrfx.c.obj)
 .z_init_PRE_KERNEL_140_00105_
                0x000000000000a94c        0x8 zephyr/drivers/gpio/libdrivers__gpio.a(gpio_nrfx.c.obj)
 .z_init_PRE_KERNEL_140_0_
                0x000000000000a954        0x8 modules/nrf/drivers/hw_cc3xx/lib..__nrf__drivers__hw_cc3xx.a(hw_cc3xx.c.obj)
                0x000000000000a95c                __init_PRE_KERNEL_2_start = .
 *(SORT_BY_NAME(SORT_BY_ALIGNMENT(.z_init_PRE_KERNEL_2?_*)))
 .z_init_PRE_KERNEL_20_0_
                0x000000000000a95c        0x8 zephyr/drivers/timer/libdrivers__timer.a(nrf_rtc_timer.c.obj)
 *(SORT_BY_NAME(SORT_BY_ALIGNMENT(.z_init_PRE_KERNEL_2??_*)))
                0x000000000000a964                __init_POST_KERNEL_start = .
 *(SORT_BY_NAME(SORT_BY_ALIGNMENT(.z_init_POST_KERNEL?_*)))
 .z_init_POST_KERNEL0_0_
                0x000000000000a964        0x8 zephyr/libzephyr.a(log_core.c.obj)
 *(SORT_BY_NAME(SORT_BY_ALIGNMENT(.z_init_POST_KERNEL??_*)))
 .z_init_POST_KERNEL35_0_
                0x000000000000a96c        0x8 zephyr/lib/libc/newlib/liblib__libc__newlib.a(libc-hooks.c.obj)
 .z_init_POST_KERNEL40_0_
                0x000000000000a974        0x8 modules/nrf/drivers/hw_cc3xx/lib..__nrf__drivers__hw_cc3xx.a(hw_cc3xx.c.obj)
 .z_init_POST_KERNEL90_00107_
                0x000000000000a97c        0x8 zephyr/drivers/sensor/nordic/temp/libdrivers__sensor__nordic__temp.a(temp_nrf5.c.obj)
                0x000000000000a984                __init_APPLICATION_start = .
 *(SORT_BY_NAME(SORT_BY_ALIGNMENT(.z_init_APPLICATION?_*)))
 *(SORT_BY_NAME(SORT_BY_ALIGNMENT(.z_init_APPLICATION??_*)))
                0x000000000000a984                __init_SMP_start = .
 *(SORT_BY_NAME(SORT_BY_ALIGNMENT(.z_init_SMP?_*)))
 *(SORT_BY_NAME(SORT_BY_ALIGNMENT(.z_init_SMP??_*)))
                0x000000000000a984                __init_end = .
                0x000000000000a984                __deferred_init_list_start = .
 *(SORT_BY_ALIGNMENT(.z_deferred_init*))
                0x000000000000a984                __deferred_init_list_end = .

device_area     0x000000000000a984       0x60
                0x000000000000a984                _device_list_start = .
 *(SORT_BY_NAME(SORT_BY_ALIGNMENT(._device.static.*_?_*)))
 *(SORT_BY_NAME(SORT_BY_ALIGNMENT(._device.static.*_??_*)))
 ._device.static.1_30_
                0x000000000000a984       0x18 zephyr/drivers/clock_control/libdrivers__clock_control.a(clock_control_nrf.c.obj)
                0x000000000000a984                __device_dts_ord_75
 ._device.static.1_40_
                0x000000000000a99c       0x30 zephyr/drivers/gpio/libdrivers__gpio.a(gpio_nrfx.c.obj)
                0x000000000000a99c                __device_dts_ord_105
                0x000000000000a9b4                __device_dts_ord_11
 ._device.static.3_90_
                0x000000000000a9cc       0x18 zephyr/drivers/sensor/nordic/temp/libdrivers__sensor__nordic__temp.a(temp_nrf5.c.obj)
                0x000000000000a9cc                __device_dts_ord_107
                0x000000000000a9e4                _device_list_end = .

sw_isr_table    0x000000000000a9e4      0x180